Command: d:\Espressif\python_env\idf5.5_py3.11_env\Scripts\python.exe D:\esp\v5.5.3\esp-idf\tools/idf_monitor.py -p COM3 -b 115200 --toolchain-prefix xtensa-esp32s3-elf- --target esp32s3 --revision 0 D:\testf\build\testf.elf D:\testf\build\bootloader\bootloader.elf --force-color -m 'd:\Espressif\python_env\idf5.5_py3.11_env\Scripts\python.exe' 'D:\esp\v5.5.3\esp-idf\tools\idf.py'
$,�k��revision:�ESP-ROM:esp32s3-20210327
Build:Mar 27 2021
rst:0x1 (POWERON),boot:0x29 (SPI_FAST_FLASH_BOOT)
SPIWP:0xee
mode:DIO, clock div:1
load:0x3fce2820,len:0x14f0
load:0x403c8700,len:0xd24
load:0x403cb700,len:0x2ef0
entry 0x403c8924
[0;32mI (24) boot: ESP-IDF HEAD-HASH-NOTFOUND 2nd stage bootloader[0m
[0;32mI (25) boot: compile time Mar 10 2026 10:24:35[0m
[0;32mI (25) boot: Multicore bootloader[0m
[0;32mI (26) boot: chip revision: v0.2[0m
[0;32mI (29) boot: efuse block revision: v1.3[0m
[0;32mI (32) boot.esp32s3: Boot SPI Speed : 80MHz[0m
[0;32mI (36) boot.esp32s3: SPI Mode       : DIO[0m
[0;32mI (40) boot.esp32s3: SPI Flash Size : 2MB[0m
[0;32mI (44) boot: Enabling RNG early entropy source...[0m
[0;32mI (48) boot: Partition Table:[0m
[0;32mI (51) boot: ## Label            Usage          Type ST Offset   Length[0m
[0;32mI (57) boot:  0 nvs              WiFi data        01 02 00009000 00006000[0m
[0;32mI (64) boot:  1 phy_init         RF data          01 01 0000f000 00001000[0m
[0;32mI (70) boot:  2 factory          factory app      00 00 00010000 00100000[0m
[0;32mI (77) boot: End of partition table[0m
[0;32mI (80) esp_image: segment 0: paddr=00010020 vaddr=3c020020 size=0bc34h ( 48180) map[0m
[0;32mI (96) esp_image: segment 1: paddr=0001bc5c vaddr=3fc94b00 size=03270h ( 12912) load[0m
[0;32mI (99) esp_image: segment 2: paddr=0001eed4 vaddr=40374000 size=01144h (  4420) load[0m
[0;32mI (103) esp_image: segment 3: paddr=00020020 vaddr=42000020 size=17844h ( 96324) map[0m
[0;32mI (127) esp_image: segment 4: paddr=0003786c vaddr=40375144 size=0f9ach ( 63916) load[0m
[0;32mI (141) esp_image: segment 5: paddr=00047220 vaddr=50000000 size=00020h (    32) load[0m
[0;32mI (148) boot: Loaded app from partition at offset 0x10000[0m
[0;32mI (148) boot: Disabling RNG early entropy source...[0m
[0;32mI (159) cpu_start: Multicore app[0m
[0;32mI (167) cpu_start: GPIO 44 and 43 are used as console UART I/O pins[0m
[0;32mI (168) cpu_start: Pro cpu start user code[0m
[0;32mI (168) cpu_start: cpu freq: 160000000 Hz[0m
[0;32mI (169) app_init: Application information:[0m
[0;32mI (173) app_init: Project name:     testf[0m
[0;32mI (177) app_init: App version:      1[0m
[0;32mI (180) app_init: Compile time:     Mar 10 2026 15:27:30[0m
[0;32mI (185) app_init: ELF file SHA256:  7eda4a836...[0m
[0;32mI (190) app_init: ESP-IDF:          HEAD-HASH-NOTFOUND[0m
[0;32mI (195) efuse_init: Min chip rev:     v0.0[0m
[0;32mI (198) efuse_init: Max chip rev:     v0.99 [0m
[0;32mI (202) efuse_init: Chip rev:         v0.2[0m
[0;32mI (206) heap_init: Initializing. RAM available for dynamic allocation:[0m
[0;32mI (213) heap_init: At 3FC98670 len 000510A0 (324 KiB): RAM[0m
[0;32mI (218) heap_init: At 3FCE9710 len 00005724 (21 KiB): RAM[0m
[0;32mI (223) heap_init: At 3FCF0000 len 00008000 (32 KiB): DRAM[0m
[0;32mI (228) heap_init: At 600FE000 len 00001FE8 (7 KiB): RTCRAM[0m
[0;32mI (234) spi_flash: detected chip: gd[0m
[0;32mI (237) spi_flash: flash io: dio[0m
[0;33mW (240) spi_flash: Detected size(8192k) larger than the size in the binary image header(2048k). Using the size in the binary image header.[0m
[0;32mI (252) sleep_gpio: Configure to isolate all GPIO pins in sleep state[0m
[0;32mI (258) sleep_gpio: Enable automatic switching of GPIO sleep configuration[0m
[0;32mI (265) main_task: Started on CPU0[0m
[0;32mI (285) main_task: Calling app_main()[0m
PROM: C0=0x0000 C1=0x0104 C2=0x0000 C3=0x8006 C4=0x2E30 C5=0x3000 C6=0x0200 
MS5611: P=719.63 Pa, T=23.40 C
MS5611: P=723.22 Pa, T=23.42 C
MS5611: P=724.49 Pa, T=23.42 C
MS5611: P=724.87 Pa, T=23.42 C
MS5611: P=724.84 Pa, T=23.42 C
MS5611: P=724.59 Pa, T=23.42 C
MS5611: P=724.20 Pa, T=23.42 C
MS5611: P=723.75 Pa, T=23.41 C
MS5611: P=723.27 Pa, T=23.41 C
MS5611: P=722.78 Pa, T=23.41 C
MS5611: P=722.30 Pa, T=23.40 C
MS5611: P=721.87 Pa, T=23.40 C
MS5611: P=721.42 Pa, T=23.40 C
MS5611: P=721.01 Pa, T=23.40 C
MS5611: P=720.65 Pa, T=23.39 C
MS5611: P=720.30 Pa, T=23.39 C
MS5611: P=719.95 Pa, T=23.39 C
MS5611: P=719.63 Pa, T=23.39 C
MS5611: P=719.32 Pa, T=23.38 C
MS5611: P=719.06 Pa, T=23.38 C
MS5611: P=718.77 Pa, T=23.38 C
MS5611: P=718.51 Pa, T=23.38 C
MS5611: P=718.27 Pa, T=23.38 C
MS5611: P=718.04 Pa, T=23.38 C
MS5611: P=717.83 Pa, T=23.37 C
MS5611: P=717.61 Pa, T=23.37 C
MS5611: P=717.41 Pa, T=23.37 C
MS5611: P=717.21 Pa, T=23.37 C
MS5611: P=717.02 Pa, T=23.37 C
MS5611: P=716.84 Pa, T=23.37 C
MS5611: P=716.65 Pa, T=23.37 C
MS5611: P=716.48 Pa, T=23.37 C
MS5611: P=716.33 Pa, T=23.37 C
MS5611: P=716.16 Pa, T=23.36 C
MS5611: P=716.02 Pa, T=23.36 C
MS5611: P=715.87 Pa, T=23.36 C
MS5611: P=715.72 Pa, T=23.36 C
MS5611: P=715.56 Pa, T=23.36 C
MS5611: P=715.43 Pa, T=23.36 C
MS5611: P=715.31 Pa, T=23.36 C
MS5611: P=715.16 Pa, T=23.36 C
MS5611: P=715.02 Pa, T=23.36 C
MS5611: P=714.93 Pa, T=23.36 C
MS5611: P=714.79 Pa, T=23.35 C
MS5611: P=714.68 Pa, T=23.35 C
MS5611: P=714.57 Pa, T=23.35 C
MS5611: P=714.45 Pa, T=23.35 C
MS5611: P=714.32 Pa, T=23.35 C
MS5611: P=714.23 Pa, T=23.35 C
MS5611: P=714.12 Pa, T=23.35 C
MS5611: P=714.03 Pa, T=23.35 C
MS5611: P=713.91 Pa, T=23.35 C
MS5611: P=713.81 Pa, T=23.35 C
MS5611: P=713.71 Pa, T=23.35 C
MS5611: P=713.62 Pa, T=23.35 C
MS5611: P=713.52 Pa, T=23.35 C
MS5611: P=713.42 Pa, T=23.35 C
MS5611: P=713.35 Pa, T=23.35 C
MS5611: P=713.26 Pa, T=23.34 C
MS5611: P=713.16 Pa, T=23.34 C
MS5611: P=713.07 Pa, T=23.34 C
MS5611: P=712.99 Pa, T=23.34 C
MS5611: P=712.92 Pa, T=23.34 C
MS5611: P=712.84 Pa, T=23.34 C
MS5611: P=712.74 Pa, T=23.34 C
MS5611: P=712.67 Pa, T=23.34 C
MS5611: P=712.59 Pa, T=23.34 C
MS5611: P=712.51 Pa, T=23.34 C
MS5611: P=712.43 Pa, T=23.34 C
MS5611: P=712.36 Pa, T=23.34 C
MS5611: P=712.29 Pa, T=23.34 C
MS5611: P=712.22 Pa, T=23.34 C
MS5611: P=712.14 Pa, T=23.34 C
MS5611: P=712.07 Pa, T=23.34 C
MS5611: P=712.01 Pa, T=23.34 C
MS5611: P=711.93 Pa, T=23.34 C
MS5611: P=711.86 Pa, T=23.34 C
MS5611: P=711.81 Pa, T=23.34 C
MS5611: P=711.74 Pa, T=23.33 C
MS5611: P=711.67 Pa, T=23.33 C
MS5611: P=711.62 Pa, T=23.33 C
MS5611: P=711.54 Pa, T=23.33 C
MS5611: P=711.48 Pa, T=23.33 C
MS5611: P=711.42 Pa, T=23.33 C
MS5611: P=711.36 Pa, T=23.33 C
MS5611: P=711.29 Pa, T=23.33 C
MS5611: P=711.24 Pa, T=23.33 C
MS5611: P=711.17 Pa, T=23.33 C
MS5611: P=711.13 Pa, T=23.33 C
MS5611: P=711.06 Pa, T=23.33 C
MS5611: P=711.00 Pa, T=23.33 C
MS5611: P=710.94 Pa, T=23.33 C
MS5611: P=710.90 Pa, T=23.33 C
MS5611: P=710.85 Pa, T=23.33 C
MS5611: P=710.79 Pa, T=23.33 C
MS5611: P=710.73 Pa, T=23.33 C
MS5611: P=710.68 Pa, T=23.33 C
MS5611: P=710.63 Pa, T=23.33 C
MS5611: P=710.58 Pa, T=23.33 C
MS5611: P=710.52 Pa, T=23.33 C
MS5611: P=710.48 Pa, T=23.33 C
MS5611: P=710.43 Pa, T=23.33 C
MS5611: P=710.38 Pa, T=23.33 C
MS5611: P=710.32 Pa, T=23.33 C
MS5611: P=710.27 Pa, T=23.33 C
MS5611: P=710.22 Pa, T=23.33 C
MS5611: P=710.18 Pa, T=23.32 C
MS5611: P=710.12 Pa, T=23.32 C
MS5611: P=710.08 Pa, T=23.32 C
MS5611: P=710.05 Pa, T=23.32 C
MS5611: P=709.99 Pa, T=23.32 C
MS5611: P=709.94 Pa, T=23.32 C
MS5611: P=709.91 Pa, T=23.32 C
MS5611: P=709.85 Pa, T=23.32 C
MS5611: P=709.81 Pa, T=23.32 C
MS5611: P=709.77 Pa, T=23.32 C
MS5611: P=709.73 Pa, T=23.32 C
MS5611: P=709.68 Pa, T=23.32 C
MS5611: P=709.64 Pa, T=23.32 C
MS5611: P=709.60 Pa, T=23.32 C
MS5611: P=709.57 Pa, T=23.32 C
MS5611: P=709.51 Pa, T=23.32 C
MS5611: P=709.46 Pa, T=23.32 C
MS5611: P=709.43 Pa, T=23.32 C
MS5611: P=709.39 Pa, T=23.32 C
MS5611: P=709.36 Pa, T=23.32 C
MS5611: P=709.31 Pa, T=23.32 C
MS5611: P=709.27 Pa, T=23.32 C
MS5611: P=709.24 Pa, T=23.32 C
MS5611: P=709.20 Pa, T=23.32 C
MS5611: P=709.16 Pa, T=23.32 C
MS5611: P=709.12 Pa, T=23.32 C
MS5611: P=709.08 Pa, T=23.32 C
MS5611: P=709.05 Pa, T=23.32 C
MS5611: P=709.01 Pa, T=23.32 C
MS5611: P=708.98 Pa, T=23.32 C
MS5611: P=708.93 Pa, T=23.32 C
MS5611: P=708.91 Pa, T=23.32 C
MS5611: P=708.86 Pa, T=23.32 C
MS5611: P=708.82 Pa, T=23.32 C
MS5611: P=708.79 Pa, T=23.32 C
MS5611: P=708.76 Pa, T=23.32 C
MS5611: P=708.73 Pa, T=23.32 C
MS5611: P=708.70 Pa, T=23.32 C
MS5611: P=708.67 Pa, T=23.31 C
MS5611: P=708.63 Pa, T=23.31 C
MS5611: P=708.59 Pa, T=23.31 C
MS5611: P=708.55 Pa, T=23.31 C
MS5611: P=708.53 Pa, T=23.31 C
MS5611: P=708.51 Pa, T=23.31 C
MS5611: P=708.46 Pa, T=23.31 C
MS5611: P=708.43 Pa, T=23.31 C
MS5611: P=708.40 Pa, T=23.31 C
MS5611: P=708.37 Pa, T=23.31 C
MS5611: P=708.34 Pa, T=23.31 C
MS5611: P=708.30 Pa, T=23.31 C
MS5611: P=708.29 Pa, T=23.31 C
