Command: d:\Espressif\python_env\idf5.5_py3.11_env\Scripts\python.exe D:\esp\v5.5.3\esp-idf\tools/idf_monitor.py -p COM3 -b 115200 --toolchain-prefix xtensa-esp32s3-elf- --target esp32s3 --revision 0 D:\testf\build\testf.elf D:\testf\build\bootloader\bootloader.elf --force-color -m 'd:\Espressif\python_env\idf5.5_py3.11_env\Scripts\python.exe' 'D:\esp\v5.5.3\esp-idf\tools\idf.py'
ו�block revisi�ESP-ROM:esp32s3-20210327
Build:Mar 27 2021
rst:0x1 (POWERON),boot:0x29 (SPI_FAST_FLASH_BOOT)
SPIWP:0xee
mode:DIO, clock div:1
load:0x3fce2820,len:0x14f0
load:0x403c8700,len:0xd24
load:0x403cb700,len:0x2ef0
entry 0x403c8924
[0;32mI (24) boot: ESP-IDF HEAD-HASH-NOTFOUND 2nd stage bootloader[0m
[0;32mI (25) boot: compile time Mar 10 2026 10:24:35[0m
[0;32mI (25) boot: Multicore bootloader[0m
[0;32mI (26) boot: chip revision: v0.2[0m
[0;32mI (29) boot: efuse block revision: v1.3[0m
[0;32mI (32) boot.esp32s3: Boot SPI Speed : 80MHz[0m
[0;32mI (36) boot.esp32s3: SPI Mode       : DIO[0m
[0;32mI (40) boot.esp32s3: SPI Flash Size : 2MB[0m
[0;32mI (44) boot: Enabling RNG early entropy source...[0m
[0;32mI (48) boot: Partition Table:[0m
[0;32mI (51) boot: ## Label            Usage          Type ST Offset   Length[0m
[0;32mI (57) boot:  0 nvs              WiFi data        01 02 00009000 00006000[0m
[0;32mI (64) boot:  1 phy_init         RF data          01 01 0000f000 00001000[0m
[0;32mI (70) boot:  2 factory          factory app      00 00 00010000 00100000[0m
[0;32mI (77) boot: End of partition table[0m
[0;32mI (80) esp_image: segment 0: paddr=00010020 vaddr=3c020020 size=0c144h ( 49476) map[0m
[0;32mI (96) esp_image: segment 1: paddr=0001c16c vaddr=3fc94c00 size=03280h ( 12928) load[0m
[0;32mI (99) esp_image: segment 2: paddr=0001f3f4 vaddr=40374000 size=00c24h (  3108) load[0m
[0;32mI (103) esp_image: segment 3: paddr=00020020 vaddr=42000020 size=19f04h (106244) map[0m
[0;32mI (129) esp_image: segment 4: paddr=00039f2c vaddr=40374c24 size=0ff58h ( 65368) load[0m
[0;32mI (143) esp_image: segment 5: paddr=00049e8c vaddr=50000000 size=00020h (    32) load[0m
[0;32mI (150) boot: Loaded app from partition at offset 0x10000[0m
[0;32mI (150) boot: Disabling RNG early entropy source...[0m
[0;32mI (161) cpu_start: Multicore app[0m
[0;32mI (169) cpu_start: GPIO 44 and 43 are used as console UART I/O pins[0m
[0;32mI (170) cpu_start: Pro cpu start user code[0m
[0;32mI (170) cpu_start: cpu freq: 160000000 Hz[0m
[0;32mI (171) app_init: Application information:[0m
[0;32mI (175) app_init: Project name:     testf[0m
[0;32mI (179) app_init: App version:      1[0m
[0;32mI (182) app_init: Compile time:     Mar 10 2026 10:24:14[0m
[0;32mI (187) app_init: ELF file SHA256:  af82c08d9...[0m
[0;32mI (192) app_init: ESP-IDF:          HEAD-HASH-NOTFOUND[0m
[0;32mI (197) efuse_init: Min chip rev:     v0.0[0m
[0;32mI (200) efuse_init: Max chip rev:     v0.99 [0m
[0;32mI (204) efuse_init: Chip rev:         v0.2[0m
[0;32mI (208) heap_init: Initializing. RAM available for dynamic allocation:[0m
[0;32mI (215) heap_init: At 3FC99400 len 00050310 (320 KiB): RAM[0m
[0;32mI (220) heap_init: At 3FCE9710 len 00005724 (21 KiB): RAM[0m
[0;32mI (225) heap_init: At 3FCF0000 len 00008000 (32 KiB): DRAM[0m
[0;32mI (230) heap_init: At 600FE000 len 00001FE8 (7 KiB): RTCRAM[0m
[0;32mI (236) spi_flash: detected chip: gd[0m
[0;32mI (239) spi_flash: flash io: dio[0m
[0;33mW (242) spi_flash: Detected size(8192k) larger than the size in the binary image header(2048k). Using the size in the binary image header.[0m
[0;32mI (254) sleep_gpio: Configure to isolate all GPIO pins in sleep state[0m
[0;32mI (260) sleep_gpio: Enable automatic switching of GPIO sleep configuration[0m
[0;32mI (267) main_task: Started on CPU0[0m
[0;32mI (287) main_task: Calling app_main()[0m
[1;31mE (347) bno08x_hal: bad SHTP len=32767[0m
[1;31mE (347) bno08x_hal: bad SHTP len=32767[0m
[1;31mE (347) bno08x_hal: bad SHTP len=32767[0m
[1;31mE (347) bno08x_hal: bad SHTP len=32767[0m
[1;31mE (347) bno08x_hal: bad SHTP len=32767[0m
[1;31mE (347) bno08x_hal: bad SHTP len=32767[0m
[1;31mE (357) bno08x_hal: bad SHTP len=32767[0m
[1;31mE (357) bno08x_hal: bad SHTP len=32767[0m
[1;31mE (357) bno08x_hal: bad SHTP len=32767[0m
[1;31mE (367) bno08x_hal: bad SHTP len=32767[0m
[1;31mE (367) bno08x_hal: bad SHTP len=32767[0m
[1;31mE (367) bno08x_hal: bad SHTP len=32767[0m
[1;31mE (377) bno08x_hal: bad SHTP len=32767[0m
[1;31mE (377) bno08x_hal: bad SHTP len=32767[0m
[1;31mE (377) bno08x_hal: bad SHTP len=32767[0m
[1;31mE (387) bno08x_hal: bad SHTP len=0[0m
[1;31mE (387) spi_master: check_trans_valid(1119): txdata transfer > host maximum[0m
[1;31mE (397) bno08x_hal: bno_read_shtp_packet(134): read payload failed[0m
[1;31mE (397) bno08x_hal: bad SHTP len=0[0m
[1;31mE (407) bno08x_hal: bad SHTP len=0[0m
[1;31mE (407) bno08x_hal: bad SHTP len=0[0m
[1;31mE (407) spi_master: check_trans_valid(1119): txdata transfer > host maximum[0m
[1;31mE (417) bno08x_hal: bno_read_shtp_packet(134): read payload failed[0m
[1;31mE (417) bno08x_hal: bad SHTP len=0[0m
[1;31mE (427) bno08x_hal: bad SHTP len=0[0m
[1;31mE (427) bno08x_hal: bad SHTP len=0[0m
[1;31mE (427) spi_master: check_trans_valid(1119): txdata transfer > host maximum[0m
[1;31mE (437) bno08x_hal: bno_read_shtp_packet(134): read payload failed[0m
[1;31mE (447) bno08x_hal: bad SHTP len=0[0m
[1;31mE (447) bno08x_hal: bad SHTP len=0[0m
[1;31mE (447) bno08x_hal: bad SHTP len=0[0m
[1;31mE (457) bno08x_hal: bad SHTP len=0[0m
[1;31mE (457) bno08x_hal: bad SHTP len=0[0m
[1;31mE (457) spi_master: check_trans_valid(1119): txdata transfer > host maximum[0m
[1;31mE (467) bno08x_hal: bno_read_shtp_packet(134): read payload failed[0m
[1;31mE (467) spi_master: check_trans_valid(1119): txdata transfer > host maximum[0m
[1;31mE (477) bno08x_hal: bno_read_shtp_packet(134): read payload failed[0m
[1;31mE (487) bno08x_hal: bad SHTP len=0[0m
[1;31mE (487) bno08x_hal: bad SHTP len=0[0m
[1;31mE (487) bno08x_hal: bad SHTP len=0[0m
[1;31mE (497) bno08x_hal: bad SHTP len=0[0m
[1;31mE (497) bno08x_hal: bad SHTP len=0[0m
[1;31mE (497) bno08x_hal: bad SHTP len=0[0m
[1;31mE (507) bno08x_hal: bad SHTP len=512[0m
[1;31mE (507) bno08x_hal: bad SHTP len=0[0m
[1;31mE (507) bno08x_hal: bad SHTP len=0[0m
[1;31mE (517) bno08x_hal: bad SHTP len=0[0m
[1;31mE (517) bno08x_hal: bad SHTP len=0[0m
[1;31mE (517) spi_master: check_trans_valid(1119): txdata transfer > host maximum[0m
[1;31mE (527) bno08x_hal: bno_read_shtp_packet(134): read payload failed[0m
[1;31mE (527) bno08x_hal: bad SHTP len=0[0m
[1;31mE (537) bno08x_hal: bad SHTP len=0[0m
[1;31mE (537) spi_master: check_trans_valid(1119): txdata transfer > host maximum[0m
[1;31mE (547) bno08x_hal: bno_read_shtp_packet(134): read payload failed[0m
[1;31mE (547) bno08x_hal: bad SHTP len=0[0m
[1;31mE (557) bno08x_hal: bad SHTP len=0[0m
[1;31mE (557) bno08x_hal: bad SHTP len=0[0m
[1;31mE (557) bno08x_hal: bad SHTP len=16384[0m
[1;31mE (567) bno08x_hal: bad SHTP len=0[0m
[1;31mE (567) bno08x_hal: bad SHTP len=2[0m
[1;31mE (567) bno08x_hal: bad SHTP len=2[0m
[1;31mE (577) bno08x_hal: bad SHTP len=2[0m
[1;31mE (577) bno08x_hal: bad SHTP len=2[0m
[1;31mE (577) bno08x_hal: bad SHTP len=2[0m
[1;31mE (5587) task_wdt: Task watchdog got triggered. The following tasks/users did not reset the watchdog in time:[0m
[1;31mE (5587) task_wdt:  - IDLE0 (CPU 0)[0m
[1;31mE (5587) task_wdt: Tasks currently running:[0m
[1;31mE (5587) task_wdt: CPU 0: main[0m
[1;31mE (5587) task_wdt: CPU 1: IDLE1[0m
[1;31mE (5587) task_wdt: Print CPU 0 (current core) backtrace[0m


Backtrace: 0x4200DD9A:0x3FC95DD0 0x4200E1B0:0x3FC95DF0 0x40376F0D:0x3FC95E20 0x40380AD8:0x3FC9BB70 0x40376A22:0x3FC9BB90 0x42009C1E:0x3FC9BBB0 0x4200A4B5:0x3FC9BBD0 0x4200A753:0x3FC9BBF0 0x42009B4F:0x3FC9BC10 0x420190F0:0x3FC9BCE0 0x4037B6D9:0x3FC9BD10

