Command: d:\Espressif\python_env\idf5.5_py3.11_env\Scripts\python.exe D:\esp\v5.5.3\esp-idf\tools/idf_monitor.py -p COM3 -b 115200 --toolchain-prefix xtensa-esp32s3-elf- --target esp32s3 --revision 0 D:\testf\build\testf.elf D:\testf\build\bootloader\bootloader.elf --force-color -m 'd:\Espressif\python_env\idf5.5_py3.11_env\Scripts\python.exe' 'D:\esp\v5.5.3\esp-idf\tools\idf.py'
������revision�ESP-ROM:esp32s3-20210327
Build:Mar 27 2021
rst:0x1 (POWERON),boot:0x9 (SPI_FAST_FLASH_BOOT)
SPIWP:0xee
mode:DIO, clock div:1
load:0x3fce2820,len:0x14f0
load:0x403c8700,len:0xd24
load:0x403cb700,len:0x2ef0
entry 0x403c8924
[0;32mI (24) boot: ESP-IDF HEAD-HASH-NOTFOUND 2nd stage bootloader[0m
[0;32mI (25) boot: compile time Mar 10 2026 10:24:35[0m
[0;32mI (25) boot: Multicore bootloader[0m
[0;32mI (26) boot: chip revision: v0.2[0m
[0;32mI (29) boot: efuse block revision: v1.3[0m
[0;32mI (32) boot.esp32s3: Boot SPI Speed : 80MHz[0m
[0;32mI (36) boot.esp32s3: SPI Mode       : DIO[0m
[0;32mI (40) boot.esp32s3: SPI Flash Size : 2MB[0m
[0;32mI (44) boot: Enabling RNG early entropy source...[0m
[0;32mI (48) boot: Partition Table:[0m
[0;32mI (51) boot: ## Label            Usage          Type ST Offset   Length[0m
[0;32mI (57) boot:  0 nvs              WiFi data        01 02 00009000 00006000[0m
[0;32mI (64) boot:  1 phy_init         RF data          01 01 0000f000 00001000[0m
[0;32mI (70) boot:  2 factory          factory app      00 00 00010000 00100000[0m
[0;32mI (77) boot: End of partition table[0m
[0;32mI (80) esp_image: segment 0: paddr=00010020 vaddr=3c020020 size=0c0b4h ( 49332) map[0m
[0;32mI (96) esp_image: segment 1: paddr=0001c0dc vaddr=3fc94c00 size=03280h ( 12928) load[0m
[0;32mI (99) esp_image: segment 2: paddr=0001f364 vaddr=40374000 size=00cb4h (  3252) load[0m
[0;32mI (103) esp_image: segment 3: paddr=00020020 vaddr=42000020 size=19e50h (106064) map[0m
[0;32mI (128) esp_image: segment 4: paddr=00039e78 vaddr=40374cb4 size=0fec8h ( 65224) load[0m
[0;32mI (143) esp_image: segment 5: paddr=00049d48 vaddr=50000000 size=00020h (    32) load[0m
[0;32mI (150) boot: Loaded app from partition at offset 0x10000[0m
[0;32mI (150) boot: Disabling RNG early entropy source...[0m
[0;32mI (161) cpu_start: Multicore app[0m
[0;32mI (169) cpu_start: GPIO 44 and 43 are used as console UART I/O pins[0m
[0;32mI (170) cpu_start: Pro cpu start user code[0m
[0;32mI (170) cpu_start: cpu freq: 160000000 Hz[0m
[0;32mI (171) app_init: Application information:[0m
[0;32mI (175) app_init: Project name:     testf[0m
[0;32mI (179) app_init: App version:      1[0m
[0;32mI (182) app_init: Compile time:     Mar 10 2026 10:24:14[0m
[0;32mI (187) app_init: ELF file SHA256:  5b63c29df...[0m
[0;32mI (192) app_init: ESP-IDF:          HEAD-HASH-NOTFOUND[0m
[0;32mI (196) efuse_init: Min chip rev:     v0.0[0m
[0;32mI (200) efuse_init: Max chip rev:     v0.99 [0m
[0;32mI (204) efuse_init: Chip rev:         v0.2[0m
[0;32mI (208) heap_init: Initializing. RAM available for dynamic allocation:[0m
[0;32mI (215) heap_init: At 3FC99400 len 00050310 (320 KiB): RAM[0m
[0;32mI (220) heap_init: At 3FCE9710 len 00005724 (21 KiB): RAM[0m
[0;32mI (225) heap_init: At 3FCF0000 len 00008000 (32 KiB): DRAM[0m
[0;32mI (230) heap_init: At 600FE000 len 00001FE8 (7 KiB): RTCRAM[0m
[0;32mI (236) spi_flash: detected chip: gd[0m
[0;32mI (239) spi_flash: flash io: dio[0m
[0;33mW (241) spi_flash: Detected size(8192k) larger than the size in the binary image header(2048k). Using the size in the binary image header.[0m
[0;32mI (254) sleep_gpio: Configure to isolate all GPIO pins in sleep state[0m
[0;32mI (260) sleep_gpio: Enable automatic switching of GPIO sleep configuration[0m
[0;32mI (267) main_task: Started on CPU0[0m
[0;32mI (287) main_task: Calling app_main()[0m
Guru Meditation Error: Core  0 panic'ed (LoadProhibited). Exception was unhandled.

Core  0 register dump:
PC      : 0x403781ff  PS      : 0x00060e30  A0      : 0x82010531  A1      : 0x3fc9ba80  
A2      : 0x42009da8  A3      : 0x3fc9bb20  A4      : 0x8037ba3d  A5      : 0x3fc9c300  
A6      : 0x00060023  A7      : 0x00000003  A8      : 0x00060023  A9      : 0x3fc9be88  
A10     : 0x3fc98218  A11     : 0x09cd090c  A12     : 0x8037cbf6  A13     : 0x3fc95da0  
A14     : 0x3fc94d08  A15     : 0x00000000  SAR     : 0x00000018  EXCCAUSE: 0x0000001c  
EXCVADDR: 0x09cd09a8  LBEG    : 0x400570e8  LEND    : 0x400570f3  LCOUNT  : 0x00000000  


Backtrace: 0x403781fc:0x3fc9ba80 0x4201052e:0x3fc9bab0 0x42010665:0x3fc9baf0 0x42009cb3:0x3fc9bb20 0x42009d26:0x3fc9bb70 0x4200b574:0x3fc9bba0 0x4200a62a:0x3fc9bbd0 0x42009fdd:0x3fc9bbf0 0x42009b03:0x3fc9bc10 0x4201903c:0x3fc9bce0 0x4037b6d9:0x3fc9bd10




ELF file SHA256: 5b63c29df

Rebooting...
ESP-ROM:esp32s3-20210327
Build:Mar 27 2021
rst:0xc (RTC_SW_CPU_RST),boot:0x9 (SPI_FAST_FLASH_BOOT)
Saved PC:0x4037abac
SPIWP:0xee
mode:DIO, clock div:1
load:0x3fce2820,len:0x14f0
load:0x403c8700,len:0xd24
load:0x403cb700,len:0x2ef0
entry 0x403c8924
[0;32mI (29) boot: ESP-IDF HEAD-HASH-NOTFOUND 2nd stage bootloader[0m
[0;32mI (29) boot: compile time Mar 10 2026 10:24:35[0m
[0;32mI (29) boot: Multicore bootloader[0m
[0;32mI (30) boot: chip revision: v0.2[0m
[0;32mI (33) boot: efuse block revision: v1.3[0m
[0;32mI (37) boot.esp32s3: Boot SPI Speed : 80MHz[0m
[0;32mI (41) boot.esp32s3: SPI Mode       : DIO[0m
[0;32mI (44) boot.esp32s3: SPI Flash Size : 2MB[0m
[0;32mI (48) boot: Enabling RNG early entropy source...[0m
[0;32mI (53) boot: Partition Table:[0m
[0;32mI (55) boot: ## Label            Usage          Type ST Offset   Length[0m
[0;32mI (62) boot:  0 nvs              WiFi data        01 02 00009000 00006000[0m
[0;32mI (68) boot:  1 phy_init         RF data          01 01 0000f000 00001000[0m
[0;32mI (75) boot:  2 factory          factory app      00 00 00010000 00100000[0m
[0;32mI (81) boot: End of partition table[0m
[0;32mI (84) esp_image: segment 0: paddr=00010020 vaddr=3c020020 size=0c0b4h ( 49332) map[0m
[0;32mI (100) esp_image: segment 1: paddr=0001c0dc vaddr=3fc94c00 size=03280h ( 12928) load[0m
[0;32mI (103) esp_image: segment 2: paddr=0001f364 vaddr=40374000 size=00cb4h (  3252) load[0m
[0;32mI (108) esp_image: segment 3: paddr=00020020 vaddr=42000020 size=19e50h (106064) map[0m
[0;32mI (133) esp_image: segment 4: paddr=00039e78 vaddr=40374cb4 size=0fec8h ( 65224) load[0m
[0;32mI (147) esp_image: segment 5: paddr=00049d48 vaddr=50000000 size=00020h (    32) load[0m
[0;32mI (154) boot: Loaded app from partition at offset 0x10000[0m
[0;32mI (154) boot: Disabling RNG early entropy source...[0m
[0;32mI (165) cpu_start: Multicore app[0m
[0;32mI (174) cpu_start: GPIO 44 and 43 are used as console UART I/O pins[0m
[0;32mI (174) cpu_start: Pro cpu start user code[0m
[0;32mI (174) cpu_start: cpu freq: 160000000 Hz[0m
[0;32mI (176) app_init: Application information:[0m
[0;32mI (180) app_init: Project name:     testf[0m
[0;32mI (183) app_init: App version:      1[0m
[0;32mI (187) app_init: Compile time:     Mar 10 2026 10:24:14[0m
[0;32mI (192) app_init: ELF file SHA256:  5b63c29df...[0m
[0;32mI (196) app_init: ESP-IDF:          HEAD-HASH-NOTFOUND[0m
[0;32mI (201) efuse_init: Min chip rev:     v0.0[0m
[0;32mI (205) efuse_init: Max chip rev:     v0.99 [0m
[0;32mI (209) efuse_init: Chip rev:         v0.2[0m
[0;32mI (213) heap_init: Initializing. RAM available for dynamic allocation:[0m
[0;32mI (219) heap_init: At 3FC99400 len 00050310 (320 KiB): RAM[0m
[0;32mI (224) heap_init: At 3FCE9710 len 00005724 (21 KiB): RAM[0m
[0;32mI (229) heap_init: At 3FCF0000 len 00008000 (32 KiB): DRAM[0m
[0;32mI (234) heap_init: At 600FE000 len 00001FE8 (7 KiB): RTCRAM[0m
[0;32mI (241) spi_flash: detected chip: gd[0m
[0;32mI (243) spi_flash: flash io: dio[0m
[0;33mW (246) spi_flash: Detected size(8192k) larger than the size in the binary image header(2048k). Using the size in the binary image header.[0m
[0;32mI (258) sleep_gpio: Configure to isolate all GPIO pins in sleep state[0m
[0;32mI (265) sleep_gpio: Enable automatic switching of GPIO sleep configuration[0m
[0;32mI (272) main_task: Started on CPU0[0m
[0;32mI (292) main_task: Calling app_main()[0m
Guru Meditation Error: Core  0 panic'ed (LoadProhibited). Exception was unhandled.

Core  0 register dump:
PC      : 0x403781ff  PS      : 0x00060e30  A0      : 0x82010531  A1      : 0x3fc9ba80  
A2      : 0x42009da8  A3      : 0x3fc9bb20  A4      : 0x8037ba3d  A5      : 0x3fc9c300  
A6      : 0x00060023  A7      : 0x00000003  A8      : 0x00060023  A9      : 0x3fc9be88  
A10     : 0x3fc98218  A11     : 0x09cd090c  A12     : 0x8037cbf6  A13     : 0x3fc95da0  
A14     : 0x3fc94d08  A15     : 0x00000000  SAR     : 0x00000018  EXCCAUSE: 0x0000001c  
EXCVADDR: 0x09cd09a8  LBEG    : 0x400570e8  LEND    : 0x400570f3  LCOUNT  : 0x00000000  


Backtrace: 0x403781fc:0x3fc9ba80 0x4201052e:0x3fc9bab0 0x42010665:0x3fc9baf0 0x42009cb3:0x3fc9bb20 0x42009d26:0x3fc9bb70 0x4200b574:0x3fc9bba0 0x4200a62a:0x3fc9bbd0 0x42009fdd:0x3fc9bbf0 0x42009b03:0x3fc9bc10 0x4201903c:0x3fc9bce0 0x4037b6d9:0x3fc9bd10




ELF file SHA256: 5b63c29df

Rebooting...
ESP-ROM:esp32s3-20210327
Build:Mar 27 2021
rst:0xc (RTC_SW_CPU_RST),boot:0x9 (SPI_FAST_FLASH_BOOT)
Saved PC:0x4037abac
SPIWP:0xee
mode:DIO, clock div:1
load:0x3fce2820,len:0x14f0
load:0x403c8700,len:0xd24
load:0x403cb700,len:0x2ef0
entry 0x403c8924
[0;32mI (29) boot: ESP-IDF HEAD-HASH-NOTFOUND 2nd stage bootloader[0m
[0;32mI (29) boot: compile time Mar 10 2026 10:24:35[0m
[0;32mI (29) boot: Multicore bootloader[0m
[0;32mI (30) boot: chip revision: v0.2[0m
[0;32mI (33) boot: efuse block revision: v1.3[0m
[0;32mI (37) boot.esp32s3: Boot SPI Speed : 80MHz[0m
[0;32mI (41) boot.esp32s3: SPI Mode       : DIO[0m
[0;32mI (44) boot.esp32s3: SPI Flash Size : 2MB[0m
[0;32mI (48) boot: Enabling RNG early entropy source...[0m
[0;32mI (53) boot: Partition Table:[0m
[0;32mI (55) boot: ## Label            Usage          Type ST Offset   Length[0m
[0;32mI (62) boot:  0 nvs              WiFi data        01 02 00009000 00006000[0m
[0;32mI (68) boot:  1 phy_init         RF data          01 01 0000f000 00001000[0m
[0;32mI (75) boot:  2 factory          factory app      00 00 00010000 00100000[0m
[0;32mI (81) boot: End of partition table[0m
[0;32mI (84) esp_image: segment 0: paddr=00010020 vaddr=3c020020 size=0c0b4h ( 49332) map[0m
[0;32mI (100) esp_image: segment 1: paddr=0001c0dc vaddr=3fc94c00 size=03280h ( 12928) load[0m
[0;32mI (103) esp_image: segment 2: paddr=0001f364 vaddr=40374000 size=00cb4h (  3252) load[0m
[0;32mI (108) esp_image: segment 3: paddr=00020020 vaddr=42000020 size=19e50h (106064) map[0m
[0;32mI (133) esp_image: segment 4: paddr=00039e78 vaddr=40374cb4 size=0fec8h ( 65224) load[0m
[0;32mI (147) esp_image: segment 5: paddr=00049d48 vaddr=50000000 size=00020h (    32) load[0m
[0;32mI (154) boot: Loaded app from partition at offset 0x10000[0m
[0;32mI (154) boot: Disabling RNG early entropy source...[0m
[0;32mI (165) cpu_start: Multicore app[0m
[0;32mI (174) cpu_start: GPIO 44 and 43 are used as console UART I/O pins[0m
[0;32mI (174) cpu_start: Pro cpu start user code[0m
[0;32mI (174) cpu_start: cpu freq: 160000000 Hz[0m
[0;32mI (176) app_init: Application information:[0m
[0;32mI (180) app_init: Project name:     testf[0m
[0;32mI (183) app_init: App version:      1[0m
[0;32mI (187) app_init: Compile time:     Mar 10 2026 10:24:14[0m
[0;32mI (192) app_init: ELF file SHA256:  5b63c29df...[0m
[0;32mI (196) app_init: ESP-IDF:          HEAD-HASH-NOTFOUND[0m
[0;32mI (201) efuse_init: Min chip rev:     v0.0[0m
[0;32mI (205) efuse_init: Max chip rev:     v0.99 [0m
[0;32mI (209) efuse_init: Chip rev:         v0.2[0m
[0;32mI (213) heap_init: Initializing. RAM available for dynamic allocation:[0m
[0;32mI (219) heap_init: At 3FC99400 len 00050310 (320 KiB): RAM[0m
[0;32mI (224) heap_init: At 3FCE9710 len 00005724 (21 KiB): RAM[0m
[0;32mI (229) heap_init: At 3FCF0000 len 00008000 (32 KiB): DRAM[0m
[0;32mI (234) heap_init: At 600FE000 len 00001FE8 (7 KiB): RTCRAM[0m
[0;32mI (241) spi_flash: detected chip: gd[0m
[0;32mI (243) spi_flash: flash io: dio[0m
[0;33mW (246) spi_flash: Detected size(8192k) larger than the size in the binary image header(2048k). Using the size in the binary image header.[0m
[0;32mI (258) sleep_gpio: Configure to isolate all GPIO pins in sleep state[0m
[0;32mI (265) sleep_gpio: Enable automatic switching of GPIO sleep configuration[0m
[0;32mI (272) main_task: Started on CPU0[0m
[0;32mI (292) main_task: Calling app_main()[0m
Guru Meditation Error: Core  0 panic'ed (LoadProhibited). Exception was unhandled.

Core  0 register dump:
PC      : 0x403781ff  PS      : 0x00060e30  A0      : 0x82010531  A1      : 0x3fc9ba80  
A2      : 0x42009da8  A3      : 0x3fc9bb20  A4      : 0x8037ba3d  A5      : 0x3fc9c300  
A6      : 0x00060023  A7      : 0x00000003  A8      : 0x00060023  A9      : 0x3fc9be88  
A10     : 0x3fc98218  A11     : 0x09cd090c  A12     : 0x8037cbf6  A13     : 0x3fc95da0  
A14     : 0x3fc94d08  A15     : 0x00000000  SAR     : 0x00000018  EXCCAUSE: 0x0000001c  
EXCVADDR: 0x09cd09a8  LBEG    : 0x400570e8  LEND    : 0x400570f3  LCOUNT  : 0x00000000  


Backtrace: 0x403781fc:0x3fc9ba80 0x4201052e:0x3fc9bab0 0x42010665:0x3fc9baf0 0x42009cb3:0x3fc9bb20 0x42009d26:0x3fc9bb70 0x4200b574:0x3fc9bba0 0x4200a62a:0x3fc9bbd0 0x42009fdd:0x3fc9bbf0 0x42009b03:0x3fc9bc10 0x4201903c:0x3fc9bce0 0x4037b6d9:0x3fc9bd10




ELF file SHA256: 5b63c29df

Rebooting...
ESP-ROM:esp32s3-20210327
Build:Mar 27 2021
rst:0xc (RTC_SW_CPU_RST),boot:0x9 (SPI_FAST_FLASH_BOOT)
Saved PC:0x4037abac
SPIWP:0xee
mode:DIO, clock div:1
load:0x3fce2820,len:0x14f0
load:0x403c8700,len:0xd24
load:0x403cb700,len:0x2ef0
entry 0x403c8924
[0;32mI (29) boot: ESP-IDF HEAD-HASH-NOTFOUND 2nd stage bootloader[0m
[0;32mI (29) boot: compile time Mar 10 2026 10:24:35[0m
[0;32mI (29) boot: Multicore bootloader[0m
[0;32mI (30) boot: chip revision: v0.2[0m
[0;32mI (33) boot: efuse block revision: v1.3[0m
[0;32mI (37) boot.esp32s3: Boot SPI Speed : 80MHz[0m
[0;32mI (41) boot.esp32s3: SPI Mode       : DIO[0m
[0;32mI (44) boot.esp32s3: SPI Flash Size : 2MB[0m
[0;32mI (48) boot: Enabling RNG early entropy source...[0m
[0;32mI (53) boot: Partition Table:[0m
[0;32mI (55) boot: ## Label            Usage          Type ST Offset   Length[0m
[0;32mI (62) boot:  0 nvs              WiFi data        01 02 00009000 00006000[0m
[0;32mI (68) boot:  1 phy_init         RF data          01 01 0000f000 00001000[0m
[0;32mI (75) boot:  2 factory          factory app      00 00 00010000 00100000[0m
[0;32mI (81) boot: End of partition table[0m
[0;32mI (84) esp_image: segment 0: paddr=00010020 vaddr=3c020020 size=0c0b4h ( 49332) map[0m
[0;32mI (100) esp_image: segment 1: paddr=0001c0dc vaddr=3fc94c00 size=03280h ( 12928) load[0m
[0;32mI (103) esp_image: segment 2: paddr=0001f364 vaddr=40374000 size=00cb4h (  3252) load[0m
[0;32mI (108) esp_image: segment 3: paddr=00020020 vaddr=42000020 size=19e50h (106064) map[0m
[0;32mI (133) esp_image: segment 4: paddr=00039e78 vaddr=40374cb4 size=0fec8h ( 65224) load[0m
[0;32mI (147) esp_image: segment 5: paddr=00049d48 vaddr=50000000 size=00020h (    32) load[0m
[0;32mI (154) boot: Loaded app from partition at offset 0x10000[0m
[0;32mI (154) boot: Disabling RNG early entropy source...[0m
[0;32mI (165) cpu_start: Multicore app[0m
[0;32mI (174) cpu_start: GPIO 44 and 43 are used as console UART I/O pins[0m
[0;32mI (174) cpu_start: Pro cpu start user code[0m
[0;32mI (174) cpu_start: cpu freq: 160000000 Hz[0m
[0;32mI (176) app_init: Application information:[0m
[0;32mI (180) app_init: Project name:     testf[0m
[0;32mI (183) app_init: App version:      1[0m
[0;32mI (187) app_init: Compile time:     Mar 10 2026 10:24:14[0m
[0;32mI (192) app_init: ELF file SHA256:  5b63c29df...[0m
[0;32mI (196) app_init: ESP-IDF:          HEAD-HASH-NOTFOUND[0m
[0;32mI (201) efuse_init: Min chip rev:     v0.0[0m
[0;32mI (205) efuse_init: Max chip rev:     v0.99 [0m
[0;32mI (209) efuse_init: Chip rev:         v0.2[0m
[0;32mI (213) heap_init: Initializing. RAM available for dynamic allocation:[0m
[0;32mI (219) heap_init: At 3FC99400 len 00050310 (320 KiB): RAM[0m
[0;32mI (224) heap_init: At 3FCE9710 len 00005724 (21 KiB): RAM[0m
[0;32mI (229) heap_init: At 3FCF0000 len 00008000 (32 KiB): DRAM[0m
[0;32mI (234) heap_init: At 600FE000 len 00001FE8 (7 KiB): RTCRAM[0m
[0;32mI (241) spi_flash: detected chip: gd[0m
[0;32mI (243) spi_flash: flash io: dio[0m
[0;33mW (246) spi_flash: Detected size(8192k) larger than the size in the binary image header(2048k). Using the size in the binary image header.[0m
[0;32mI (258) sleep_gpio: Configure to isolate all GPIO pins in sleep state[0m
[0;32mI (265) sleep_gpio: Enable automatic switching of GPIO sleep configuration[0m
[0;32mI (272) main_task: Started on CPU0[0m
[0;32mI (292) main_task: Calling app_main()[0m
Guru Meditation Error: Core  0 panic'ed (LoadProhibited). Exception was unhandled.

Core  0 register dump:
PC      : 0x403781ff  PS      : 0x00060e30  A0      : 0x82010531  A1      : 0x3fc9ba80  
A2      : 0x42009da8  A3      : 0x3fc9bb20  A4      : 0x8037ba3d  A5      : 0x3fc9c300  
A6      : 0x00060023  A7      : 0x00000003  A8      : 0x00060023  A9      : 0x3fc9be88  
A10     : 0x3fc98218  A11     : 0x09cd090c  A12     : 0x8037cbf6  A13     : 0x3fc95da0  
A14     : 0x3fc94d08  A15     : 0x00000000  SAR     : 0x00000018  EXCCAUSE: 0x0000001c  
EXCVADDR: 0x09cd09a8  LBEG    : 0x400570e8  LEND    : 0x400570f3  LCOUNT  : 0x00000000  


Backtrace: 0x403781fc:0x3fc9ba80 0x4201052e:0x3fc9bab0 0x42010665:0x3fc9baf0 0x42009cb3:0x3fc9bb20 0x42009d26:0x3fc9bb70 0x4200b574:0x3fc9bba0 0x4200a62a:0x3fc9bbd0 0x42009fdd:0x3fc9bbf0 0x42009b03:0x3fc9bc10 0x4201903c:0x3fc9bce0 0x4037b6d9:0x3fc9bd10




ELF file SHA256: 5b63c29df

Rebooting...
ESP-ROM:esp32s3-20210327
Build:Mar 27 2021
rst:0xc (RTC_SW_CPU_RST),boot:0x9 (SPI_FAST_FLASH_BOOT)
Saved PC:0x4037abac
SPIWP:0xee
mode:DIO, clock div:1
load:0x3fce2820,len:0x14f0
load:0x403c8700,len:0xd24
load:0x403cb700,len:0x2ef0
entry 0x403c8924
[0;32mI (29) boot: ESP-IDF HEAD-HASH-NOTFOUND 2nd stage bootloader[0m
[0;32mI (29) boot: compile time Mar 10 2026 10:24:35[0m
[0;32mI (29) boot: Multicore bootloader[0m
[0;32mI (30) boot: chip revision: v0.2[0m
[0;32mI (33) boot: efuse block revision: v1.3[0m
[0;32mI (37) boot.esp32s3: Boot SPI Speed : 80MHz[0m
[0;32mI (41) boot.esp32s3: SPI Mode       : DIO[0m
[0;32mI (44) boot.esp32s3: SPI Flash Size : 2MB[0m
[0;32mI (48) boot: Enabling RNG early entropy source...[0m
[0;32mI (53) boot: Partition Table:[0m
[0;32mI (55) boot: ## Label            Usage          Type ST Offset   Length[0m
[0;32mI (62) boot:  0 nvs              WiFi data        01 02 00009000 00006000[0m
[0;32mI (68) boot:  1 phy_init         RF data          01 01 0000f000 00001000[0m
[0;32mI (75) boot:  2 factory          factory app      00 00 00010000 00100000[0m
[0;32mI (81) boot: End of partition table[0m
[0;32mI (84) esp_image: segment 0: paddr=00010020 vaddr=3c020020 size=0c0b4h ( 49332) map[0m
[0;32mI (100) esp_image: segment 1: paddr=0001c0dc vaddr=3fc94c00 size=03280h ( 12928) load[0m
[0;32mI (103) esp_image: segment 2: paddr=0001f364 vaddr=40374000 size=00cb4h (  3252) load[0m
[0;32mI (108) esp_image: segment 3: paddr=00020020 vaddr=42000020 size=19e50h (106064) map[0m
[0;32mI (133) esp_image: segment 4: paddr=00039e78 vaddr=40374cb4 size=0fec8h ( 65224) load[0m
[0;32mI (147) esp_image: segment 5: paddr=00049d48 vaddr=50000000 size=00020h (    32) load[0m
[0;32mI (154) boot: Loaded app from partition at offset 0x10000[0m
[0;32mI (154) boot: Disabling RNG early entropy source...[0m
[0;32mI (165) cpu_start: Multicore app[0m
[0;32mI (174) cpu_start: GPIO 44 and 43 are used as console UART I/O pins[0m
[0;32mI (174) cpu_start: Pro cpu start user code[0m
[0;32mI (174) cpu_start: cpu freq: 160000000 Hz[0m
[0;32mI (176) app_init: Application information:[0m
[0;32mI (180) app_init: Project name:     testf[0m
[0;32mI (183) app_init: App version:      1[0m
[0;32mI (187) app_init: Compile time:     Mar 10 2026 10:24:14[0m
[0;32mI (192) app_init: ELF file SHA256:  5b63c29df...[0m
[0;32mI (196) app_init: ESP-IDF:          HEAD-HASH-NOTFOUND[0m
[0;32mI (201) efuse_init: Min chip rev:     v0.0[0m
[0;32mI (205) efuse_init: Max chip rev:     v0.99 [0m
[0;32mI (209) efuse_init: Chip rev:         v0.2[0m
[0;32mI (213) heap_init: Initializing. RAM available for dynamic allocation:[0m
[0;32mI (219) heap_init: At 3FC99400 len 00050310 (320 KiB): RAM[0m
[0;32mI (224) heap_init: At 3FCE9710 len 00005724 (21 KiB): RAM[0m
[0;32mI (229) heap_init: At 3FCF0000 len 00008000 (32 KiB): DRAM[0m
[0;32mI (234) heap_init: At 600FE000 len 00001FE8 (7 KiB): RTCRAM[0m
[0;32mI (241) spi_flash: detected chip: gd[0m
[0;32mI (243) spi_flash: flash io: dio[0m
[0;33mW (246) spi_flash: Detected size(8192k) larger than the size in the binary image header(2048k). Using the size in the binary image header.[0m
[0;32mI (258) sleep_gpio: Configure to isolate all GPIO pins in sleep state[0m
[0;32mI (265) sleep_gpio: Enable automatic switching of GPIO sleep configuration[0m
[0;32mI (272) main_task: Started on CPU0[0m
[0;32mI (292) main_task: Calling app_main()[0m
Guru Meditation Error: Core  0 panic'ed (LoadProhibited). Exception was unhandled.

Core  0 register dump:
PC      : 0x403781ff  PS      : 0x00060e30  A0      : 0x82010531  A1      : 0x3fc9ba80  
A2      : 0x42009da8  A3      : 0x3fc9bb20  A4      : 0x8037ba3d  A5      : 0x3fc9c300  
A6      : 0x00060023  A7      : 0x00000003  A8      : 0x00060023  A9      : 0x3fc9be88  
A10     : 0x3fc98218  A11     : 0x09cd090c  A12     : 0x8037cbf6  A13     : 0x3fc95da0  
A14     : 0x3fc94d08  A15     : 0x00000000  SAR     : 0x00000018  EXCCAUSE: 0x0000001c  
EXCVADDR: 0x09cd09a8  LBEG    : 0x400570e8  LEND    : 0x400570f3  LCOUNT  : 0x00000000  


Backtrace: 0x403781fc:0x3fc9ba80 0x4201052e:0x3fc9bab0 0x42010665:0x3fc9baf0 0x42009cb3:0x3fc9bb20 0x42009d26:0x3fc9bb70 0x4200b574:0x3fc9bba0 0x4200a62a:0x3fc9bbd0 0x42009fdd:0x3fc9bbf0 0x42009b03:0x3fc9bc10 0x4201903c:0x3fc9bce0 0x4037b6d9:0x3fc9bd10




ELF file SHA256: 5b63c29df

Rebooting...
ESP-ROM:esp32s3-20210327
Build:Mar 27 2021
rst:0xc (RTC_SW_CPU_RST),boot:0x9 (SPI_FAST_FLASH_BOOT)
Saved PC:0x4037abac
SPIWP:0xee
mode:DIO, clock div:1
load:0x3fce2820,len:0x14f0
load:0x403c8700,len:0xd24
load:0x403cb700,len:0x2ef0
entry 0x403c8924
[0;32mI (29) boot: ESP-IDF HEAD-HASH-NOTFOUND 2nd stage bootloader[0m
[0;32mI (29) boot: compile time Mar 10 2026 10:24:35[0m
[0;32mI (29) boot: Multicore bootloader[0m
[0;32mI (30) boot: chip revision: v0.2[0m
[0;32mI (33) boot: efuse block revision: v1.3[0m
[0;32mI (37) boot.esp32s3: Boot SPI Speed : 80MHz[0m
[0;32mI (41) boot.esp32s3: SPI Mode       : DIO[0m
[0;32mI (44) boot.esp32s3: SPI Flash Size : 2MB[0m
[0;32mI (48) boot: Enabling RNG early entropy source...[0m
[0;32mI (53) boot: Partition Table:[0m
[0;32mI (55) boot: ## Label            Usage          Type ST Offset   Length[0m
[0;32mI (62) boot:  0 nvs              WiFi data        01 02 00009000 00006000[0m
[0;32mI (68) boot:  1 phy_init         RF data          01 01 0000f000 00001000[0m
[0;32mI (75) boot:  2 factory          factory app      00 00 00010000 00100000[0m
[0;32mI (81) boot: End of partition table[0m
[0;32mI (84) esp_image: segment 0: paddr=00010020 vaddr=3c020020 size=0c0b4h ( 49332) map[0m
[0;32mI (100) esp_image: segment 1: paddr=0001c0dc vaddr=3fc94c00 size=03280h ( 12928) load[0m
[0;32mI (103) esp_image: segment 2: paddr=0001f364 vaddr=40374000 size=00cb4h (  3252) load[0m
[0;32mI (108) esp_image: segment 3: paddr=00020020 vaddr=42000020 size=19e50h (106064) map[0m
[0;32mI (133) esp_image: segment 4: paddr=00039e78 vaddr=40374cb4 size=0fec8h ( 65224) load[0m
[0;32mI (147) esp_image: segment 5: paddr=00049d48 vaddr=50000000 size=00020h (    32) load[0m
[0;32mI (154) boot: Loaded app from partition at offset 0x10000[0m
[0;32mI (154) boot: Disabling RNG early entropy source...[0m
[0;32mI (165) cpu_start: Multicore app[0m
[0;32mI (174) cpu_start: GPIO 44 and 43 are used as console UART I/O pins[0m
[0;32mI (174) cpu_start: Pro cpu start user code[0m
[0;32mI (174) cpu_start: cpu freq: 160000000 Hz[0m
[0;32mI (176) app_init: Application information:[0m
[0;32mI (180) app_init: Project name:     testf[0m
[0;32mI (183) app_init: App version:      1[0m
[0;32mI (187) app_init: Compile time:     Mar 10 2026 10:24:14[0m
[0;32mI (192) app_init: ELF file SHA256:  5b63c29df...[0m
[0;32mI (196) app_init: ESP-IDF:          HEAD-HASH-NOTFOUND[0m
[0;32mI (201) efuse_init: Min chip rev:     v0.0[0m
[0;32mI (205) efuse_init: Max chip rev:     v0.99 [0m
[0;32mI (209) efuse_init: Chip rev:         v0.2[0m
[0;32mI (213) heap_init: Initializing. RAM available for dynamic allocation:[0m
[0;32mI (219) heap_init: At 3FC99400 len 00050310 (320 KiB): RAM[0m
[0;32mI (224) heap_init: At 3FCE9710 len 00005724 (21 KiB): RAM[0m
[0;32mI (229) heap_init: At 3FCF0000 len 00008000 (32 KiB): DRAM[0m
[0;32mI (234) heap_init: At 600FE000 len 00001FE8 (7 KiB): RTCRAM[0m
[0;32mI (241) spi_flash: detected chip: gd[0m
[0;32mI (243) spi_flash: flash io: dio[0m
[0;33mW (246) spi_flash: Detected size(8192k) larger than the size in the binary image header(2048k). Using the size in the binary image header.[0m
[0;32mI (258) sleep_gpio: Configure to isolate all GPIO pins in sleep state[0m
[0;32mI (265) sleep_gpio: Enable automatic switching of GPIO sleep configuration[0m
[0;32mI (272) main_task: Started on CPU0[0m
[0;32mI (292) main_task: Calling app_main()[0m
Guru Meditation Error: Core  0 panic'ed (LoadProhibited). Exception was unhandled.

Core  0 register dump:
PC      : 0x403781ff  PS      : 0x00060e30  A0      : 0x82010531  A1      : 0x3fc9ba80  
A2      : 0x42009da8  A3      : 0x3fc9bb20  A4      : 0x8037ba3d  A5      : 0x3fc9c300  
A6      : 0x00060023  A7      : 0x00000003  A8      : 0x00060023  A9      : 0x3fc9be88  
A10     : 0x3fc98218  A11     : 0x09cd090c  A12     : 0x8037cbf6  A13     : 0x3fc95da0  
A14     : 0x3fc94d08  A15     : 0x00000000  SAR     : 0x00000018  EXCCAUSE: 0x0000001c  
EXCVADDR: 0x09cd09a8  LBEG    : 0x400570e8  LEND    : 0x400570f3  LCOUNT  : 0x00000000  


Backtrace: 0x403781fc:0x3fc9ba80 0x4201052e:0x3fc9bab0 0x42010665:0x3fc9baf0 0x42009cb3:0x3fc9bb20 0x42009d26:0x3fc9bb70 0x4200b574:0x3fc9bba0 0x4200a62a:0x3fc9bbd0 0x42009fdd:0x3fc9bbf0 0x42009b03:0x3fc9bc10 0x4201903c:0x3fc9bce0 0x4037b6d9:0x3fc9bd10




ELF file SHA256: 5b63c29df

Rebooting...
ESP-ROM:esp32s3-20210327
Build:Mar 27 2021
rst:0xc (RTC_SW_CPU_RST),boot:0x9 (SPI_FAST_FLASH_BOOT)
Saved PC:0x4037abac
SPIWP:0xee
mode:DIO, clock div:1
load:0x3fce2820,len:0x14f0
load:0x403c8700,len:0xd24
load:0x403cb700,len:0x2ef0
entry 0x403c8924
[0;32mI (29) boot: ESP-IDF HEAD-HASH-NOTFOUND 2nd stage bootloader[0m
[0;32mI (29) boot: compile time Mar 10 2026 10:24:35[0m
[0;32mI (29) boot: Multicore bootloader[0m
[0;32mI (30) boot: chip revision: v0.2[0m
[0;32mI (33) boot: efuse block revision: v1.3[0m
[0;32mI (37) boot.esp32s3: Boot SPI Speed : 80MHz[0m
[0;32mI (41) boot.esp32s3: SPI Mode       : DIO[0m
[0;32mI (44) boot.esp32s3: SPI Flash Size : 2MB[0m
[0;32mI (48) boot: Enabling RNG early entropy source...[0m
[0;32mI (53) boot: Partition Table:[0m
[0;32mI (55) boot: ## Label            Usage          Type ST Offset   Length[0m
[0;32mI (62) boot:  0 nvs              WiFi data        01 02 00009000 00006000[0m
[0;32mI (68) boot:  1 phy_init         RF data          01 01 0000f000 00001000[0m
[0;32mI (75) boot:  2 factory          factory app      00 00 00010000 00100000[0m
[0;32mI (81) boot: End of partition table[0m
[0;32mI (84) esp_image: segment 0: paddr=00010020 vaddr=3c020020 size=0c0b4h ( 49332) map[0m
[0;32mI (100) esp_image: segment 1: paddr=0001c0dc vaddr=3fc94c00 size=03280h ( 12928) load[0m
[0;32mI (103) esp_image: segment 2: paddr=0001f364 vaddr=40374000 size=00cb4h (  3252) load[0m
[0;32mI (108) esp_image: segment 3: paddr=00020020 vaddr=42000020 size=19e50h (106064) map[0m
[0;32mI (133) esp_image: segment 4: paddr=00039e78 vaddr=40374cb4 size=0fec8h ( 65224) load[0m
[0;32mI (147) esp_image: segment 5: paddr=00049d48 vaddr=50000000 size=00020h (    32) load[0m
[0;32mI (154) boot: Loaded app from partition at offset 0x10000[0m
[0;32mI (154) boot: Disabling RNG early entropy source...[0m
[0;32mI (165) cpu_start: Multicore app[0m
[0;32mI (174) cpu_start: GPIO 44 and 43 are used as console UART I/O pins[0m
[0;32mI (174) cpu_start: Pro cpu start user code[0m
[0;32mI (174) cpu_start: cpu freq: 160000000 Hz[0m
[0;32mI (176) app_init: Application information:[0m
[0;32mI (180) app_init: Project name:     testf[0m
[0;32mI (183) app_init: App version:      1[0m
[0;32mI (187) app_init: Compile time:     Mar 10 2026 10:24:14[0m
[0;32mI (192) app_init: ELF file SHA256:  5b63c29df...[0m
[0;32mI (196) app_init: ESP-IDF:          HEAD-HASH-NOTFOUND[0m
[0;32mI (201) efuse_init: Min chip rev:     v0.0[0m
[0;32mI (205) efuse_init: Max chip rev:     v0.99 [0m
[0;32mI (209) efuse_init: Chip rev:         v0.2[0m
[0;32mI (213) heap_init: Initializing. RAM available for dynamic allocation:[0m
[0;32mI (219) heap_init: At 3FC99400 len 00050310 (320 KiB): RAM[0m
[0;32mI (224) heap_init: At 3FCE9710 len 00005724 (21 KiB): RAM[0m
[0;32mI (229) heap_init: At 3FCF0000 len 00008000 (32 KiB): DRAM[0m
[0;32mI (234) heap_init: At 600FE000 len 00001FE8 (7 KiB): RTCRAM[0m
[0;32mI (241) spi_flash: detected chip: gd[0m
[0;32mI (243) spi_flash: flash io: dio[0m
[0;33mW (246) spi_flash: Detected size(8192k) larger than the size in the binary image header(2048k). Using the size in the binary image header.[0m
[0;32mI (258) sleep_gpio: Configure to isolate all GPIO pins in sleep state[0m
[0;32mI (265) sleep_gpio: Enable automatic switching of GPIO sleep configuration[0m
[0;32mI (272) main_task: Started on CPU0[0m
[0;32mI (292) main_task: Calling app_main()[0m
Guru Meditation Error: Core  0 panic'ed (LoadProhibited). Exception was unhandled.

Core  0 register dump:
PC      : 0x403781ff  PS      : 0x00060e30  A0      : 0x82010531  A1      : 0x3fc9ba80  
A2      : 0x42009da8  A3      : 0x3fc9bb20  A4      : 0x8037ba3d  A5      : 0x3fc9c300  
A6      : 0x00060023  A7      : 0x00000003  A8      : 0x00060023  A9      : 0x3fc9be88  
A10     : 0x3fc98218  A11     : 0x09cd090c  A12     : 0x8037cbf6  A13     : 0x3fc95da0  
A14     : 0x3fc94d08  A15     : 0x00000000  SAR     : 0x00000018  EXCCAUSE: 0x0000001c  
EXCVADDR: 0x09cd09a8  LBEG    : 0x400570e8  LEND    : 0x400570f3  LCOUNT  : 0x00000000  


Backtrace: 0x403781fc:0x3fc9ba80 0x4201052e:0x3fc9bab0 0x42010665:0x3fc9baf0 0x42009cb3:0x3fc9bb20 0x42009d26:0x3fc9bb70 0x4200b574:0x3fc9bba0 0x4200a62a:0x3fc9bbd0 0x42009fdd:0x3fc9bbf0 0x42009b03:0x3fc9bc10 0x4201903c:0x3fc9bce0 0x4037b6d9:0x3fc9bd10




ELF file SHA256: 5b63c29df

Rebooting...
ESP-ROM:esp32s3-20210327
Build:Mar 27 2021
rst:0xc (RTC_SW_CPU_RST),boot:0x9 (SPI_FAST_FLASH_BOOT)
Saved PC:0x4037abac
SPIWP:0xee
mode:DIO, clock div:1
load:0x3fce2820,len:0x14f0
load:0x403c8700,len:0xd24
load:0x403cb700,len:0x2ef0
entry 0x403c8924
[0;32mI (29) boot: ESP-IDF HEAD-HASH-NOTFOUND 2nd stage bootloader[0m
[0;32mI (29) boot: compile time Mar 10 2026 10:24:35[0m
[0;32mI (29) boot: Multicore bootloader[0m
[0;32mI (30) boot: chip revision: v0.2[0m
[0;32mI (33) boot: efuse block revision: v1.3[0m
[0;32mI (37) boot.esp32s3: Boot SPI Speed : 80MHz[0m
[0;32mI (41) boot.esp32s3: SPI Mode       : DIO[0m
[0;32mI (44) boot.esp32s3: SPI Flash Size : 2MB[0m
[0;32mI (48) boot: Enabling RNG early entropy source...[0m
[0;32mI (53) boot: Partition Table:[0m
[0;32mI (55) boot: ## Label            Usage          Type ST Offset   Length[0m
[0;32mI (62) boot:  0 nvs              WiFi data        01 02 00009000 00006000[0m
[0;32mI (68) boot:  1 phy_init         RF data          01 01 0000f000 00001000[0m
[0;32mI (75) boot:  2 factory          factory app      00 00 00010000 00100000[0m
[0;32mI (81) boot: End of partition table[0m
[0;32mI (84) esp_image: segment 0: paddr=00010020 vaddr=3c020020 size=0c0b4h ( 49332) map[0m
[0;32mI (100) esp_image: segment 1: paddr=0001c0dc vaddr=3fc94c00 size=03280h ( 12928) load[0m
[0;32mI (103) esp_image: segment 2: paddr=0001f364 vaddr=40374000 size=00cb4h (  3252) load[0m
[0;32mI (108) esp_image: segment 3: paddr=00020020 vaddr=42000020 size=19e50h (106064) map[0m
[0;32mI (133) esp_image: segment 4: paddr=00039e78 vaddr=40374cb4 size=0fec8h ( 65224) load[0m
[0;32mI (147) esp_image: segment 5: paddr=00049d48 vaddr=50000000 size=00020h (    32) load[0m
[0;32mI (154) boot: Loaded app from partition at offset 0x10000[0m
[0;32mI (154) boot: Disabling RNG early entropy source...[0m
[0;32mI (165) cpu_start: Multicore app[0m
[0;32mI (174) cpu_start: GPIO 44 and 43 are used as console UART I/O pins[0m
[0;32mI (174) cpu_start: Pro cpu start user code[0m
[0;32mI (174) cpu_start: cpu freq: 160000000 Hz[0m
[0;32mI (176) app_init: Application information:[0m
[0;32mI (180) app_init: Project name:     testf[0m
[0;32mI (183) app_init: App version:      1[0m
[0;32mI (187) app_init: Compile time:     Mar 10 2026 10:24:14[0m
[0;32mI (192) app_init: ELF file SHA256:  5b63c29df...[0m
[0;32mI (196) app_init: ESP-IDF:          HEAD-HASH-NOTFOUND[0m
[0;32mI (201) efuse_init: Min chip rev:     v0.0[0m
[0;32mI (205) efuse_init: Max chip rev:     v0.99 [0m
[0;32mI (209) efuse_init: Chip rev:         v0.2[0m
[0;32mI (213) heap_init: Initializing. RAM available for dynamic allocation:[0m
[0;32mI (219) heap_init: At 3FC99400 len 00050310 (320 KiB): RAM[0m
[0;32mI (224) heap_init: At 3FCE9710 len 00005724 (21 KiB): RAM[0m
[0;32mI (229) heap_init: At 3FCF0000 len 00008000 (32 KiB): DRAM[0m
[0;32mI (234) heap_init: At 600FE000 len 00001FE8 (7 KiB): RTCRAM[0m
[0;32mI (241) spi_flash: detected chip: gd[0m
[0;32mI (243) spi_flash: flash io: dio[0m
[0;33mW (246) spi_flash: Detected size(8192k) larger than the size in the binary image header(2048k). Using the size in the binary image header.[0m
[0;32mI (258) sleep_gpio: Configure to isolate all GPIO pins in sleep state[0m
[0;32mI (265) sleep_gpio: Enable automatic switching of GPIO sleep configuration[0m
[0;32mI (272) main_task: Started on CPU0[0m
[0;32mI (292) main_task: Calling app_main()[0m
Guru Meditation Error: Core  0 panic'ed (LoadProhibited). Exception was unhandled.

Core  0 register dump:
PC      : 0x403781ff  PS      : 0x00060e30  A0      : 0x82010531  A1      : 0x3fc9ba80  
A2      : 0x42009da8  A3      : 0x3fc9bb20  A4      : 0x8037ba3d  A5      : 0x3fc9c300  
A6      : 0x00060023  A7      : 0x00000003  A8      : 0x00060023  A9      : 0x3fc9be88  
A10     : 0x3fc98218  A11     : 0x09cd090c  A12     : 0x8037cbf6  A13     : 0x3fc95da0  
A14     : 0x3fc94d08  A15     : 0x00000000  SAR     : 0x00000018  EXCCAUSE: 0x0000001c  
EXCVADDR: 0x09cd09a8  LBEG    : 0x400570e8  LEND    : 0x400570f3  LCOUNT  : 0x00000000  


Backtrace: 0x403781fc:0x3fc9ba80 0x4201052e:0x3fc9bab0 0x42010665:0x3fc9baf0 0x42009cb3:0x3fc9bb20 0x42009d26:0x3fc9bb70 0x4200b574:0x3fc9bba0 0x4200a62a:0x3fc9bbd0 0x42009fdd:0x3fc9bbf0 0x42009b03:0x3fc9bc10 0x4201903c:0x3fc9bce0 0x4037b6d9:0x3fc9bd10




ELF file SHA256: 5b63c29df

Rebooting...
ESP-ROM:esp32s3-20210327
Build:Mar 27 2021
rst:0xc (RTC_SW_CPU_RST),boot:0x9 (SPI_FAST_FLASH_BOOT)
Saved PC:0x4037abac
SPIWP:0xee
mode:DIO, clock div:1
load:0x3fce2820,len:0x14f0
load:0x403c8700,len:0xd24
load:0x403cb700,len:0x2ef0
entry 0x403c8924
[0;32mI (29) boot: ESP-IDF HEAD-HASH-NOTFOUND 2nd stage bootloader[0m
[0;32mI (29) boot: compile time Mar 10 2026 10:24:35[0m
[0;32mI (29) boot: Multicore bootloader[0m
[0;32mI (30) boot: chip revision: v0.2[0m
[0;32mI (33) boot: efuse block revision: v1.3[0m
[0;32mI (37) boot.esp32s3: Boot SPI Speed : 80MHz[0m
[0;32mI (41) boot.esp32s3: SPI Mode       : DIO[0m
[0;32mI (44) boot.esp32s3: SPI Flash Size : 2MB[0m
[0;32mI (48) boot: Enabling RNG early entropy source...[0m
[0;32mI (53) boot: Partition Table:[0m
[0;32mI (55) boot: ## Label            Usage          Type ST Offset   Length[0m
[0;32mI (62) boot:  0 nvs              WiFi data        01 02 00009000 00006000[0m
[0;32mI (68) boot:  1 phy_init         RF data          01 01 0000f000 00001000[0m
[0;32mI (75) boot:  2 factory          factory app      00 00 00010000 00100000[0m
[0;32mI (81) boot: End of partition table[0m
[0;32mI (84) esp_image: segment 0: paddr=00010020 vaddr=3c020020 size=0c0b4h ( 49332) map[0m
[0;32mI (100) esp_image: segment 1: paddr=0001c0dc vaddr=3fc94c00 size=03280h ( 12928) load[0m
[0;32mI (103) esp_image: segment 2: paddr=0001f364 vaddr=40374000 size=00cb4h (  3252) load[0m
[0;32mI (108) esp_image: segment 3: paddr=00020020 vaddr=42000020 size=19e50h (106064) map[0m
[0;32mI (133) esp_image: segment 4: paddr=00039e78 vaddr=40374cb4 size=0fec8h ( 65224) load[0m
[0;32mI (147) esp_image: segment 5: paddr=00049d48 vaddr=50000000 size=00020h (    32) load[0m
[0;32mI (154) boot: Loaded app from partition at offset 0x10000[0m
[0;32mI (154) boot: Disabling RNG early entropy source...[0m
[0;32mI (165) cpu_start: Multicore app[0m
[0;32mI (174) cpu_start: GPIO 44 and 43 are used as console UART I/O pins[0m
[0;32mI (174) cpu_start: Pro cpu start user code[0m
[0;32mI (174) cpu_start: cpu freq: 160000000 Hz[0m
[0;32mI (176) app_init: Application information:[0m
[0;32mI (180) app_init: Project name:     testf[0m
[0;32mI (183) app_init: App version:      1[0m
[0;32mI (187) app_init: Compile time:     Mar 10 2026 10:24:14[0m
[0;32mI (192) app_init: ELF file SHA256:  5b63c29df...[0m
[0;32mI (196) app_init: ESP-IDF:          HEAD-HASH-NOTFOUND[0m
[0;32mI (201) efuse_init: Min chip rev:     v0.0[0m
[0;32mI (205) efuse_init: Max chip rev:     v0.99 [0m
[0;32mI (209) efuse_init: Chip rev:         v0.2[0m
[0;32mI (213) heap_init: Initializing. RAM available for dynamic allocation:[0m
[0;32mI (219) heap_init: At 3FC99400 len 00050310 (320 KiB): RAM[0m
[0;32mI (224) heap_init: At 3FCE9710 len 00005724 (21 KiB): RAM[0m
[0;32mI (229) heap_init: At 3FCF0000 len 00008000 (32 KiB): DRAM[0m
[0;32mI (234) heap_init: At 600FE000 len 00001FE8 (7 KiB): RTCRAM[0m
[0;32mI (241) spi_flash: detected chip: gd[0m
[0;32mI (243) spi_flash: flash io: dio[0m
[0;33mW (246) spi_flash: Detected size(8192k) larger than the size in the binary image header(2048k). Using the size in the binary image header.[0m
[0;32mI (258) sleep_gpio: Configure to isolate all GPIO pins in sleep state[0m
[0;32mI (265) sleep_gpio: Enable automatic switching of GPIO sleep configuration[0m
[0;32mI (272) main_task: Started on CPU0[0m
[0;32mI (292) main_task: Calling app_main()[0m
Guru Meditation Error: Core  0 panic'ed (LoadProhibited). Exception was unhandled.

Core  0 register dump:
PC      : 0x403781ff  PS      : 0x00060e30  A0      : 0x82010531  A1      : 0x3fc9ba80  
A2      : 0x42009da8  A3      : 0x3fc9bb20  A4      : 0x8037ba3d  A5      : 0x3fc9c300  
A6      : 0x00060023  A7      : 0x00000003  A8      : 0x00060023  A9      : 0x3fc9be88  
A10     : 0x3fc98218  A11     : 0x09cd090c  A12     : 0x8037cbf6  A13     : 0x3fc95da0  
A14     : 0x3fc94d08  A15     : 0x00000000  SAR     : 0x00000018  EXCCAUSE: 0x0000001c  
EXCVADDR: 0x09cd09a8  LBEG    : 0x400570e8  LEND    : 0x400570f3  LCOUNT  : 0x00000000  


Backtrace: 0x403781fc:0x3fc9ba80 0x4201052e:0x3fc9bab0 0x42010665:0x3fc9baf0 0x42009cb3:0x3fc9bb20 0x42009d26:0x3fc9bb70 0x4200b574:0x3fc9bba0 0x4200a62a:0x3fc9bbd0 0x42009fdd:0x3fc9bbf0 0x42009b03:0x3fc9bc10 0x4201903c:0x3fc9bce0 0x4037b6d9:0x3fc9bd10




ELF file SHA256: 5b63c29df

Rebooting...
ESP-ROM:esp32s3-20210327
Build:Mar 27 2021
rst:0xc (RTC_SW_CPU_RST),boot:0x9 (SPI_FAST_FLASH_BOOT)
Saved PC:0x4037abac
SPIWP:0xee
mode:DIO, clock div:1
load:0x3fce2820,len:0x14f0
load:0x403c8700,len:0xd24
load:0x403cb700,len:0x2ef0
entry 0x403c8924
[0;32mI (29) boot: ESP-IDF HEAD-HASH-NOTFOUND 2nd stage bootloader[0m
[0;32mI (29) boot: compile time Mar 10 2026 10:24:35[0m
[0;32mI (29) boot: Multicore bootloader[0m
[0;32mI (30) boot: chip revision: v0.2[0m
[0;32mI (33) boot: efuse block revision: v1.3[0m
[0;32mI (37) boot.esp32s3: Boot SPI Speed : 80MHz[0m
[0;32mI (41) boot.esp32s3: SPI Mode       : DIO[0m
[0;32mI (44) boot.esp32s3: SPI Flash Size : 2MB[0m
[0;32mI (48) boot: Enabling RNG early entropy source...[0m
[0;32mI (53) boot: Partition Table:[0m
[0;32mI (55) boot: ## Label            Usage          Type ST Offset   Length[0m
[0;32mI (62) boot:  0 nvs              WiFi data        01 02 00009000 00006000[0m
[0;32mI (68) boot:  1 phy_init         RF data          01 01 0000f000 00001000[0m
[0;32mI (75) boot:  2 factory          factory app      00 00 00010000 00100000[0m
[0;32mI (81) boot: End of partition table[0m
[0;32mI (84) esp_image: segment 0: paddr=00010020 vaddr=3c020020 size=0c0b4h ( 49332) map[0m
[0;32mI (100) esp_image: segment 1: paddr=0001c0dc vaddr=3fc94c00 size=03280h ( 12928) load[0m
[0;32mI (103) esp_image: segment 2: paddr=0001f364 vaddr=40374000 size=00cb4h (  3252) load[0m
[0;32mI (108) esp_image: segment 3: paddr=00020020 vaddr=42000020 size=19e50h (106064) map[0m
[0;32mI (133) esp_image: segment 4: paddr=00039e78 vaddr=40374cb4 size=0fec8h ( 65224) load[0m
[0;32mI (147) esp_image: segment 5: paddr=00049d48 vaddr=50000000 size=00020h (    32) load[0m
[0;32mI (154) boot: Loaded app from partition at offset 0x10000[0m
[0;32mI (154) boot: Disabling RNG early entropy source...[0m
[0;32mI (165) cpu_start: Multicore app[0m
[0;32mI (174) cpu_start: GPIO 44 and 43 are used as console UART I/O pins[0m
[0;32mI (174) cpu_start: Pro cpu start user code[0m
[0;32mI (174) cpu_start: cpu freq: 160000000 Hz[0m
[0;32mI (176) app_init: Application information:[0m
[0;32mI (180) app_init: Project name:     testf[0m
[0;32mI (183) app_init: App version:      1[0m
[0;32mI (187) app_init: Compile time:     Mar 10 2026 10:24:14[0m
[0;32mI (192) app_init: ELF file SHA256:  5b63c29df...[0m
[0;32mI (196) app_init: ESP-IDF:          HEAD-HASH-NOTFOUND[0m
[0;32mI (201) efuse_init: Min chip rev:     v0.0[0m
[0;32mI (205) efuse_init: Max chip rev:     v0.99 [0m
[0;32mI (209) efuse_init: Chip rev:         v0.2[0m
[0;32mI (213) heap_init: Initializing. RAM available for dynamic allocation:[0m
[0;32mI (219) heap_init: At 3FC99400 len 00050310 (320 KiB): RAM[0m
[0;32mI (224) heap_init: At 3FCE9710 len 00005724 (21 KiB): RAM[0m
[0;32mI (229) heap_init: At 3FCF0000 len 00008000 (32 KiB): DRAM[0m
[0;32mI (234) heap_init: At 600FE000 len 00001FE8 (7 KiB): RTCRAM[0m
[0;32mI (241) spi_flash: detected chip: gd[0m
[0;32mI (243) spi_flash: flash io: dio[0m
[0;33mW (246) spi_flash: Detected size(8192k) larger than the size in the binary image header(2048k). Using the size in the binary image header.[0m
[0;32mI (258) sleep_gpio: Configure to isolate all GPIO pins in sleep state[0m
[0;32mI (265) sleep_gpio: Enable automatic switching of GPIO sleep configuration[0m
[0;32mI (272) main_task: Started on CPU0[0m
[0;32mI (292) main_task: Calling app_main()[0m
Guru Meditation Error: Core  0 panic'ed (LoadProhibited). Exception was unhandled.

Core  0 register dump:
PC      : 0x403781ff  PS      : 0x00060e30  A0      : 0x82010531  A1      : 0x3fc9ba80  
A2      : 0x42009da8  A3      : 0x3fc9bb20  A4      : 0x8037ba3d  A5      : 0x3fc9c300  
A6      : 0x00060023  A7      : 0x00000003  A8      : 0x00060023  A9      : 0x3fc9be88  
A10     : 0x3fc98218  A11     : 0x09cd090c  A12     : 0x8037cbf6  A13     : 0x3fc95da0  
A14     : 0x3fc94d08  A15     : 0x00000000  SAR     : 0x00000018  EXCCAUSE: 0x0000001c  
EXCVADDR: 0x09cd09a8  LBEG    : 0x400570e8  LEND    : 0x400570f3  LCOUNT  : 0x00000000  


Backtrace: 0x403781fc:0x3fc9ba80 0x4201052e:0x3fc9bab0 0x42010665:0x3fc9baf0 0x42009cb3:0x3fc9bb20 0x42009d26:0x3fc9bb70 0x4200b574:0x3fc9bba0 0x4200a62a:0x3fc9bbd0 0x42009fdd:0x3fc9bbf0 0x42009b03:0x3fc9bc10 0x4201903c:0x3fc9bce0 0x4037b6d9:0x3fc9bd10




ELF file SHA256: 5b63c29df

Rebooting...
ESP-ROM:esp32s3-20210327
Build:Mar 27 2021
rst:0xc (RTC_SW_CPU_RST),boot:0x9 (SPI_FAST_FLASH_BOOT)
Saved PC:0x4037abac
SPIWP:0xee
mode:DIO, clock div:1
load:0x3fce2820,len:0x14f0
load:0x403c8700,len:0xd24
load:0x403cb700,len:0x2ef0
entry 0x403c8924
[0;32mI (29) boot: ESP-IDF HEAD-HASH-NOTFOUND 2nd stage bootloader[0m
[0;32mI (29) boot: compile time Mar 10 2026 10:24:35[0m
[0;32mI (29) boot: Multicore bootloader[0m
[0;32mI (30) boot: chip revision: v0.2[0m
[0;32mI (33) boot: efuse block revision: v1.3[0m
[0;32mI (37) boot.esp32s3: Boot SPI Speed : 80MHz[0m
[0;32mI (41) boot.esp32s3: SPI Mode       : DIO[0m
[0;32mI (44) boot.esp32s3: SPI Flash Size : 2MB[0m
[0;32mI (48) boot: Enabling RNG early entropy source...[0m
[0;32mI (53) boot: Partition Table:[0m
[0;32mI (55) boot: ## Label            Usage          Type ST Offset   Length[0m
[0;32mI (62) boot:  0 nvs              WiFi data        01 02 00009000 00006000[0m
[0;32mI (68) boot:  1 phy_init         RF data          01 01 0000f000 00001000[0m
[0;32mI (75) boot:  2 factory          factory app      00 00 00010000 00100000[0m
[0;32mI (81) boot: End of partition table[0m
[0;32mI (84) esp_image: segment 0: paddr=00010020 vaddr=3c020020 size=0c0b4h ( 49332) map[0m
[0;32mI (100) esp_image: segment 1: paddr=0001c0dc vaddr=3fc94c00 size=03280h ( 12928) load[0m
[0;32mI (103) esp_image: segment 2: paddr=0001f364 vaddr=40374000 size=00cb4h (  3252) load[0m
[0;32mI (108) esp_image: segment 3: paddr=00020020 vaddr=42000020 size=19e50h (106064) map[0m
[0;32mI (133) esp_image: segment 4: paddr=00039e78 vaddr=40374cb4 size=0fec8h ( 65224) load[0m
[0;32mI (147) esp_image: segment 5: paddr=00049d48 vaddr=50000000 size=00020h (    32) load[0m
[0;32mI (154) boot: Loaded app from partition at offset 0x10000[0m
[0;32mI (154) boot: Disabling RNG early entropy source...[0m
[0;32mI (165) cpu_start: Multicore app[0m
[0;32mI (174) cpu_start: GPIO 44 and 43 are used as console UART I/O pins[0m
[0;32mI (174) cpu_start: Pro cpu start user code[0m
[0;32mI (174) cpu_start: cpu freq: 160000000 Hz[0m
[0;32mI (176) app_init: Application information:[0m
[0;32mI (180) app_init: Project name:     testf[0m
[0;32mI (183) app_init: App version:      1[0m
[0;32mI (187) app_init: Compile time:     Mar 10 2026 10:24:14[0m
[0;32mI (192) app_init: ELF file SHA256:  5b63c29df...[0m
[0;32mI (196) app_init: ESP-IDF:          HEAD-HASH-NOTFOUND[0m
[0;32mI (201) efuse_init: Min chip rev:     v0.0[0m
[0;32mI (205) efuse_init: Max chip rev:     v0.99 [0m
[0;32mI (209) efuse_init: Chip rev:         v0.2[0m
[0;32mI (213) heap_init: Initializing. RAM available for dynamic allocation:[0m
[0;32mI (219) heap_init: At 3FC99400 len 00050310 (320 KiB): RAM[0m
[0;32mI (224) heap_init: At 3FCE9710 len 00005724 (21 KiB): RAM[0m
[0;32mI (229) heap_init: At 3FCF0000 len 00008000 (32 KiB): DRAM[0m
[0;32mI (234) heap_init: At 600FE000 len 00001FE8 (7 KiB): RTCRAM[0m
[0;32mI (241) spi_flash: detected chip: gd[0m
[0;32mI (243) spi_flash: flash io: dio[0m
[0;33mW (246) spi_flash: Detected size(8192k) larger than the size in the binary image header(2048k). Using the size in the binary image header.[0m
[0;32mI (258) sleep_gpio: Configure to isolate all GPIO pins in sleep state[0m
[0;32mI (265) sleep_gpio: Enable automatic switching of GPIO sleep configuration[0m
[0;32mI (272) main_task: Started on CPU0[0m
[0;32mI (292) main_task: Calling app_main()[0m
Guru Meditation Error: Core  0 panic'ed (LoadProhibited). Exception was unhandled.

Core  0 register dump:
PC      : 0x403781ff  PS      : 0x00060e30  A0      : 0x82010531  A1      : 0x3fc9ba80  
A2      : 0x42009da8  A3      : 0x3fc9bb20  A4      : 0x8037ba3d  A5      : 0x3fc9c300  
A6      : 0x00060023  A7      : 0x00000003  A8      : 0x00060023  A9      : 0x3fc9be88  
A10     : 0x3fc98218  A11     : 0x09cd090c  A12     : 0x8037cbf6  A13     : 0x3fc95da0  
A14     : 0x3fc94d08  A15     : 0x00000000  SAR     : 0x00000018  EXCCAUSE: 0x0000001c  
EXCVADDR: 0x09cd09a8  LBEG    : 0x400570e8  LEND    : 0x400570f3  LCOUNT  : 0x00000000  


Backtrace: 0x403781fc:0x3fc9ba80 0x4201052e:0x3fc9bab0 0x42010665:0x3fc9baf0 0x42009cb3:0x3fc9bb20 0x42009d26:0x3fc9bb70 0x4200b574:0x3fc9bba0 0x4200a62a:0x3fc9bbd0 0x42009fdd:0x3fc9bbf0 0x42009b03:0x3fc9bc10 0x4201903c:0x3fc9bce0 0x4037b6d9:0x3fc9bd10




ELF file SHA256: 5b63c29df

Rebooting...
ESP-ROM:esp32s3-20210327
Build:Mar 27 2021
rst:0xc (RTC_SW_CPU_RST),boot:0x9 (SPI_FAST_FLASH_BOOT)
Saved PC:0x4037abac
SPIWP:0xee
mode:DIO, clock div:1
load:0x3fce2820,len:0x14f0
load:0x403c8700,len:0xd24
load:0x403cb700,len:0x2ef0
entry 0x403c8924
[0;32mI (29) boot: ESP-IDF HEAD-HASH-NOTFOUND 2nd stage bootloader[0m
[0;32mI (29) boot: compile time Mar 10 2026 10:24:35[0m
[0;32mI (29) boot: Multicore bootloader[0m
[0;32mI (30) boot: chip revision: v0.2[0m
[0;32mI (33) boot: efuse block revision: v1.3[0m
[0;32mI (37) boot.esp32s3: Boot SPI Speed : 80MHz[0m
[0;32mI (41) boot.esp32s3: SPI Mode       : DIO[0m
[0;32mI (44) boot.esp32s3: SPI Flash Size : 2MB[0m
[0;32mI (48) boot: Enabling RNG early entropy source...[0m
[0;32mI (53) boot: Partition Table:[0m
[0;32mI (55) boot: ## Label            Usage          Type ST Offset   Length[0m
[0;32mI (62) boot:  0 nvs              WiFi data        01 02 00009000 00006000[0m
[0;32mI (68) boot:  1 phy_init         RF data          01 01 0000f000 00001000[0m
[0;32mI (75) boot:  2 factory          factory app      00 00 00010000 00100000[0m
[0;32mI (81) boot: End of partition table[0m
[0;32mI (84) esp_image: segment 0: paddr=00010020 vaddr=3c020020 size=0c0b4h ( 49332) map[0m
[0;32mI (100) esp_image: segment 1: paddr=0001c0dc vaddr=3fc94c00 size=03280h ( 12928) load[0m
[0;32mI (103) esp_image: segment 2: paddr=0001f364 vaddr=40374000 size=00cb4h (  3252) load[0m
[0;32mI (108) esp_image: segment 3: paddr=00020020 vaddr=42000020 size=19e50h (106064) map[0m
[0;32mI (133) esp_image: segment 4: paddr=00039e78 vaddr=40374cb4 size=0fec8h ( 65224) load[0m
[0;32mI (147) esp_image: segment 5: paddr=00049d48 vaddr=50000000 size=00020h (    32) load[0m
[0;32mI (154) boot: Loaded app from partition at offset 0x10000[0m
[0;32mI (154) boot: Disabling RNG early entropy source...[0m
[0;32mI (165) cpu_start: Multicore app[0m
[0;32mI (174) cpu_start: GPIO 44 and 43 are used as console UART I/O pins[0m
[0;32mI (174) cpu_start: Pro cpu start user code[0m
[0;32mI (174) cpu_start: cpu freq: 160000000 Hz[0m
[0;32mI (176) app_init: Application information:[0m
[0;32mI (180) app_init: Project name:     testf[0m
[0;32mI (183) app_init: App version:      1[0m
[0;32mI (187) app_init: Compile time:     Mar 10 2026 10:24:14[0m
[0;32mI (192) app_init: ELF file SHA256:  5b63c29df...[0m
[0;32mI (196) app_init: ESP-IDF:          HEAD-HASH-NOTFOUND[0m
[0;32mI (201) efuse_init: Min chip rev:     v0.0[0m
[0;32mI (205) efuse_init: Max chip rev:     v0.99 [0m
[0;32mI (209) efuse_init: Chip rev:         v0.2[0m
[0;32mI (213) heap_init: Initializing. RAM available for dynamic allocation:[0m
[0;32mI (219) heap_init: At 3FC99400 len 00050310 (320 KiB): RAM[0m
[0;32mI (224) heap_init: At 3FCE9710 len 00005724 (21 KiB): RAM[0m
[0;32mI (229) heap_init: At 3FCF0000 len 00008000 (32 KiB): DRAM[0m
[0;32mI (234) heap_init: At 600FE000 len 00001FE8 (7 KiB): RTCRAM[0m
[0;32mI (241) spi_flash: detected chip: gd[0m
[0;32mI (243) spi_flash: flash io: dio[0m
[0;33mW (246) spi_flash: Detected size(8192k) larger than the size in the binary image header(2048k). Using the size in the binary image header.[0m
[0;32mI (258) sleep_gpio: Configure to isolate all GPIO pins in sleep state[0m
[0;32mI (265) sleep_gpio: Enable automatic switching of GPIO sleep configuration[0m
[0;32mI (272) main_task: Started on CPU0[0m
[0;32mI (292) main_task: Calling app_main()[0m
Guru Meditation Error: Core  0 panic'ed (LoadProhibited). Exception was unhandled.

Core  0 register dump:
PC      : 0x403781ff  PS      : 0x00060e30  A0      : 0x82010531  A1      : 0x3fc9ba80  
A2      : 0x42009da8  A3      : 0x3fc9bb20  A4      : 0x8037ba3d  A5      : 0x3fc9c300  
A6      : 0x00060023  A7      : 0x00000003  A8      : 0x00060023  A9      : 0x3fc9be88  
A10     : 0x3fc98218  A11     : 0x09cd090c  A12     : 0x8037cbf6  A13     : 0x3fc95da0  
A14     : 0x3fc94d08  A15     : 0x00000000  SAR     : 0x00000018  EXCCAUSE: 0x0000001c  
EXCVADDR: 0x09cd09a8  LBEG    : 0x400570e8  LEND    : 0x400570f3  LCOUNT  : 0x00000000  


Backtrace: 0x403781fc:0x3fc9ba80 0x4201052e:0x3fc9bab0 0x42010665:0x3fc9baf0 0x42009cb3:0x3fc9bb20 0x42009d26:0x3fc9bb70 0x4200b574:0x3fc9bba0 0x4200a62a:0x3fc9bbd0 0x42009fdd:0x3fc9bbf0 0x42009b03:0x3fc9bc10 0x4201903c:0x3fc9bce0 0x4037b6d9:0x3fc9bd10




ELF file SHA256: 5b63c29df

Rebooting...
ESP-ROM:esp32s3-20210327
Build:Mar 27 2021
rst:0xc (RTC_SW_CPU_RST),boot:0x9 (SPI_FAST_FLASH_BOOT)
Saved PC:0x4037abac
SPIWP:0xee
mode:DIO, clock div:1
load:0x3fce2820,len:0x14f0
load:0x403c8700,len:0xd24
load:0x403cb700,len:0x2ef0
entry 0x403c8924
[0;32mI (29) boot: ESP-IDF HEAD-HASH-NOTFOUND 2nd stage bootloader[0m
[0;32mI (29) boot: compile time Mar 10 2026 10:24:35[0m
[0;32mI (29) boot: Multicore bootloader[0m
[0;32mI (30) boot: chip revision: v0.2[0m
[0;32mI (33) boot: efuse block revision: v1.3[0m
[0;32mI (37) boot.esp32s3: Boot SPI Speed : 80MHz[0m
[0;32mI (41) boot.esp32s3: SPI Mode       : DIO[0m
[0;32mI (44) boot.esp32s3: SPI Flash Size : 2MB[0m
[0;32mI (48) boot: Enabling RNG early entropy source...[0m
[0;32mI (53) boot: Partition Table:[0m
[0;32mI (55) boot: ## Label            Usage          Type ST Offset   Length[0m
[0;32mI (62) boot:  0 nvs              WiFi data        01 02 00009000 00006000[0m
[0;32mI (68) boot:  1 phy_init         RF data          01 01 0000f000 00001000[0m
[0;32mI (75) boot:  2 factory          factory app      00 00 00010000 00100000[0m
[0;32mI (81) boot: End of partition table[0m
[0;32mI (84) esp_image: segment 0: paddr=00010020 vaddr=3c020020 size=0c0b4h ( 49332) map[0m
[0;32mI (100) esp_image: segment 1: paddr=0001c0dc vaddr=3fc94c00 size=03280h ( 12928) load[0m
[0;32mI (103) esp_image: segment 2: paddr=0001f364 vaddr=40374000 size=00cb4h (  3252) load[0m
[0;32mI (108) esp_image: segment 3: paddr=00020020 vaddr=42000020 size=19e50h (106064) map[0m
[0;32mI (133) esp_image: segment 4: paddr=00039e78 vaddr=40374cb4 size=0fec8h ( 65224) load[0m
[0;32mI (147) esp_image: segment 5: paddr=00049d48 vaddr=50000000 size=00020h (    32) load[0m
[0;32mI (154) boot: Loaded app from partition at offset 0x10000[0m
[0;32mI (154) boot: Disabling RNG early entropy source...[0m
[0;32mI (165) cpu_start: Multicore app[0m
[0;32mI (174) cpu_start: GPIO 44 and 43 are used as console UART I/O pins[0m
[0;32mI (174) cpu_start: Pro cpu start user code[0m
[0;32mI (174) cpu_start: cpu freq: 160000000 Hz[0m
[0;32mI (176) app_init: Application information:[0m
[0;32mI (180) app_init: Project name:     testf[0m
[0;32mI (183) app_init: App version:      1[0m
[0;32mI (187) app_init: Compile time:     Mar 10 2026 10:24:14[0m
[0;32mI (192) app_init: ELF file SHA256:  5b63c29df...[0m
[0;32mI (196) app_init: ESP-IDF:          HEAD-HASH-NOTFOUND[0m
[0;32mI (201) efuse_init: Min chip rev:     v0.0[0m
[0;32mI (205) efuse_init: Max chip rev:     v0.99 [0m
[0;32mI (209) efuse_init: Chip rev:         v0.2[0m
[0;32mI (213) heap_init: Initializing. RAM available for dynamic allocation:[0m
[0;32mI (219) heap_init: At 3FC99400 len 00050310 (320 KiB): RAM[0m
[0;32mI (224) heap_init: At 3FCE9710 len 00005724 (21 KiB): RAM[0m
[0;32mI (229) heap_init: At 3FCF0000 len 00008000 (32 KiB): DRAM[0m
[0;32mI (234) heap_init: At 600FE000 len 00001FE8 (7 KiB): RTCRAM[0m
[0;32mI (241) spi_flash: detected chip: gd[0m
[0;32mI (243) spi_flash: flash io: dio[0m
[0;33mW (246) spi_flash: Detected size(8192k) larger than the size in the binary image header(2048k). Using the size in the binary image header.[0m
[0;32mI (258) sleep_gpio: Configure to isolate all GPIO pins in sleep state[0m
[0;32mI (265) sleep_gpio: Enable automatic switching of GPIO sleep configuration[0m
[0;32mI (272) main_task: Started on CPU0[0m
[0;32mI (292) main_task: Calling app_main()[0m
Guru Meditation Error: Core  0 panic'ed (LoadProhibited). Exception was unhandled.

Core  0 register dump:
PC      : 0x403781ff  PS      : 0x00060e30  A0      : 0x82010531  A1      : 0x3fc9ba80  
A2      : 0x42009da8  A3      : 0x3fc9bb20  A4      : 0x8037ba3d  A5      : 0x3fc9c300  
A6      : 0x00060023  A7      : 0x00000003  A8      : 0x00060023  A9      : 0x3fc9be88  
A10     : 0x3fc98218  A11     : 0x09cd090c  A12     : 0x8037cbf6  A13     : 0x3fc95da0  
A14     : 0x3fc94d08  A15     : 0x00000000  SAR     : 0x00000018  EXCCAUSE: 0x0000001c  
EXCVADDR: 0x09cd09a8  LBEG    : 0x400570e8  LEND    : 0x400570f3  LCOUNT  : 0x00000000  


Backtrace: 0x403781fc:0x3fc9ba80 0x4201052e:0x3fc9bab0 0x42010665:0x3fc9baf0 0x42009cb3:0x3fc9bb20 0x42009d26:0x3fc9bb70 0x4200b574:0x3fc9bba0 0x4200a62a:0x3fc9bbd0 0x42009fdd:0x3fc9bbf0 0x42009b03:0x3fc9bc10 0x4201903c:0x3fc9bce0 0x4037b6d9:0x3fc9bd10




ELF file SHA256: 5b63c29df

Rebooting...
ESP-ROM:esp32s3-20210327
Build:Mar 27 2021
rst:0xc (RTC_SW_CPU_RST),boot:0x9 (SPI_FAST_FLASH_BOOT)
Saved PC:0x4037abac
SPIWP:0xee
mode:DIO, clock div:1
load:0x3fce2820,len:0x14f0
load:0x403c8700,len:0xd24
load:0x403cb700,len:0x2ef0
entry 0x403c8924
[0;32mI (29) boot: ESP-IDF HEAD-HASH-NOTFOUND 2nd stage bootloader[0m
[0;32mI (29) boot: compile time Mar 10 2026 10:24:35[0m
[0;32mI (29) boot: Multicore bootloader[0m
[0;32mI (30) boot: chip revision: v0.2[0m
[0;32mI (33) boot: efuse block revision: v1.3[0m
[0;32mI (37) boot.esp32s3: Boot SPI Speed : 80MHz[0m
[0;32mI (41) boot.esp32s3: SPI Mode       : DIO[0m
[0;32mI (44) boot.esp32s3: SPI Flash Size : 2MB[0m
[0;32mI (48) boot: Enabling RNG early entropy source...[0m
[0;32mI (53) boot: Partition Table:[0m
[0;32mI (55) boot: ## Label            Usage          Type ST Offset   Length[0m
[0;32mI (62) boot:  0 nvs              WiFi data        01 02 00009000 00006000[0m
[0;32mI (68) boot:  1 phy_init         RF data          01 01 0000f000 00001000[0m
[0;32mI (75) boot:  2 factory          factory app      00 00 00010000 00100000[0m
[0;32mI (81) boot: End of partition table[0m
[0;32mI (84) esp_image: segment 0: paddr=00010020 vaddr=3c020020 size=0c0b4h ( 49332) map[0m
[0;32mI (100) esp_image: segment 1: paddr=0001c0dc vaddr=3fc94c00 size=03280h ( 12928) load[0m
[0;32mI (103) esp_image: segment 2: paddr=0001f364 vaddr=40374000 size=00cb4h (  3252) load[0m
[0;32mI (108) esp_image: segment 3: paddr=00020020 vaddr=42000020 size=19e50h (106064) map[0m
[0;32mI (133) esp_image: segment 4: paddr=00039e78 vaddr=40374cb4 size=0fec8h ( 65224) load[0m
[0;32mI (147) esp_image: segment 5: paddr=00049d48 vaddr=50000000 size=00020h (    32) load[0m
[0;32mI (154) boot: Loaded app from partition at offset 0x10000[0m
[0;32mI (154) boot: Disabling RNG early entropy source...[0m
[0;32mI (165) cpu_start: Multicore app[0m
[0;32mI (174) cpu_start: GPIO 44 and 43 are used as console UART I/O pins[0m
[0;32mI (174) cpu_start: Pro cpu start user code[0m
[0;32mI (174) cpu_start: cpu freq: 160000000 Hz[0m
[0;32mI (176) app_init: Application information:[0m
[0;32mI (180) app_init: Project name:     testf[0m
[0;32mI (183) app_init: App version:      1[0m
[0;32mI (187) app_init: Compile time:     Mar 10 2026 10:24:14[0m
[0;32mI (192) app_init: ELF file SHA256:  5b63c29df...[0m
[0;32mI (196) app_init: ESP-IDF:          HEAD-HASH-NOTFOUND[0m
[0;32mI (201) efuse_init: Min chip rev:     v0.0[0m
[0;32mI (205) efuse_init: Max chip rev:     v0.99 [0m
[0;32mI (209) efuse_init: Chip rev:         v0.2[0m
[0;32mI (213) heap_init: Initializing. RAM available for dynamic allocation:[0m
[0;32mI (219) heap_init: At 3FC99400 len 00050310 (320 KiB): RAM[0m
[0;32mI (224) heap_init: At 3FCE9710 len 00005724 (21 KiB): RAM[0m
[0;32mI (229) heap_init: At 3FCF0000 len 00008000 (32 KiB): DRAM[0m
[0;32mI (234) heap_init: At 600FE000 len 00001FE8 (7 KiB): RTCRAM[0m
[0;32mI (241) spi_flash: detected chip: gd[0m
[0;32mI (243) spi_flash: flash io: dio[0m
[0;33mW (246) spi_flash: Detected size(8192k) larger than the size in the binary image header(2048k). Using the size in the binary image header.[0m
[0;32mI (258) sleep_gpio: Configure to isolate all GPIO pins in sleep state[0m
[0;32mI (265) sleep_gpio: Enable automatic switching of GPIO sleep configuration[0m
[0;32mI (272) main_task: Started on CPU0[0m
[0;32mI (292) main_task: Calling app_main()[0m
Guru Meditation Error: Core  0 panic'ed (LoadProhibited). Exception was unhandled.

Core  0 register dump:
PC      : 0x403781ff  PS      : 0x00060e30  A0      : 0x82010531  A1      : 0x3fc9ba80  
A2      : 0x42009da8  A3      : 0x3fc9bb20  A4      : 0x8037ba3d  A5      : 0x3fc9c300  
A6      : 0x00060023  A7      : 0x00000003  A8      : 0x00060023  A9      : 0x3fc9be88  
A10     : 0x3fc98218  A11     : 0x09cd090c  A12     : 0x8037cbf6  A13     : 0x3fc95da0  
A14     : 0x3fc94d08  A15     : 0x00000000  SAR     : 0x00000018  EXCCAUSE: 0x0000001c  
EXCVADDR: 0x09cd09a8  LBEG    : 0x400570e8  LEND    : 0x400570f3  LCOUNT  : 0x00000000  


Backtrace: 0x403781fc:0x3fc9ba80 0x4201052e:0x3fc9bab0 0x42010665:0x3fc9baf0 0x42009cb3:0x3fc9bb20 0x42009d26:0x3fc9bb70 0x4200b574:0x3fc9bba0 0x4200a62a:0x3fc9bbd0 0x42009fdd:0x3fc9bbf0 0x42009b03:0x3fc9bc10 0x4201903c:0x3fc9bce0 0x4037b6d9:0x3fc9bd10




ELF file SHA256: 5b63c29df

Rebooting...
ESP-ROM:esp32s3-20210327
Build:Mar 27 2021
rst:0xc (RTC_SW_CPU_RST),boot:0x9 (SPI_FAST_FLASH_BOOT)
Saved PC:0x4037abac
SPIWP:0xee
mode:DIO, clock div:1
load:0x3fce2820,len:0x14f0
load:0x403c8700,len:0xd24
load:0x403cb700,len:0x2ef0
entry 0x403c8924
[0;32mI (29) boot: ESP-IDF HEAD-HASH-NOTFOUND 2nd stage bootloader[0m
[0;32mI (29) boot: compile time Mar 10 2026 10:24:35[0m
[0;32mI (29) boot: Multicore bootloader[0m
[0;32mI (30) boot: chip revision: v0.2[0m
[0;32mI (33) boot: efuse block revision: v1.3[0m
[0;32mI (37) boot.esp32s3: Boot SPI Speed : 80MHz[0m
[0;32mI (41) boot.esp32s3: SPI Mode       : DIO[0m
[0;32mI (44) boot.esp32s3: SPI Flash Size : 2MB[0m
[0;32mI (48) boot: Enabling RNG early entropy source...[0m
[0;32mI (53) boot: Partition Table:[0m
[0;32mI (55) boot: ## Label            Usage          Type ST Offset   Length[0m
[0;32mI (62) boot:  0 nvs              WiFi data        01 02 00009000 00006000[0m
[0;32mI (68) boot:  1 phy_init         RF data          01 01 0000f000 00001000[0m
[0;32mI (75) boot:  2 factory          factory app      00 00 00010000 00100000[0m
[0;32mI (81) boot: End of partition table[0m
[0;32mI (84) esp_image: segment 0: paddr=00010020 vaddr=3c020020 size=0c0b4h ( 49332) map[0m
[0;32mI (100) esp_image: segment 1: paddr=0001c0dc vaddr=3fc94c00 size=03280h ( 12928) load[0m
[0;32mI (103) esp_image: segment 2: paddr=0001f364 vaddr=40374000 size=00cb4h (  3252) load[0m
[0;32mI (108) esp_image: segment 3: paddr=00020020 vaddr=42000020 size=19e50h (106064) map[0m
[0;32mI (133) esp_image: segment 4: paddr=00039e78 vaddr=40374cb4 size=0fec8h ( 65224) load[0m
[0;32mI (147) esp_image: segment 5: paddr=00049d48 vaddr=50000000 size=00020h (    32) load[0m
[0;32mI (154) boot: Loaded app from partition at offset 0x10000[0m
[0;32mI (154) boot: Disabling RNG early entropy source...[0m
[0;32mI (165) cpu_start: Multicore app[0m
[0;32mI (174) cpu_start: GPIO 44 and 43 are used as console UART I/O pins[0m
[0;32mI (174) cpu_start: Pro cpu start user code[0m
[0;32mI (174) cpu_start: cpu freq: 160000000 Hz[0m
[0;32mI (176) app_init: Application information:[0m
[0;32mI (180) app_init: Project name:     testf[0m
[0;32mI (183) app_init: App version:      1[0m
[0;32mI (187) app_init: Compile time:     Mar 10 2026 10:24:14[0m
[0;32mI (192) app_init: ELF file SHA256:  5b63c29df...[0m
[0;32mI (196) app_init: ESP-IDF:          HEAD-HASH-NOTFOUND[0m
[0;32mI (201) efuse_init: Min chip rev:     v0.0[0m
[0;32mI (205) efuse_init: Max chip rev:     v0.99 [0m
[0;32mI (209) efuse_init: Chip rev:         v0.2[0m
[0;32mI (213) heap_init: Initializing. RAM available for dynamic allocation:[0m
[0;32mI (219) heap_init: At 3FC99400 len 00050310 (320 KiB): RAM[0m
[0;32mI (224) heap_init: At 3FCE9710 len 00005724 (21 KiB): RAM[0m
[0;32mI (229) heap_init: At 3FCF0000 len 00008000 (32 KiB): DRAM[0m
[0;32mI (234) heap_init: At 600FE000 len 00001FE8 (7 KiB): RTCRAM[0m
[0;32mI (241) spi_flash: detected chip: gd[0m
[0;32mI (243) spi_flash: flash io: dio[0m
[0;33mW (246) spi_flash: Detected size(8192k) larger than the size in the binary image header(2048k). Using the size in the binary image header.[0m
[0;32mI (258) sleep_gpio: Configure to isolate all GPIO pins in sleep state[0m
[0;32mI (265) sleep_gpio: Enable automatic switching of GPIO sleep configuration[0m
[0;32mI (272) main_task: Started on CPU0[0m
[0;32mI (292) main_task: Calling app_main()[0m
Guru Meditation Error: Core  0 panic'ed (LoadProhibited). Exception was unhandled.

Core  0 register dump:
PC      : 0x403781ff  PS      : 0x00060e30  A0      : 0x82010531  A1      : 0x3fc9ba80  
A2      : 0x42009da8  A3      : 0x3fc9bb20  A4      : 0x8037ba3d  A5      : 0x3fc9c300  
A6      : 0x00060023  A7      : 0x00000003  A8      : 0x00060023  A9      : 0x3fc9be88  
A10     : 0x3fc98218  A11     : 0x09cd090c  A12     : 0x8037cbf6  A13     : 0x3fc95da0  
A14     : 0x3fc94d08  A15     : 0x00000000  SAR     : 0x00000018  EXCCAUSE: 0x0000001c  
EXCVADDR: 0x09cd09a8  LBEG    : 0x400570e8  LEND    : 0x400570f3  LCOUNT  : 0x00000000  


Backtrace: 0x403781fc:0x3fc9ba80 0x4201052e:0x3fc9bab0 0x42010665:0x3fc9baf0 0x42009cb3:0x3fc9bb20 0x42009d26:0x3fc9bb70 0x4200b574:0x3fc9bba0 0x4200a62a:0x3fc9bbd0 0x42009fdd:0x3fc9bbf0 0x42009b03:0x3fc9bc10 0x4201903c:0x3fc9bce0 0x4037b6d9:0x3fc9bd10




ELF file SHA256: 5b63c29df

Rebooting...
ESP-ROM:esp32s3-20210327
Build:Mar 27 2021
rst:0xc (RTC_SW_CPU_RST),boot:0x9 (SPI_FAST_FLASH_BOOT)
Saved PC:0x4037abac
SPIWP:0xee
mode:DIO, clock div:1
load:0x3fce2820,len:0x14f0
load:0x403c8700,len:0xd24
load:0x403cb700,len:0x2ef0
entry 0x403c8924
[0;32mI (29) boot: ESP-IDF HEAD-HASH-NOTFOUND 2nd stage bootloader[0m
[0;32mI (29) boot: compile time Mar 10 2026 10:24:35[0m
[0;32mI (29) boot: Multicore bootloader[0m
[0;32mI (30) boot: chip revision: v0.2[0m
[0;32mI (33) boot: efuse block revision: v1.3[0m
[0;32mI (37) boot.esp32s3: Boot SPI Speed : 80MHz[0m
[0;32mI (41) boot.esp32s3: SPI Mode       : DIO[0m
[0;32mI (44) boot.esp32s3: SPI Flash Size : 2MB[0m
[0;32mI (48) boot: Enabling RNG early entropy source...[0m
[0;32mI (53) boot: Partition Table:[0m
[0;32mI (55) boot: ## Label            Usage          Type ST Offset   Length[0m
[0;32mI (62) boot:  0 nvs              WiFi data        01 02 00009000 00006000[0m
[0;32mI (68) boot:  1 phy_init         RF data          01 01 0000f000 00001000[0m
[0;32mI (75) boot:  2 factory          factory app      00 00 00010000 00100000[0m
[0;32mI (81) boot: End of partition table[0m
[0;32mI (84) esp_image: segment 0: paddr=00010020 vaddr=3c020020 size=0c0b4h ( 49332) map[0m
[0;32mI (100) esp_image: segment 1: paddr=0001c0dc vaddr=3fc94c00 size=03280h ( 12928) load[0m
[0;32mI (103) esp_image: segment 2: paddr=0001f364 vaddr=40374000 size=00cb4h (  3252) load[0m
[0;32mI (108) esp_image: segment 3: paddr=00020020 vaddr=42000020 size=19e50h (106064) map[0m
[0;32mI (133) esp_image: segment 4: paddr=00039e78 vaddr=40374cb4 size=0fec8h ( 65224) load[0m
[0;32mI (147) esp_image: segment 5: paddr=00049d48 vaddr=50000000 size=00020h (    32) load[0m
[0;32mI (154) boot: Loaded app from partition at offset 0x10000[0m
[0;32mI (154) boot: Disabling RNG early entropy source...[0m
[0;32mI (165) cpu_start: Multicore app[0m
[0;32mI (174) cpu_start: GPIO 44 and 43 are used as console UART I/O pins[0m
[0;32mI (174) cpu_start: Pro cpu start user code[0m
[0;32mI (174) cpu_start: cpu freq: 160000000 Hz[0m
[0;32mI (176) app_init: Application information:[0m
[0;32mI (180) app_init: Project name:     testf[0m
[0;32mI (183) app_init: App version:      1[0m
[0;32mI (187) app_init: Compile time:     Mar 10 2026 10:24:14[0m
[0;32mI (192) app_init: ELF file SHA256:  5b63c29df...[0m
[0;32mI (196) app_init: ESP-IDF:          HEAD-HASH-NOTFOUND[0m
[0;32mI (201) efuse_init: Min chip rev:     v0.0[0m
[0;32mI (205) efuse_init: Max chip rev:     v0.99 [0m
[0;32mI (209) efuse_init: Chip rev:         v0.2[0m
[0;32mI (213) heap_init: Initializing. RAM available for dynamic allocation:[0m
[0;32mI (219) heap_init: At 3FC99400 len 00050310 (320 KiB): RAM[0m
[0;32mI (224) heap_init: At 3FCE9710 len 00005724 (21 KiB): RAM[0m
[0;32mI (229) heap_init: At 3FCF0000 len 00008000 (32 KiB): DRAM[0m
[0;32mI (234) heap_init: At 600FE000 len 00001FE8 (7 KiB): RTCRAM[0m
[0;32mI (241) spi_flash: detected chip: gd[0m
[0;32mI (243) spi_flash: flash io: dio[0m
[0;33mW (246) spi_flash: Detected size(8192k) larger than the size in the binary image header(2048k). Using the size in the binary image header.[0m
[0;32mI (258) sleep_gpio: Configure to isolate all GPIO pins in sleep state[0m
[0;32mI (265) sleep_gpio: Enable automatic switching of GPIO sleep configuration[0m
[0;32mI (272) main_task: Started on CPU0[0m
[0;32mI (292) main_task: Calling app_main()[0m
Guru Meditation Error: Core  0 panic'ed (LoadProhibited). Exception was unhandled.

Core  0 register dump:
PC      : 0x403781ff  PS      : 0x00060e30  A0      : 0x82010531  A1      : 0x3fc9ba80  
A2      : 0x42009da8  A3      : 0x3fc9bb20  A4      : 0x8037ba3d  A5      : 0x3fc9c300  
A6      : 0x00060023  A7      : 0x00000003  A8      : 0x00060023  A9      : 0x3fc9be88  
A10     : 0x3fc98218  A11     : 0x09cd090c  A12     : 0x8037cbf6  A13     : 0x3fc95da0  
A14     : 0x3fc94d08  A15     : 0x00000000  SAR     : 0x00000018  EXCCAUSE: 0x0000001c  
EXCVADDR: 0x09cd09a8  LBEG    : 0x400570e8  LEND    : 0x400570f3  LCOUNT  : 0x00000000  


Backtrace: 0x403781fc:0x3fc9ba80 0x4201052e:0x3fc9bab0 0x42010665:0x3fc9baf0 0x42009cb3:0x3fc9bb20 0x42009d26:0x3fc9bb70 0x4200b574:0x3fc9bba0 0x4200a62a:0x3fc9bbd0 0x42009fdd:0x3fc9bbf0 0x42009b03:0x3fc9bc10 0x4201903c:0x3fc9bce0 0x4037b6d9:0x3fc9bd10




ELF file SHA256: 5b63c29df

Rebooting...
ESP-ROM:esp32s3-20210327
Build:Mar 27 2021
rst:0xc (RTC_SW_CPU_RST),boot:0x9 (SPI_FAST_FLASH_BOOT)
Saved PC:0x4037abac
SPIWP:0xee
mode:DIO, clock div:1
load:0x3fce2820,len:0x14f0
load:0x403c8700,len:0xd24
load:0x403cb700,len:0x2ef0
entry 0x403c8924
[0;32mI (29) boot: ESP-IDF HEAD-HASH-NOTFOUND 2nd stage bootloader[0m
[0;32mI (29) boot: compile time Mar 10 2026 10:24:35[0m
[0;32mI (29) boot: Multicore bootloader[0m
[0;32mI (30) boot: chip revision: v0.2[0m
[0;32mI (33) boot: efuse block revision: v1.3[0m
[0;32mI (37) boot.esp32s3: Boot SPI Speed : 80MHz[0m
[0;32mI (41) boot.esp32s3: SPI Mode       : DIO[0m
[0;32mI (44) boot.esp32s3: SPI Flash Size : 2MB[0m
[0;32mI (48) boot: Enabling RNG early entropy source...[0m
[0;32mI (53) boot: Partition Table:[0m
[0;32mI (55) boot: ## Label            Usage          Type ST Offset   Length[0m
[0;32mI (62) boot:  0 nvs              WiFi data        01 02 00009000 00006000[0m
[0;32mI (68) boot:  1 phy_init         RF data          01 01 0000f000 00001000[0m
[0;32mI (75) boot:  2 factory          factory app      00 00 00010000 00100000[0m
[0;32mI (81) boot: End of partition table[0m
[0;32mI (84) esp_image: segment 0: paddr=00010020 vaddr=3c020020 size=0c0b4h ( 49332) map[0m
[0;32mI (100) esp_image: segment 1: paddr=0001c0dc vaddr=3fc94c00 size=03280h ( 12928) load[0m
[0;32mI (103) esp_image: segment 2: paddr=0001f364 vaddr=40374000 size=00cb4h (  3252) load[0m
[0;32mI (108) esp_image: segment 3: paddr=00020020 vaddr=42000020 size=19e50h (106064) map[0m
[0;32mI (133) esp_image: segment 4: paddr=00039e78 vaddr=40374cb4 size=0fec8h ( 65224) load[0m
[0;32mI (147) esp_image: segment 5: paddr=00049d48 vaddr=50000000 size=00020h (    32) load[0m
[0;32mI (154) boot: Loaded app from partition at offset 0x10000[0m
[0;32mI (154) boot: Disabling RNG early entropy source...[0m
[0;32mI (165) cpu_start: Multicore app[0m
[0;32mI (174) cpu_start: GPIO 44 and 43 are used as console UART I/O pins[0m
[0;32mI (174) cpu_start: Pro cpu start user code[0m
[0;32mI (174) cpu_start: cpu freq: 160000000 Hz[0m
[0;32mI (176) app_init: Application information:[0m
[0;32mI (180) app_init: Project name:     testf[0m
[0;32mI (183) app_init: App version:      1[0m
[0;32mI (187) app_init: Compile time:     Mar 10 2026 10:24:14[0m
[0;32mI (192) app_init: ELF file SHA256:  5b63c29df...[0m
[0;32mI (196) app_init: ESP-IDF:          HEAD-HASH-NOTFOUND[0m
[0;32mI (201) efuse_init: Min chip rev:     v0.0[0m
[0;32mI (205) efuse_init: Max chip rev:     v0.99 [0m
[0;32mI (209) efuse_init: Chip rev:         v0.2[0m
[0;32mI (213) heap_init: Initializing. RAM available for dynamic allocation:[0m
[0;32mI (219) heap_init: At 3FC99400 len 00050310 (320 KiB): RAM[0m
[0;32mI (224) heap_init: At 3FCE9710 len 00005724 (21 KiB): RAM[0m
[0;32mI (229) heap_init: At 3FCF0000 len 00008000 (32 KiB): DRAM[0m
[0;32mI (234) heap_init: At 600FE000 len 00001FE8 (7 KiB): RTCRAM[0m
[0;32mI (241) spi_flash: detected chip: gd[0m
[0;32mI (243) spi_flash: flash io: dio[0m
[0;33mW (246) spi_flash: Detected size(8192k) larger than the size in the binary image header(2048k). Using the size in the binary image header.[0m
[0;32mI (258) sleep_gpio: Configure to isolate all GPIO pins in sleep state[0m
[0;32mI (265) sleep_gpio: Enable automatic switching of GPIO sleep configuration[0m
[0;32mI (272) main_task: Started on CPU0[0m
[0;32mI (292) main_task: Calling app_main()[0m
Guru Meditation Error: Core  0 panic'ed (LoadProhibited). Exception was unhandled.

Core  0 register dump:
PC      : 0x403781ff  PS      : 0x00060e30  A0      : 0x82010531  A1      : 0x3fc9ba80  
A2      : 0x42009da8  A3      : 0x3fc9bb20  A4      : 0x8037ba3d  A5      : 0x3fc9c300  
A6      : 0x00060023  A7      : 0x00000003  A8      : 0x00060023  A9      : 0x3fc9be88  
A10     : 0x3fc98218  A11     : 0x09cd090c  A12     : 0x8037cbf6  A13     : 0x3fc95da0  
A14     : 0x3fc94d08  A15     : 0x00000000  SAR     : 0x00000018  EXCCAUSE: 0x0000001c  
EXCVADDR: 0x09cd09a8  LBEG    : 0x400570e8  LEND    : 0x400570f3  LCOUNT  : 0x00000000  


Backtrace: 0x403781fc:0x3fc9ba80 0x4201052e:0x3fc9bab0 0x42010665:0x3fc9baf0 0x42009cb3:0x3fc9bb20 0x42009d26:0x3fc9bb70 0x4200b574:0x3fc9bba0 0x4200a62a:0x3fc9bbd0 0x42009fdd:0x3fc9bbf0 0x42009b03:0x3fc9bc10 0x4201903c:0x3fc9bce0 0x4037b6d9:0x3fc9bd10




ELF file SHA256: 5b63c29df

Rebooting...
ESP-ROM:esp32s3-20210327
Build:Mar 27 2021
rst:0xc (RTC_SW_CPU_RST),boot:0x9 (SPI_FAST_FLASH_BOOT)
Saved PC:0x4037abac
SPIWP:0xee
mode:DIO, clock div:1
load:0x3fce2820,len:0x14f0
load:0x403c8700,len:0xd24
load:0x403cb700,len:0x2ef0
entry 0x403c8924
[0;32mI (29) boot: ESP-IDF HEAD-HASH-NOTFOUND 2nd stage bootloader[0m
[0;32mI (29) boot: compile time Mar 10 2026 10:24:35[0m
[0;32mI (29) boot: Multicore bootloader[0m
[0;32mI (30) boot: chip revision: v0.2[0m
[0;32mI (33) boot: efuse block revision: v1.3[0m
[0;32mI (37) boot.esp32s3: Boot SPI Speed : 80MHz[0m
[0;32mI (41) boot.esp32s3: SPI Mode       : DIO[0m
[0;32mI (44) boot.esp32s3: SPI Flash Size : 2MB[0m
[0;32mI (48) boot: Enabling RNG early entropy source...[0m
[0;32mI (53) boot: Partition Table:[0m
[0;32mI (55) boot: ## Label            Usage          Type ST Offset   Length[0m
[0;32mI (62) boot:  0 nvs              WiFi data        01 02 00009000 00006000[0m
[0;32mI (68) boot:  1 phy_init         RF data          01 01 0000f000 00001000[0m
[0;32mI (75) boot:  2 factory          factory app      00 00 00010000 00100000[0m
[0;32mI (81) boot: End of partition table[0m
[0;32mI (84) esp_image: segment 0: paddr=00010020 vaddr=3c020020 size=0c0b4h ( 49332) map[0m
[0;32mI (100) esp_image: segment 1: paddr=0001c0dc vaddr=3fc94c00 size=03280h ( 12928) load[0m
[0;32mI (103) esp_image: segment 2: paddr=0001f364 vaddr=40374000 size=00cb4h (  3252) load[0m
[0;32mI (108) esp_image: segment 3: paddr=00020020 vaddr=42000020 size=19e50h (106064) map[0m
[0;32mI (133) esp_image: segment 4: paddr=00039e78 vaddr=40374cb4 size=0fec8h ( 65224) load[0m
[0;32mI (147) esp_image: segment 5: paddr=00049d48 vaddr=50000000 size=00020h (    32) load[0m
[0;32mI (154) boot: Loaded app from partition at offset 0x10000[0m
[0;32mI (154) boot: Disabling RNG early entropy source...[0m
[0;32mI (165) cpu_start: Multicore app[0m
[0;32mI (174) cpu_start: GPIO 44 and 43 are used as console UART I/O pins[0m
[0;32mI (174) cpu_start: Pro cpu start user code[0m
[0;32mI (174) cpu_start: cpu freq: 160000000 Hz[0m
[0;32mI (176) app_init: Application information:[0m
[0;32mI (180) app_init: Project name:     testf[0m
[0;32mI (183) app_init: App version:      1[0m
[0;32mI (187) app_init: Compile time:     Mar 10 2026 10:24:14[0m
[0;32mI (192) app_init: ELF file SHA256:  5b63c29df...[0m
[0;32mI (196) app_init: ESP-IDF:          HEAD-HASH-NOTFOUND[0m
[0;32mI (201) efuse_init: Min chip rev:     v0.0[0m
[0;32mI (205) efuse_init: Max chip rev:     v0.99 [0m
[0;32mI (209) efuse_init: Chip rev:         v0.2[0m
[0;32mI (213) heap_init: Initializing. RAM available for dynamic allocation:[0m
[0;32mI (219) heap_init: At 3FC99400 len 00050310 (320 KiB): RAM[0m
[0;32mI (224) heap_init: At 3FCE9710 len 00005724 (21 KiB): RAM[0m
[0;32mI (229) heap_init: At 3FCF0000 len 00008000 (32 KiB): DRAM[0m
[0;32mI (234) heap_init: At 600FE000 len 00001FE8 (7 KiB): RTCRAM[0m
[0;32mI (241) spi_flash: detected chip: gd[0m
[0;32mI (243) spi_flash: flash io: dio[0m
[0;33mW (246) spi_flash: Detected size(8192k) larger than the size in the binary image header(2048k). Using the size in the binary image header.[0m
[0;32mI (258) sleep_gpio: Configure to isolate all GPIO pins in sleep state[0m
[0;32mI (265) sleep_gpio: Enable automatic switching of GPIO sleep configuration[0m
[0;32mI (272) main_task: Started on CPU0[0m
[0;32mI (292) main_task: Calling app_main()[0m
Guru Meditation Error: Core  0 panic'ed (LoadProhibited). Exception was unhandled.

Core  0 register dump:
PC      : 0x403781ff  PS      : 0x00060e30  A0      : 0x82010531  A1      : 0x3fc9ba80  
A2      : 0x42009da8  A3      : 0x3fc9bb20  A4      : 0x8037ba3d  A5      : 0x3fc9c300  
A6      : 0x00060023  A7      : 0x00000003  A8      : 0x00060023  A9      : 0x3fc9be88  
A10     : 0x3fc98218  A11     : 0x09cd090c  A12     : 0x8037cbf6  A13     : 0x3fc95da0  
A14     : 0x3fc94d08  A15     : 0x00000000  SAR     : 0x00000018  EXCCAUSE: 0x0000001c  
EXCVADDR: 0x09cd09a8  LBEG    : 0x400570e8  LEND    : 0x400570f3  LCOUNT  : 0x00000000  


Backtrace: 0x403781fc:0x3fc9ba80 0x4201052e:0x3fc9bab0 0x42010665:0x3fc9baf0 0x42009cb3:0x3fc9bb20 0x42009d26:0x3fc9bb70 0x4200b574:0x3fc9bba0 0x4200a62a:0x3fc9bbd0 0x42009fdd:0x3fc9bbf0 0x42009b03:0x3fc9bc10 0x4201903c:0x3fc9bce0 0x4037b6d9:0x3fc9bd10




ELF file SHA256: 5b63c29df

Rebooting...
ESP-ROM:esp32s3-20210327
Build:Mar 27 2021
rst:0xc (RTC_SW_CPU_RST),boot:0x9 (SPI_FAST_FLASH_BOOT)
Saved PC:0x4037abac
SPIWP:0xee
mode:DIO, clock div:1
load:0x3fce2820,len:0x14f0
load:0x403c8700,len:0xd24
load:0x403cb700,len:0x2ef0
entry 0x403c8924
[0;32mI (29) boot: ESP-IDF HEAD-HASH-NOTFOUND 2nd stage bootloader[0m
[0;32mI (29) boot: compile time Mar 10 2026 10:24:35[0m
[0;32mI (29) boot: Multicore bootloader[0m
[0;32mI (30) boot: chip revision: v0.2[0m
[0;32mI (33) boot: efuse block revision: v1.3[0m
[0;32mI (37) boot.esp32s3: Boot SPI Speed : 80MHz[0m
[0;32mI (41) boot.esp32s3: SPI Mode       : DIO[0m
[0;32mI (44) boot.esp32s3: SPI Flash Size : 2MB[0m
[0;32mI (48) boot: Enabling RNG early entropy source...[0m
[0;32mI (53) boot: Partition Table:[0m
[0;32mI (55) boot: ## Label            Usage          Type ST Offset   Length[0m
[0;32mI (62) boot:  0 nvs              WiFi data        01 02 00009000 00006000[0m
[0;32mI (68) boot:  1 phy_init         RF data          01 01 0000f000 00001000[0m
[0;32mI (75) boot:  2 factory          factory app      00 00 00010000 00100000[0m
[0;32mI (81) boot: End of partition table[0m
[0;32mI (84) esp_image: segment 0: paddr=00010020 vaddr=3c020020 size=0c0b4h ( 49332) map[0m
[0;32mI (100) esp_image: segment 1: paddr=0001c0dc vaddr=3fc94c00 size=03280h ( 12928) load[0m
[0;32mI (103) esp_image: segment 2: paddr=0001f364 vaddr=40374000 size=00cb4h (  3252) load[0m
[0;32mI (108) esp_image: segment 3: paddr=00020020 vaddr=42000020 size=19e50h (106064) map[0m
[0;32mI (133) esp_image: segment 4: paddr=00039e78 vaddr=40374cb4 size=0fec8h ( 65224) load[0m
[0;32mI (147) esp_image: segment 5: paddr=00049d48 vaddr=50000000 size=00020h (    32) load[0m
[0;32mI (154) boot: Loaded app from partition at offset 0x10000[0m
[0;32mI (154) boot: Disabling RNG early entropy source...[0m
[0;32mI (165) cpu_start: Multicore app[0m
[0;32mI (174) cpu_start: GPIO 44 and 43 are used as console UART I/O pins[0m
[0;32mI (174) cpu_start: Pro cpu start user code[0m
[0;32mI (174) cpu_start: cpu freq: 160000000 Hz[0m
[0;32mI (176) app_init: Application information:[0m
[0;32mI (180) app_init: Project name:     testf[0m
[0;32mI (183) app_init: App version:      1[0m
[0;32mI (187) app_init: Compile time:     Mar 10 2026 10:24:14[0m
[0;32mI (192) app_init: ELF file SHA256:  5b63c29df...[0m
[0;32mI (196) app_init: ESP-IDF:          HEAD-HASH-NOTFOUND[0m
[0;32mI (201) efuse_init: Min chip rev:     v0.0[0m
[0;32mI (205) efuse_init: Max chip rev:     v0.99 [0m
[0;32mI (209) efuse_init: Chip rev:         v0.2[0m
[0;32mI (213) heap_init: Initializing. RAM available for dynamic allocation:[0m
[0;32mI (219) heap_init: At 3FC99400 len 00050310 (320 KiB): RAM[0m
[0;32mI (224) heap_init: At 3FCE9710 len 00005724 (21 KiB): RAM[0m
[0;32mI (229) heap_init: At 3FCF0000 len 00008000 (32 KiB): DRAM[0m
[0;32mI (234) heap_init: At 600FE000 len 00001FE8 (7 KiB): RTCRAM[0m
[0;32mI (241) spi_flash: detected chip: gd[0m
[0;32mI (243) spi_flash: flash io: dio[0m
[0;33mW (246) spi_flash: Detected size(8192k) larger than the size in the binary image header(2048k). Using the size in the binary image header.[0m
[0;32mI (258) sleep_gpio: Configure to isolate all GPIO pins in sleep state[0m
[0;32mI (265) sleep_gpio: Enable automatic switching of GPIO sleep configuration[0m
[0;32mI (272) main_task: Started on CPU0[0m
[0;32mI (292) main_task: Calling app_main()[0m
Guru Meditation Error: Core  0 panic'ed (LoadProhibited). Exception was unhandled.

Core  0 register dump:
PC      : 0x403781ff  PS      : 0x00060e30  A0      : 0x82010531  A1      : 0x3fc9ba80  
A2      : 0x42009da8  A3      : 0x3fc9bb20  A4      : 0x8037ba3d  A5      : 0x3fc9c300  
A6      : 0x00060023  A7      : 0x00000003  A8      : 0x00060023  A9      : 0x3fc9be88  
A10     : 0x3fc98218  A11     : 0x09cd090c  A12     : 0x8037cbf6  A13     : 0x3fc95da0  
A14     : 0x3fc94d08  A15     : 0x00000000  SAR     : 0x00000018  EXCCAUSE: 0x0000001c  
EXCVADDR: 0x09cd09a8  LBEG    : 0x400570e8  LEND    : 0x400570f3  LCOUNT  : 0x00000000  


Backtrace: 0x403781fc:0x3fc9ba80 0x4201052e:0x3fc9bab0 0x42010665:0x3fc9baf0 0x42009cb3:0x3fc9bb20 0x42009d26:0x3fc9bb70 0x4200b574:0x3fc9bba0 0x4200a62a:0x3fc9bbd0 0x42009fdd:0x3fc9bbf0 0x42009b03:0x3fc9bc10 0x4201903c:0x3fc9bce0 0x4037b6d9:0x3fc9bd10




ELF file SHA256: 5b63c29df

Rebooting...
ESP-ROM:esp32s3-20210327
Build:Mar 27 2021
rst:0xc (RTC_SW_CPU_RST),boot:0x9 (SPI_FAST_FLASH_BOOT)
Saved PC:0x4037abac
SPIWP:0xee
mode:DIO, clock div:1
load:0x3fce2820,len:0x14f0
load:0x403c8700,len:0xd24
load:0x403cb700,len:0x2ef0
entry 0x403c8924
[0;32mI (29) boot: ESP-IDF HEAD-HASH-NOTFOUND 2nd stage bootloader[0m
[0;32mI (29) boot: compile time Mar 10 2026 10:24:35[0m
[0;32mI (29) boot: Multicore bootloader[0m
[0;32mI (30) boot: chip revision: v0.2[0m
[0;32mI (33) boot: efuse block revision: v1.3[0m
[0;32mI (37) boot.esp32s3: Boot SPI Speed : 80MHz[0m
[0;32mI (41) boot.esp32s3: SPI Mode       : DIO[0m
[0;32mI (44) boot.esp32s3: SPI Flash Size : 2MB[0m
[0;32mI (48) boot: Enabling RNG early entropy source...[0m
[0;32mI (53) boot: Partition Table:[0m
[0;32mI (55) boot: ## Label            Usage          Type ST Offset   Length[0m
[0;32mI (62) boot:  0 nvs              WiFi data        01 02 00009000 00006000[0m
[0;32mI (68) boot:  1 phy_init         RF data          01 01 0000f000 00001000[0m
[0;32mI (75) boot:  2 factory          factory app      00 00 00010000 00100000[0m
[0;32mI (81) boot: End of partition table[0m
[0;32mI (84) esp_image: segment 0: paddr=00010020 vaddr=3c020020 size=0c0b4h ( 49332) map[0m
[0;32mI (100) esp_image: segment 1: paddr=0001c0dc vaddr=3fc94c00 size=03280h ( 12928) load[0m
[0;32mI (103) esp_image: segment 2: paddr=0001f364 vaddr=40374000 size=00cb4h (  3252) load[0m
[0;32mI (108) esp_image: segment 3: paddr=00020020 vaddr=42000020 size=19e50h (106064) map[0m
[0;32mI (133) esp_image: segment 4: paddr=00039e78 vaddr=40374cb4 size=0fec8h ( 65224) load[0m
[0;32mI (147) esp_image: segment 5: paddr=00049d48 vaddr=50000000 size=00020h (    32) load[0m
[0;32mI (154) boot: Loaded app from partition at offset 0x10000[0m
[0;32mI (154) boot: Disabling RNG early entropy source...[0m
[0;32mI (165) cpu_start: Multicore app[0m
[0;32mI (174) cpu_start: GPIO 44 and 43 are used as console UART I/O pins[0m
[0;32mI (174) cpu_start: Pro cpu start user code[0m
[0;32mI (174) cpu_start: cpu freq: 160000000 Hz[0m
[0;32mI (176) app_init: Application information:[0m
[0;32mI (180) app_init: Project name:     testf[0m
[0;32mI (183) app_init: App version:      1[0m
[0;32mI (187) app_init: Compile time:     Mar 10 2026 10:24:14[0m
[0;32mI (192) app_init: ELF file SHA256:  5b63c29df...[0m
[0;32mI (196) app_init: ESP-IDF:          HEAD-HASH-NOTFOUND[0m
[0;32mI (201) efuse_init: Min chip rev:     v0.0[0m
[0;32mI (205) efuse_init: Max chip rev:     v0.99 [0m
[0;32mI (209) efuse_init: Chip rev:         v0.2[0m
[0;32mI (213) heap_init: Initializing. RAM available for dynamic allocation:[0m
[0;32mI (219) heap_init: At 3FC99400 len 00050310 (320 KiB): RAM[0m
[0;32mI (224) heap_init: At 3FCE9710 len 00005724 (21 KiB): RAM[0m
[0;32mI (229) heap_init: At 3FCF0000 len 00008000 (32 KiB): DRAM[0m
[0;32mI (234) heap_init: At 600FE000 len 00001FE8 (7 KiB): RTCRAM[0m
[0;32mI (241) spi_flash: detected chip: gd[0m
[0;32mI (243) spi_flash: flash io: dio[0m
[0;33mW (246) spi_flash: Detected size(8192k) larger than the size in the binary image header(2048k). Using the size in the binary image header.[0m
[0;32mI (258) sleep_gpio: Configure to isolate all GPIO pins in sleep state[0m
[0;32mI (265) sleep_gpio: Enable automatic switching of GPIO sleep configuration[0m
[0;32mI (272) main_task: Started on CPU0[0m
[0;32mI (292) main_task: Calling app_main()[0m
Guru Meditation Error: Core  0 panic'ed (LoadProhibited). Exception was unhandled.

Core  0 register dump:
PC      : 0x403781ff  PS      : 0x00060e30  A0      : 0x82010531  A1      : 0x3fc9ba80  
A2      : 0x42009da8  A3      : 0x3fc9bb20  A4      : 0x8037ba3d  A5      : 0x3fc9c300  
A6      : 0x00060023  A7      : 0x00000003  A8      : 0x00060023  A9      : 0x3fc9be88  
A10     : 0x3fc98218  A11     : 0x09cd090c  A12     : 0x8037cbf6  A13     : 0x3fc95da0  
A14     : 0x3fc94d08  A15     : 0x00000000  SAR     : 0x00000018  EXCCAUSE: 0x0000001c  
EXCVADDR: 0x09cd09a8  LBEG    : 0x400570e8  LEND    : 0x400570f3  LCOUNT  : 0x00000000  


Backtrace: 0x403781fc:0x3fc9ba80 0x4201052e:0x3fc9bab0 0x42010665:0x3fc9baf0 0x42009cb3:0x3fc9bb20 0x42009d26:0x3fc9bb70 0x4200b574:0x3fc9bba0 0x4200a62a:0x3fc9bbd0 0x42009fdd:0x3fc9bbf0 0x42009b03:0x3fc9bc10 0x4201903c:0x3fc9bce0 0x4037b6d9:0x3fc9bd10




ELF file SHA256: 5b63c29df

Rebooting...
ESP-ROM:esp32s3-20210327
Build:Mar 27 2021
rst:0xc (RTC_SW_CPU_RST),boot:0x9 (SPI_FAST_FLASH_BOOT)
Saved PC:0x4037abac
SPIWP:0xee
mode:DIO, clock div:1
load:0x3fce2820,len:0x14f0
load:0x403c8700,len:0xd24
load:0x403cb700,len:0x2ef0
entry 0x403c8924
[0;32mI (29) boot: ESP-IDF HEAD-HASH-NOTFOUND 2nd stage bootloader[0m
[0;32mI (29) boot: compile time Mar 10 2026 10:24:35[0m
[0;32mI (29) boot: Multicore bootloader[0m
[0;32mI (30) boot: chip revision: v0.2[0m
[0;32mI (33) boot: efuse block revision: v1.3[0m
[0;32mI (37) boot.esp32s3: Boot SPI Speed : 80MHz[0m
[0;32mI (41) boot.esp32s3: SPI Mode       : DIO[0m
[0;32mI (44) boot.esp32s3: SPI Flash Size : 2MB[0m
[0;32mI (48) boot: Enabling RNG early entropy source...[0m
[0;32mI (53) boot: Partition Table:[0m
[0;32mI (55) boot: ## Label            Usage          Type ST Offset   Length[0m
[0;32mI (62) boot:  0 nvs              WiFi data        01 02 00009000 00006000[0m
[0;32mI (68) boot:  1 phy_init         RF data          01 01 0000f000 00001000[0m
[0;32mI (75) boot:  2 factory          factory app      00 00 00010000 00100000[0m
[0;32mI (81) boot: End of partition table[0m
[0;32mI (84) esp_image: segment 0: paddr=00010020 vaddr=3c020020 size=0c0b4h ( 49332) map[0m
[0;32mI (100) esp_image: segment 1: paddr=0001c0dc vaddr=3fc94c00 size=03280h ( 12928) load[0m
[0;32mI (103) esp_image: segment 2: paddr=0001f364 vaddr=40374000 size=00cb4h (  3252) load[0m
[0;32mI (108) esp_image: segment 3: paddr=00020020 vaddr=42000020 size=19e50h (106064) map[0m
[0;32mI (133) esp_image: segment 4: paddr=00039e78 vaddr=40374cb4 size=0fec8h ( 65224) load[0m
[0;32mI (147) esp_image: segment 5: paddr=00049d48 vaddr=50000000 size=00020h (    32) load[0m
[0;32mI (154) boot: Loaded app from partition at offset 0x10000[0m
[0;32mI (154) boot: Disabling RNG early entropy source...[0m
[0;32mI (165) cpu_start: Multicore app[0m
[0;32mI (174) cpu_start: GPIO 44 and 43 are used as console UART I/O pins[0m
[0;32mI (174) cpu_start: Pro cpu start user code[0m
[0;32mI (174) cpu_start: cpu freq: 160000000 Hz[0m
[0;32mI (176) app_init: Application information:[0m
[0;32mI (180) app_init: Project name:     testf[0m
[0;32mI (183) app_init: App version:      1[0m
[0;32mI (187) app_init: Compile time:     Mar 10 2026 10:24:14[0m
[0;32mI (192) app_init: ELF file SHA256:  5b63c29df...[0m
[0;32mI (196) app_init: ESP-IDF:          HEAD-HASH-NOTFOUND[0m
[0;32mI (201) efuse_init: Min chip rev:     v0.0[0m
[0;32mI (205) efuse_init: Max chip rev:     v0.99 [0m
[0;32mI (209) efuse_init: Chip rev:         v0.2[0m
[0;32mI (213) heap_init: Initializing. RAM available for dynamic allocation:[0m
[0;32mI (219) heap_init: At 3FC99400 len 00050310 (320 KiB): RAM[0m
[0;32mI (224) heap_init: At 3FCE9710 len 00005724 (21 KiB): RAM[0m
[0;32mI (229) heap_init: At 3FCF0000 len 00008000 (32 KiB): DRAM[0m
[0;32mI (234) heap_init: At 600FE000 len 00001FE8 (7 KiB): RTCRAM[0m
[0;32mI (241) spi_flash: detected chip: gd[0m
[0;32mI (243) spi_flash: flash io: dio[0m
[0;33mW (246) spi_flash: Detected size(8192k) larger than the size in the binary image header(2048k). Using the size in the binary image header.[0m
[0;32mI (258) sleep_gpio: Configure to isolate all GPIO pins in sleep state[0m
[0;32mI (265) sleep_gpio: Enable automatic switching of GPIO sleep configuration[0m
[0;32mI (272) main_task: Started on CPU0[0m
[0;32mI (292) main_task: Calling app_main()[0m
Guru Meditation Error: Core  0 panic'ed (LoadProhibited). Exception was unhandled.

Core  0 register dump:
PC      : 0x403781ff  PS      : 0x00060e30  A0      : 0x82010531  A1      : 0x3fc9ba80  
A2      : 0x42009da8  A3      : 0x3fc9bb20  A4      : 0x8037ba3d  A5      : 0x3fc9c300  
A6      : 0x00060023  A7      : 0x00000003  A8      : 0x00060023  A9      : 0x3fc9be88  
A10     : 0x3fc98218  A11     : 0x09cd090c  A12     : 0x8037cbf6  A13     : 0x3fc95da0  
A14     : 0x3fc94d08  A15     : 0x00000000  SAR     : 0x00000018  EXCCAUSE: 0x0000001c  
EXCVADDR: 0x09cd09a8  LBEG    : 0x400570e8  LEND    : 0x400570f3  LCOUNT  : 0x00000000  


Backtrace: 0x403781fc:0x3fc9ba80 0x4201052e:0x3fc9bab0 0x42010665:0x3fc9baf0 0x42009cb3:0x3fc9bb20 0x42009d26:0x3fc9bb70 0x4200b574:0x3fc9bba0 0x4200a62a:0x3fc9bbd0 0x42009fdd:0x3fc9bbf0 0x42009b03:0x3fc9bc10 0x4201903c:0x3fc9bce0 0x4037b6d9:0x3fc9bd10




ELF file SHA256: 5b63c29df

Rebooting...
ESP-ROM:esp32s3-20210327
Build:Mar 27 2021
rst:0xc (RTC_SW_CPU_RST),boot:0x9 (SPI_FAST_FLASH_BOOT)
Saved PC:0x4037abac
SPIWP:0xee
mode:DIO, clock div:1
load:0x3fce2820,len:0x14f0
load:0x403c8700,len:0xd24
load:0x403cb700,len:0x2ef0
entry 0x403c8924
[0;32mI (29) boot: ESP-IDF HEAD-HASH-NOTFOUND 2nd stage bootloader[0m
[0;32mI (29) boot: compile time Mar 10 2026 10:24:35[0m
[0;32mI (29) boot: Multicore bootloader[0m
[0;32mI (30) boot: chip revision: v0.2[0m
[0;32mI (33) boot: efuse block revision: v1.3[0m
[0;32mI (37) boot.esp32s3: Boot SPI Speed : 80MHz[0m
[0;32mI (41) boot.esp32s3: SPI Mode       : DIO[0m
[0;32mI (44) boot.esp32s3: SPI Flash Size : 2MB[0m
[0;32mI (48) boot: Enabling RNG early entropy source...[0m
[0;32mI (53) boot: Partition Table:[0m
[0;32mI (55) boot: ## Label            Usage          Type ST Offset   Length[0m
[0;32mI (62) boot:  0 nvs              WiFi data        01 02 00009000 00006000[0m
[0;32mI (68) boot:  1 phy_init         RF data          01 01 0000f000 00001000[0m
[0;32mI (75) boot:  2 factory          factory app      00 00 00010000 00100000[0m
[0;32mI (81) boot: End of partition table[0m
[0;32mI (84) esp_image: segment 0: paddr=00010020 vaddr=3c020020 size=0c0b4h ( 49332) map[0m
[0;32mI (100) esp_image: segment 1: paddr=0001c0dc vaddr=3fc94c00 size=03280h ( 12928) load[0m
[0;32mI (103) esp_image: segment 2: paddr=0001f364 vaddr=40374000 size=00cb4h (  3252) load[0m
[0;32mI (108) esp_image: segment 3: paddr=00020020 vaddr=42000020 size=19e50h (106064) map[0m
[0;32mI (133) esp_image: segment 4: paddr=00039e78 vaddr=40374cb4 size=0fec8h ( 65224) load[0m
[0;32mI (147) esp_image: segment 5: paddr=00049d48 vaddr=50000000 size=00020h (    32) load[0m
[0;32mI (154) boot: Loaded app from partition at offset 0x10000[0m
[0;32mI (154) boot: Disabling RNG early entropy source...[0m
[0;32mI (165) cpu_start: Multicore app[0m
[0;32mI (174) cpu_start: GPIO 44 and 43 are used as console UART I/O pins[0m
[0;32mI (174) cpu_start: Pro cpu start user code[0m
[0;32mI (174) cpu_start: cpu freq: 160000000 Hz[0m
[0;32mI (176) app_init: Application information:[0m
[0;32mI (180) app_init: Project name:     testf[0m
[0;32mI (183) app_init: App version:      1[0m
[0;32mI (187) app_init: Compile time:     Mar 10 2026 10:24:14[0m
[0;32mI (192) app_init: ELF file SHA256:  5b63c29df...[0m
[0;32mI (196) app_init: ESP-IDF:          HEAD-HASH-NOTFOUND[0m
[0;32mI (201) efuse_init: Min chip rev:     v0.0[0m
[0;32mI (205) efuse_init: Max chip rev:     v0.99 [0m
[0;32mI (209) efuse_init: Chip rev:         v0.2[0m
[0;32mI (213) heap_init: Initializing. RAM available for dynamic allocation:[0m
[0;32mI (219) heap_init: At 3FC99400 len 00050310 (320 KiB): RAM[0m
[0;32mI (224) heap_init: At 3FCE9710 len 00005724 (21 KiB): RAM[0m
[0;32mI (229) heap_init: At 3FCF0000 len 00008000 (32 KiB): DRAM[0m
[0;32mI (234) heap_init: At 600FE000 len 00001FE8 (7 KiB): RTCRAM[0m
[0;32mI (241) spi_flash: detected chip: gd[0m
[0;32mI (243) spi_flash: flash io: dio[0m
[0;33mW (246) spi_flash: Detected size(8192k) larger than the size in the binary image header(2048k). Using the size in the binary image header.[0m
[0;32mI (258) sleep_gpio: Configure to isolate all GPIO pins in sleep state[0m
[0;32mI (265) sleep_gpio: Enable automatic switching of GPIO sleep configuration[0m
[0;32mI (272) main_task: Started on CPU0[0m
[0;32mI (292) main_task: Calling app_main()[0m
Guru Meditation Error: Core  0 panic'ed (LoadProhibited). Exception was unhandled.

Core  0 register dump:
PC      : 0x403781ff  PS      : 0x00060e30  A0      : 0x82010531  A1      : 0x3fc9ba80  
A2      : 0x42009da8  A3      : 0x3fc9bb20  A4      : 0x8037ba3d  A5      : 0x3fc9c300  
A6      : 0x00060023  A7      : 0x00000003  A8      : 0x00060023  A9      : 0x3fc9be88  
A10     : 0x3fc98218  A11     : 0x09cd090c  A12     : 0x8037cbf6  A13     : 0x3fc95da0  
A14     : 0x3fc94d08  A15     : 0x00000000  SAR     : 0x00000018  EXCCAUSE: 0x0000001c  
EXCVADDR: 0x09cd09a8  LBEG    : 0x400570e8  LEND    : 0x400570f3  LCOUNT  : 0x00000000  


Backtrace: 0x403781fc:0x3fc9ba80 0x4201052e:0x3fc9bab0 0x42010665:0x3fc9baf0 0x42009cb3:0x3fc9bb20 0x42009d26:0x3fc9bb70 0x4200b574:0x3fc9bba0 0x4200a62a:0x3fc9bbd0 0x42009fdd:0x3fc9bbf0 0x42009b03:0x3fc9bc10 0x4201903c:0x3fc9bce0 0x4037b6d9:0x3fc9bd10




ELF file SHA256: 5b63c29df

Rebooting...
ESP-ROM:esp32s3-20210327
Build:Mar 27 2021
rst:0xc (RTC_SW_CPU_RST),boot:0x9 (SPI_FAST_FLASH_BOOT)
Saved PC:0x4037abac
SPIWP:0xee
mode:DIO, clock div:1
load:0x3fce2820,len:0x14f0
load:0x403c8700,len:0xd24
load:0x403cb700,len:0x2ef0
entry 0x403c8924
[0;32mI (29) boot: ESP-IDF HEAD-HASH-NOTFOUND 2nd stage bootloader[0m
[0;32mI (29) boot: compile time Mar 10 2026 10:24:35[0m
[0;32mI (29) boot: Multicore bootloader[0m
[0;32mI (30) boot: chip revision: v0.2[0m
[0;32mI (33) boot: efuse block revision: v1.3[0m
[0;32mI (37) boot.esp32s3: Boot SPI Speed : 80MHz[0m
[0;32mI (41) boot.esp32s3: SPI Mode       : DIO[0m
[0;32mI (44) boot.esp32s3: SPI Flash Size : 2MB[0m
[0;32mI (48) boot: Enabling RNG early entropy source...[0m
[0;32mI (53) boot: Partition Table:[0m
[0;32mI (55) boot: ## Label            Usage          Type ST Offset   Length[0m
[0;32mI (62) boot:  0 nvs              WiFi data        01 02 00009000 00006000[0m
[0;32mI (68) boot:  1 phy_init         RF data          01 01 0000f000 00001000[0m
[0;32mI (75) boot:  2 factory          factory app      00 00 00010000 00100000[0m
[0;32mI (81) boot: End of partition table[0m
[0;32mI (84) esp_image: segment 0: paddr=00010020 vaddr=3c020020 size=0c0b4h ( 49332) map[0m
[0;32mI (100) esp_image: segment 1: paddr=0001c0dc vaddr=3fc94c00 size=03280h ( 12928) load[0m
[0;32mI (103) esp_image: segment 2: paddr=0001f364 vaddr=40374000 size=00cb4h (  3252) load[0m
[0;32mI (108) esp_image: segment 3: paddr=00020020 vaddr=42000020 size=19e50h (106064) map[0m
[0;32mI (133) esp_image: segment 4: paddr=00039e78 vaddr=40374cb4 size=0fec8h ( 65224) load[0m
[0;32mI (147) esp_image: segment 5: paddr=00049d48 vaddr=50000000 size=00020h (    32) load[0m
[0;32mI (154) boot: Loaded app from partition at offset 0x10000[0m
[0;32mI (154) boot: Disabling RNG early entropy source...[0m
[0;32mI (165) cpu_start: Multicore app[0m
[0;32mI (174) cpu_start: GPIO 44 and 43 are used as console UART I/O pins[0m
[0;32mI (174) cpu_start: Pro cpu start user code[0m
[0;32mI (174) cpu_start: cpu freq: 160000000 Hz[0m
[0;32mI (176) app_init: Application information:[0m
