Command: d:\Espressif\python_env\idf5.5_py3.11_env\Scripts\python.exe D:\esp\v5.5.3\esp-idf\tools/idf_monitor.py -p COM3 -b 115200 --toolchain-prefix xtensa-esp32s3-elf- --target esp32s3 --revision 0 D:\testf\build\testf.elf D:\testf\build\bootloader\bootloader.elf --force-color -m 'd:\Espressif\python_env\idf5.5_py3.11_env\Scripts\python.exe' 'D:\esp\v5.5.3\esp-idf\tools\idf.py'
boot: efuse blo�ESP-ROM:esp32s3-20210327
Build:Mar 27 2021
rst:0x1 (POWERON),boot:0xb (SPI_FAST_FLASH_BOOT)
SPIWP:0xee
mode:DIO, clock div:1
load:0x3fce2820,len:0x14f0
load:0x403c8700,len:0xd24
load:0x403cb700,len:0x2ef0
entry 0x403c8924
[0;32mI (24) boot: ESP-IDF HEAD-HASH-NOTFOUND 2nd stage bootloader[0m
[0;32mI (25) boot: compile time Mar 10 2026 10:24:35[0m
[0;32mI (25) boot: Multicore bootloader[0m
[0;32mI (26) boot: chip revision: v0.2[0m
[0;32mI (29) boot: efuse block revision: v1.3[0m
[0;32mI (32) boot.esp32s3: Boot SPI Speed : 80MHz[0m
[0;32mI (36) boot.esp32s3: SPI Mode       : DIO[0m
[0;32mI (40) boot.esp32s3: SPI Flash Size : 2MB[0m
[0;32mI (44) boot: Enabling RNG early entropy source...[0m
[0;32mI (48) boot: Partition Table:[0m
[0;32mI (51) boot: ## Label            Usage          Type ST Offset   Length[0m
[0;32mI (57) boot:  0 nvs              WiFi data        01 02 00009000 00006000[0m
[0;32mI (64) boot:  1 phy_init         RF data          01 01 0000f000 00001000[0m
[0;32mI (70) boot:  2 factory          factory app      00 00 00010000 00100000[0m
[0;32mI (77) boot: End of partition table[0m
[0;32mI (80) esp_image: segment 0: paddr=00010020 vaddr=3c020020 size=0d724h ( 55076) map[0m
[0;32mI (97) esp_image: segment 1: paddr=0001d74c vaddr=3fc95e00 size=028cch ( 10444) load[0m
[0;32mI (100) esp_image: segment 2: paddr=00020020 vaddr=42000020 size=1e4fch (124156) map[0m
[0;32mI (124) esp_image: segment 3: paddr=0003e524 vaddr=3fc986cc size=009e0h (  2528) load[0m
[0;32mI (125) esp_image: segment 4: paddr=0003ef0c vaddr=40374000 size=11cf8h ( 72952) load[0m
[0;32mI (144) esp_image: segment 5: paddr=00050c0c vaddr=50000000 size=00020h (    32) load[0m
[0;32mI (151) boot: Loaded app from partition at offset 0x10000[0m
[0;32mI (151) boot: Disabling RNG early entropy source...[0m
[0;32mI (162) cpu_start: Multicore app[0m
[0;32mI (170) cpu_start: GPIO 44 and 43 are used as console UART I/O pins[0m
[0;32mI (171) cpu_start: Pro cpu start user code[0m
[0;32mI (171) cpu_start: cpu freq: 160000000 Hz[0m
[0;32mI (172) app_init: Application information:[0m
[0;32mI (176) app_init: Project name:     testf[0m
[0;32mI (180) app_init: App version:      d273d9c-dirty[0m
[0;32mI (184) app_init: Compile time:     Mar 11 2026 10:41:45[0m
[0;32mI (189) app_init: ELF file SHA256:  6eaf9e0de...[0m
[0;32mI (194) app_init: ESP-IDF:          HEAD-HASH-NOTFOUND[0m
[0;32mI (199) efuse_init: Min chip rev:     v0.0[0m
[0;32mI (202) efuse_init: Max chip rev:     v0.99 [0m
[0;32mI (206) efuse_init: Chip rev:         v0.2[0m
[0;32mI (210) heap_init: Initializing. RAM available for dynamic allocation:[0m
[0;32mI (217) heap_init: At 3FC9B040 len 0004E6D0 (313 KiB): RAM[0m
[0;32mI (222) heap_init: At 3FCE9710 len 00005724 (21 KiB): RAM[0m
[0;32mI (227) heap_init: At 3FCF0000 len 00008000 (32 KiB): DRAM[0m
[0;32mI (232) heap_init: At 600FE000 len 00001FE8 (7 KiB): RTCRAM[0m
[0;32mI (238) spi_flash: detected chip: gd[0m
[0;32mI (241) spi_flash: flash io: dio[0m
[0;33mW (244) spi_flash: Detected size(8192k) larger than the size in the binary image header(2048k). Using the size in the binary image header.[0m
[0;32mI (256) sleep_gpio: Configure to isolate all GPIO pins in sleep state[0m
[0;32mI (262) sleep_gpio: Enable automatic switching of GPIO sleep configuration[0m
[0;32mI (269) main_task: Started on CPU0[0m
[0;32mI (289) main_task: Calling app_main()[0m
================IO DUMP Start================
IO[3] -
  Pullup: 0, Pulldown: 0, DriveCap: 2
  InputEn: 1, OutputEn: [periph_sig_ctrl], OpenDrain: 0
  FuncSel: 0 (IOMUX)
  SleepSelEn: 1

IO[26] -
  Pullup: 1, Pulldown: 0, DriveCap: 2
  InputEn: 1, OutputEn: [periph_sig_ctrl], OpenDrain: 0
  FuncSel: 1 (GPIO)
  GPIO Matrix SigOut ID: 256 (simple GPIO output)
  GPIO Matrix SigIn ID: (simple GPIO input)
  SleepSelEn: 1

IO[47] -
  Pullup: 0, Pulldown: 0, DriveCap: 2
  InputEn: 1, OutputEn: [periph_sig_ctrl], OpenDrain: 0
  FuncSel: 1 (GPIO)
  GPIO Matrix SigOut ID: 256 (simple GPIO output)
  GPIO Matrix SigIn ID: (simple GPIO input)
  SleepSelEn: 1

IO[48] -
  Pullup: 0, Pulldown: 0, DriveCap: 2
  InputEn: 1, OutputEn: [periph_sig_ctrl], OpenDrain: 0
  FuncSel: 1 (GPIO)
  GPIO Matrix SigOut ID: 256 (simple GPIO output)
  GPIO Matrix SigIn ID: (simple GPIO input)
  SleepSelEn: 1

=================IO DUMP End=================
[1;31mE (1259) BNO08x: Initialization failed, sh2_getProdIds() call failed.[0m
[1;31mE (1259) testf: Init failure, returning from main.[0m
[0;32mI (1259) main_task: Returned from app_main()[0m
ESP-ROM:esp32s3-20210327
Build:Mar 27 2021
rst:0x1 (POWERON),boot:0xb (SPI_FAST_FLASH_BOOT)
SPIWP:0xee
mode:DIO, clock div:1
load:0x3fce2820,len:0x14f0
load:0x403c8700,len:0xd24
load:0x403cb700,len:0x2ef0
entry 0x403c8924
[0;32mI (24) boot: ESP-IDF HEAD-HASH-NOTFOUND 2nd stage bootloader[0m
[0;32mI (25) boot: compile time Mar 10 2026 10:24:35[0m
[0;32mI (25) boot: Multicore bootloader[0m
[0;32mI (26) boot: chip revision: v0.2[0m
[0;32mI (29) boot: efuse block revision: v1.3[0m
[0;32mI (32) boot.esp32s3: Boot SPI Speed : 80MHz[0m
[0;32mI (36) boot.esp32s3: SPI Mode       : DIO[0m
[0;32mI (40) boot.esp32s3: SPI Flash Size : 2MB[0m
[0;32mI (44) boot: Enabling RNG early entropy source...[0m
[0;32mI (48) boot: Partition Table:[0m
[0;32mI (51) boot: ## Label            Usage          Type ST Offset   Length[0m
[0;32mI (57) boot:  0 nvs              WiFi data        01 02 00009000 00006000[0m
[0;32mI (64) boot:  1 phy_init         RF data          01 01 0000f000 00001000[0m
[0;32mI (70) boot:  2 factory          factory app      00 00 00010000 00100000[0m
[0;32mI (77) boot: End of partition table[0m
[0;32mI (80) esp_image: segment 0: paddr=00010020 vaddr=3c020020 size=0d724h ( 55076) map[0m
[0;32mI (97) esp_image: segment 1: paddr=0001d74c vaddr=3fc95e00 size=028cch ( 10444) load[0m
[0;32mI (100) esp_image: segment 2: paddr=00020020 vaddr=42000020 size=1e4fch (124156) map[0m
[0;32mI (124) esp_image: segment 3: paddr=0003e524 vaddr=3fc986cc size=009e0h (  2528) load[0m
[0;32mI (125) esp_image: segment 4: paddr=0003ef0c vaddr=40374000 size=11cf8h ( 72952) load[0m
[0;32mI (144) esp_image: segment 5: paddr=00050c0c vaddr=50000000 size=00020h (    32) load[0m
[0;32mI (151) boot: Loaded app from partition at offset 0x10000[0m
[0;32mI (151) boot: Disabling RNG early entropy source...[0m
[0;32mI (162) cpu_start: Multicore app[0m
[0;32mI (170) cpu_start: GPIO 44 and 43 are used as console UART I/O pins[0m
[0;32mI (171) cpu_start: Pro cpu start user code[0m
[0;32mI (171) cpu_start: cpu freq: 160000000 Hz[0m
[0;32mI (172) app_init: Application information:[0m
[0;32mI (176) app_init: Project name:     testf[0m
[0;32mI (180) app_init: App version:      d273d9c-dirty[0m
[0;32mI (184) app_init: Compile time:     Mar 11 2026 10:41:45[0m
[0;32mI (189) app_init: ELF file SHA256:  6eaf9e0de...[0m
[0;32mI (194) app_init: ESP-IDF:          HEAD-HASH-NOTFOUND[0m
[0;32mI (199) efuse_init: Min chip rev:     v0.0[0m
[0;32mI (202) efuse_init: Max chip rev:     v0.99 [0m
[0;32mI (206) efuse_init: Chip rev:         v0.2[0m
[0;32mI (210) heap_init: Initializing. RAM available for dynamic allocation:[0m
[0;32mI (217) heap_init: At 3FC9B040 len 0004E6D0 (313 KiB): RAM[0m
[0;32mI (222) heap_init: At 3FCE9710 len 00005724 (21 KiB): RAM[0m
[0;32mI (227) heap_init: At 3FCF0000 len 00008000 (32 KiB): DRAM[0m
[0;32mI (232) heap_init: At 600FE000 len 00001FE8 (7 KiB): RTCRAM[0m
[0;32mI (238) spi_flash: detected chip: gd[0m
[0;32mI (241) spi_flash: flash io: dio[0m
[0;33mW (244) spi_flash: Detected size(8192k) larger than the size in the binary image header(2048k). Using the size in the binary image header.[0m
[0;32mI (256) sleep_gpio: Configure to isolate all GPIO pins in sleep state[0m
[0;32mI (262) sleep_gpio: Enable automatic switching of GPIO sleep configuration[0m
[0;32mI (269) main_task: Started on CPU0[0m
[0;32mI (289) main_task: Calling app_main()[0m
================IO DUMP Start================
IO[3] -
  Pullup: 0, Pulldown: 0, DriveCap: 2
  InputEn: 1, OutputEn: [periph_sig_ctrl], OpenDrain: 0
  FuncSel: 0 (IOMUX)
  SleepSelEn: 1

IO[26] -
  Pullup: 1, Pulldown: 0, DriveCap: 2
  InputEn: 1, OutputEn: [periph_sig_ctrl], OpenDrain: 0
  FuncSel: 1 (GPIO)
  GPIO Matrix SigOut ID: 256 (simple GPIO output)
  GPIO Matrix SigIn ID: (simple GPIO input)
  SleepSelEn: 1

IO[47] -
  Pullup: 0, Pulldown: 0, DriveCap: 2
  InputEn: 1, OutputEn: [periph_sig_ctrl], OpenDrain: 0
  FuncSel: 1 (GPIO)
  GPIO Matrix SigOut ID: 256 (simple GPIO output)
  GPIO Matrix SigIn ID: (simple GPIO input)
  SleepSelEn: 1

IO[48] -
  Pullup: 0, Pulldown: 0, DriveCap: 2
  InputEn: 1, OutputEn: [periph_sig_ctrl], OpenDrain: 0
  FuncSel: 1 (GPIO)
  GPIO Matrix SigOut ID: 256 (simple GPIO output)
  GPIO Matrix SigIn ID: (simple GPIO input)
  SleepSelEn: 1

=================IO DUMP End=================
[0;32mI (1499) BNO08x: Product ID 0 Info:                           [0m
                ---------------------------
                Product ID: 0x98a6b4
                SW Version Major: 0x3
                SW Version Minor: 0x2
                SW Build Number:  0x6
                SW Version Patch: 0xd
                ---------------------------

[0;32mI (1519) BNO08x: Product ID 1 Info:                           [0m
                ---------------------------
                Product ID: 0x98a6b4
                SW Version Major: 0x3
                SW Version Minor: 0x2
                SW Build Number:  0x6
                SW Version Patch: 0xd
                ---------------------------

[0;32mI (1549) BNO08x: Product ID 2 Info:                           [0m
                ---------------------------
                Product ID: 0x98a6b4
                SW Version Major: 0x3
                SW Version Minor: 0x2
                SW Build Number:  0x6
                SW Version Patch: 0xd
                ---------------------------

[0;32mI (1579) BNO08x: Product ID 3 Info:                           [0m
                ---------------------------
                Product ID: 0x98a6b4
                SW Version Major: 0x3
                SW Version Minor: 0x2
                SW Build Number:  0x6
                SW Version Patch: 0xd
                ---------------------------

[0;32mI (1609) BNO08x: Successfully initialized....[0m
PROM: C0=0x0040 C1=0xC093 C2=0xBF2C C3=0x7879 C4=0x6B22 C5=0x7EE9 C6=0x6D7F 
MS5611: P=1017.66 Pa, T=24.97 C
[0;33mW (3049) testf: Euler Angle: (x (roll): -47.56 y (pitch): -5.58 z (yaw): 5.84)[deg][0m
[0;33mW (3049) testf: Gravity: (x: 0.99 y: -7.59 z: 6.33)[m/s^2][0m
[0;33mW (3059) testf: Angular Accel: (x: 0.99 y: -7.58 z: 6.30)[m/s^2][0m
[0;33mW (3079) testf: Linear Accel: (x: 0.99 y: -7.58 z: 6.30)[m/s^2][0m
[0;33mW (3119) testf: Angular Accel: (x: 0.95 y: -7.58 z: 6.34)[m/s^2][0m
[0;33mW (3119) testf: Velocity: (x: 0.02 y: -0.00 z: 0.00)[rad/s][0m
[0;33mW (3129) testf: Euler Angle: (x (roll): -48.60 y (pitch): -5.64 z (yaw): 5.99)[deg][0m
[0;33mW (3139) testf: Gravity: (x: 0.98 y: -7.57 z: 6.34)[m/s^2][0m
[0;33mW (3179) testf: Angular Accel: (x: 0.95 y: -7.58 z: 6.34)[m/s^2][0m
[0;33mW (3179) testf: Linear Accel: (x: 0.95 y: -7.58 z: 6.34)[m/s^2][0m
[0;33mW (3219) testf: Velocity: (x: -0.00 y: -0.00 z: -0.01)[rad/s][0m
[0;33mW (3229) testf: Euler Angle: (x (roll): -48.80 y (pitch): -5.64 z (yaw): 5.98)[deg][0m
[0;33mW (3239) testf: Gravity: (x: 0.97 y: -7.58 z: 6.35)[m/s^2][0m
[0;33mW (3239) testf: Angular Accel: (x: 0.95 y: -7.58 z: 6.38)[m/s^2][0m
[0;33mW (3279) testf: Linear Accel: (x: 0.95 y: -7.58 z: 6.38)[m/s^2][0m
[0;33mW (3299) testf: Angular Accel: (x: 0.99 y: -7.58 z: 6.34)[m/s^2][0m
[0;33mW (3319) testf: Velocity: (x: -0.03 y: 0.02 z: 0.00)[rad/s][0m
[0;33mW (3329) testf: Euler Angle: (x (roll): -49.03 y (pitch): -5.61 z (yaw): 5.95)[deg][0m
[0;33mW (3339) testf: Gravity: (x: 0.96 y: -7.59 z: 6.34)[m/s^2][0m
[0;33mW (3369) testf: Angular Accel: (x: 0.99 y: -7.58 z: 6.34)[m/s^2][0m
[0;33mW (3379) testf: Linear Accel: (x: 0.99 y: -7.58 z: 6.34)[m/s^2][0m
[0;33mW (3419) testf: Velocity: (x: -0.04 y: 0.08 z: 0.05)[rad/s][0m
[0;33mW (3429) testf: Angular Accel: (x: 0.99 y: -7.58 z: 6.27)[m/s^2][0m
[0;33mW (3429) testf: Euler Angle: (x (roll): -49.54 y (pitch): -5.25 z (yaw): 5.66)[deg][0m
[0;33mW (3439) testf: Gravity: (x: 0.92 y: -7.60 z: 6.32)[m/s^2][0m
[0;33mW (3479) testf: Linear Accel: (x: 0.99 y: -7.58 z: 6.27)[m/s^2][0m
[0;33mW (3489) testf: Angular Accel: (x: 0.84 y: -7.65 z: 6.27)[m/s^2][0m
[0;33mW (3519) testf: Velocity: (x: 0.02 y: 0.01 z: -0.01)[rad/s][0m
[0;33mW (3529) testf: Euler Angle: (x (roll): -49.39 y (pitch): -5.28 z (yaw): 5.69)[deg][0m
[0;33mW (3539) testf: Gravity: (x: 0.94 y: -7.57 z: 6.34)[m/s^2][0m
[0;33mW (3549) testf: Angular Accel: (x: 0.92 y: -7.58 z: 6.34)[m/s^2][0m
[0;33mW (3579) testf: Linear Accel: (x: 0.92 y: -7.58 z: 6.34)[m/s^2][0m
[0;33mW (3619) testf: Angular Accel: (x: 0.92 y: -7.58 z: 6.30)[m/s^2][0m
[0;33mW (3619) testf: Velocity: (x: 0.05 y: 0.02 z: 0.01)[rad/s][0m
[0;33mW (3629) testf: Euler Angle: (x (roll): -49.19 y (pitch): -5.26 z (yaw): 5.70)[deg][0m
[0;33mW (3639) testf: Gravity: (x: 0.91 y: -7.55 z: 6.36)[m/s^2][0m
[0;33mW (3679) testf: Angular Accel: (x: 0.88 y: -7.58 z: 6.42)[m/s^2][0m
[0;33mW (3679) testf: Linear Accel: (x: 0.88 y: -7.58 z: 6.42)[m/s^2][0m
[0;33mW (3719) testf: Velocity: (x: 0.01 y: 0.02 z: -0.02)[rad/s][0m
[0;33mW (3729) testf: Euler Angle: (x (roll): -49.10 y (pitch): -5.26 z (yaw): 5.61)[deg][0m
[0;33mW (3739) testf: Gravity: (x: 0.91 y: -7.55 z: 6.38)[m/s^2][0m
[0;33mW (3739) testf: Angular Accel: (x: 0.92 y: -7.54 z: 6.38)[m/s^2][0m
[0;33mW (3779) testf: Linear Accel: (x: 0.92 y: -7.54 z: 6.38)[m/s^2][0m
[0;33mW (3799) testf: Angular Accel: (x: 0.92 y: -7.54 z: 6.38)[m/s^2][0m
[0;33mW (3819) testf: Velocity: (x: 0.01 y: 0.01 z: 0.00)[rad/s][0m
[0;33mW (3829) testf: Euler Angle: (x (roll): -49.14 y (pitch): -5.24 z (yaw): 5.53)[deg][0m
[0;33mW (3839) testf: Gravity: (x: 0.91 y: -7.54 z: 6.39)[m/s^2][0m
[0;33mW (3869) testf: Angular Accel: (x: 0.92 y: -7.54 z: 6.42)[m/s^2][0m
[0;33mW (3879) testf: Linear Accel: (x: 0.92 y: -7.54 z: 6.42)[m/s^2][0m
[0;33mW (3919) testf: Velocity: (x: 0.02 y: 0.00 z: 0.00)[rad/s][0m
[0;33mW (3929) testf: Angular Accel: (x: 0.92 y: -7.58 z: 6.30)[m/s^2][0m
[0;33mW (3929) testf: Euler Angle: (x (roll): -49.27 y (pitch): -5.23 z (yaw): 5.52)[deg][0m
[0;33mW (3939) testf: Gravity: (x: 0.91 y: -7.55 z: 6.39)[m/s^2][0m
[0;33mW (3979) testf: Linear Accel: (x: 0.92 y: -7.58 z: 6.30)[m/s^2][0m
[0;33mW (3989) testf: Angular Accel: (x: 0.92 y: -7.54 z: 6.42)[m/s^2][0m
[0;33mW (4019) testf: Velocity: (x: 0.02 y: 0.03 z: 0.01)[rad/s][0m
[0;33mW (4029) testf: Euler Angle: (x (roll): -49.30 y (pitch): -5.14 z (yaw): 5.49)[deg][0m
MS5611: P=1017.63 Pa, T=24.96 C
[0;33mW (4119) testf: Angular Accel: (x: 0.88 y: -7.54 z: 6.38)[m/s^2][0m
[0;33mW (4119) testf: Velocity: (x: 0.03 y: 0.01 z: 0.01)[rad/s][0m
[0;33mW (4129) testf: Euler Angle: (x (roll): -49.22 y (pitch): -5.04 z (yaw): 5.47)[deg][0m
[0;33mW (4139) testf: Gravity: (x: 0.88 y: -7.53 z: 6.40)[m/s^2][0m
[0;33mW (4179) testf: Linear Accel: (x: 0.88 y: -7.54 z: 6.38)[m/s^2][0m
[0;33mW (4179) testf: Angular Accel: (x: 0.88 y: -7.54 z: 6.46)[m/s^2][0m
[0;33mW (4219) testf: Velocity: (x: 0.04 y: -0.00 z: -0.00)[rad/s][0m
[0;33mW (4229) testf: Euler Angle: (x (roll): -49.17 y (pitch): -5.01 z (yaw): 5.46)[deg][0m
[0;33mW (4239) testf: Gravity: (x: 0.88 y: -7.53 z: 6.41)[m/s^2][0m
[0;33mW (4239) testf: Angular Accel: (x: 0.88 y: -7.54 z: 6.38)[m/s^2][0m
[0;33mW (4279) testf: Linear Accel: (x: 0.88 y: -7.54 z: 6.38)[m/s^2][0m
[0;33mW (4309) testf: Angular Accel: (x: 0.84 y: -7.54 z: 6.46)[m/s^2][0m
[0;33mW (4319) testf: Velocity: (x: 0.00 y: 0.00 z: 0.00)[rad/s][0m
[0;33mW (4329) testf: Euler Angle: (x (roll): -49.15 y (pitch): -4.99 z (yaw): 5.45)[deg][0m
[0;33mW (4339) testf: Gravity: (x: 0.88 y: -7.52 z: 6.42)[m/s^2][0m
[0;33mW (4369) testf: Angular Accel: (x: 0.88 y: -7.54 z: 6.42)[m/s^2][0m
[0;33mW (4379) testf: Linear Accel: (x: 0.88 y: -7.54 z: 6.42)[m/s^2][0m
[0;33mW (4419) testf: Velocity: (x: -0.03 y: -0.00 z: 0.00)[rad/s][0m
[0;33mW (4429) testf: Euler Angle: (x (roll): -49.24 y (pitch): -5.02 z (yaw): 5.46)[deg][0m
[0;33mW (4429) testf: Angular Accel: (x: 0.88 y: -7.50 z: 6.46)[m/s^2][0m
[0;33mW (4439) testf: Gravity: (x: 0.87 y: -7.54 z: 6.41)[m/s^2][0m
[0;33mW (4479) testf: Linear Accel: (x: 0.88 y: -7.50 z: 6.46)[m/s^2][0m
[0;33mW (4489) testf: Angular Accel: (x: 0.84 y: -7.54 z: 6.42)[m/s^2][0m
[0;33mW (4519) testf: Velocity: (x: -0.02 y: -0.01 z: 0.01)[rad/s][0m
[0;33mW (4529) testf: Euler Angle: (x (roll): -49.41 y (pitch): -5.05 z (yaw): 5.52)[deg][0m
[0;33mW (4539) testf: Gravity: (x: 0.88 y: -7.54 z: 6.41)[m/s^2][0m
[0;33mW (4559) testf: Angular Accel: (x: 0.88 y: -7.54 z: 6.38)[m/s^2][0m
[0;33mW (4579) testf: Linear Accel: (x: 0.88 y: -7.54 z: 6.38)[m/s^2][0m
[0;33mW (4619) testf: Angular Accel: (x: 0.88 y: -7.54 z: 6.38)[m/s^2][0m
[0;33mW (4619) testf: Velocity: (x: 0.01 y: -0.01 z: 0.00)[rad/s][0m
[0;33mW (4629) testf: Euler Angle: (x (roll): -49.45 y (pitch): -5.06 z (yaw): 5.55)[deg][0m
[0;33mW (4639) testf: Gravity: (x: 0.88 y: -7.54 z: 6.41)[m/s^2][0m
[0;33mW (4679) testf: Linear Accel: (x: 0.88 y: -7.54 z: 6.38)[m/s^2][0m
[0;33mW (4679) testf: Angular Accel: (x: 0.88 y: -7.54 z: 6.38)[m/s^2][0m
[0;33mW (4719) testf: Velocity: (x: 0.01 y: -0.00 z: 0.01)[rad/s][0m
[0;33mW (4729) testf: Euler Angle: (x (roll): -49.40 y (pitch): -5.07 z (yaw): 5.58)[deg][0m
[0;33mW (4739) testf: Gravity: (x: 0.88 y: -7.53 z: 6.41)[m/s^2][0m
[0;33mW (4739) testf: Angular Accel: (x: 0.88 y: -7.54 z: 6.42)[m/s^2][0m
[0;33mW (4779) testf: Linear Accel: (x: 0.88 y: -7.54 z: 6.42)[m/s^2][0m
[0;33mW (4809) testf: Angular Accel: (x: 0.88 y: -7.54 z: 6.42)[m/s^2][0m
[0;33mW (4819) testf: Velocity: (x: 0.01 y: -0.00 z: 0.00)[rad/s][0m
[0;33mW (4829) testf: Euler Angle: (x (roll): -49.40 y (pitch): -5.09 z (yaw): 5.62)[deg][0m
[0;33mW (4839) testf: Gravity: (x: 0.88 y: -7.53 z: 6.41)[m/s^2][0m
[0;33mW (4869) testf: Angular Accel: (x: 0.88 y: -7.54 z: 6.42)[m/s^2][0m
[0;33mW (4879) testf: Linear Accel: (x: 0.88 y: -7.54 z: 6.42)[m/s^2][0m
[0;33mW (4919) testf: Velocity: (x: 0.03 y: -0.00 z: -0.00)[rad/s][0m
[0;33mW (4929) testf: Euler Angle: (x (roll): -49.33 y (pitch): -5.09 z (yaw): 5.64)[deg][0m
[0;33mW (4929) testf: Angular Accel: (x: 0.88 y: -7.54 z: 6.42)[m/s^2][0m
[0;33mW (4939) testf: Gravity: (x: 0.88 y: -7.52 z: 6.43)[m/s^2][0m
[0;33mW (4979) testf: Linear Accel: (x: 0.88 y: -7.54 z: 6.42)[m/s^2][0m
[0;33mW (4989) testf: Angular Accel: (x: 0.88 y: -7.54 z: 6.46)[m/s^2][0m
[0;33mW (5019) testf: Velocity: (x: -0.00 y: -0.01 z: 0.00)[rad/s][0m
[0;33mW (5029) testf: Euler Angle: (x (roll): -49.36 y (pitch): -5.10 z (yaw): 5.66)[deg][0m
[0;33mW (5039) testf: Gravity: (x: 0.88 y: -7.53 z: 6.43)[m/s^2][0m
MS5611: P=1017.63 Pa, T=24.95 C
[0;33mW (5119) testf: Velocity: (x: 0.00 y: -0.01 z: 0.00)[rad/s][0m
[0;33mW (5119) testf: Angular Accel: (x: 0.88 y: -7.54 z: 6.38)[m/s^2][0m
[0;33mW (5129) testf: Euler Angle: (x (roll): -49.48 y (pitch): -5.12 z (yaw): 5.69)[deg][0m
[0;33mW (5139) testf: Gravity: (x: 0.88 y: -7.54 z: 6.42)[m/s^2][0m
[0;33mW (5179) testf: Linear Accel: (x: 0.88 y: -7.54 z: 6.38)[m/s^2][0m
[0;33mW (5179) testf: Angular Accel: (x: 0.88 y: -7.54 z: 6.42)[m/s^2][0m
[0;33mW (5219) testf: Velocity: (x: -0.02 y: 0.00 z: -0.01)[rad/s][0m
[0;33mW (5229) testf: Euler Angle: (x (roll): -49.53 y (pitch): -5.13 z (yaw): 5.68)[deg][0m
[0;33mW (5239) testf: Gravity: (x: 0.88 y: -7.54 z: 6.41)[m/s^2][0m
[0;33mW (5249) testf: Angular Accel: (x: 0.88 y: -7.54 z: 6.42)[m/s^2][0m
[0;33mW (5279) testf: Linear Accel: (x: 0.88 y: -7.54 z: 6.42)[m/s^2][0m
[0;33mW (5309) testf: Angular Accel: (x: 0.92 y: -7.54 z: 6.38)[m/s^2][0m
[0;33mW (5319) testf: Velocity: (x: -0.01 y: 0.00 z: -0.00)[rad/s][0m
[0;33mW (5329) testf: Euler Angle: (x (roll): -49.55 y (pitch): -5.13 z (yaw): 5.68)[deg][0m
[0;33mW (5339) testf: Gravity: (x: 0.89 y: -7.54 z: 6.41)[m/s^2][0m
[0;33mW (5369) testf: Angular Accel: (x: 0.92 y: -7.54 z: 6.42)[m/s^2][0m
[0;33mW (5379) testf: Linear Accel: (x: 0.92 y: -7.54 z: 6.42)[m/s^2][0m
[0;33mW (5419) testf: Velocity: (x: -0.02 y: -0.00 z: -0.00)[rad/s][0m
[0;33mW (5429) testf: Euler Angle: (x (roll): -49.61 y (pitch): -5.16 z (yaw): 5.70)[deg][0m
[0;33mW (5429) testf: Angular Accel: (x: 0.92 y: -7.54 z: 6.42)[m/s^2][0m
