Command: d:\Espressif\python_env\idf5.5_py3.11_env\Scripts\python.exe D:\esp\v5.5.3\esp-idf\tools/idf_monitor.py -p COM3 -b 115200 --toolchain-prefix xtensa-esp32s3-elf- --target esp32s3 --revision 0 D:\testf\build\testf.elf D:\testf\build\bootloader\bootloader.elf --force-color -m 'd:\Espressif\python_env\idf5.5_py3.11_env\Scripts\python.exe' 'D:\esp\v5.5.3\esp-idf\tools\idf.py'
������revision�ESP-ROM:esp32s3-20210327
Build:Mar 27 2021
rst:0x1 (POWERON),boot:0x8 (SPI_FAST_FLASH_BOOT)
SPIWP:0xee
mode:DIO, clock div:1
load:0x3fce2820,len:0x14f0
load:0x403c8700,len:0xd24
load:0x403cb700,len:0x2ef0
entry 0x403c8924
[0;32mI (24) boot: ESP-IDF HEAD-HASH-NOTFOUND 2nd stage bootloader[0m
[0;32mI (25) boot: compile time Mar 10 2026 10:24:35[0m
[0;32mI (25) boot: Multicore bootloader[0m
[0;32mI (26) boot: chip revision: v0.2[0m
[0;32mI (29) boot: efuse block revision: v1.3[0m
[0;32mI (32) boot.esp32s3: Boot SPI Speed : 80MHz[0m
[0;32mI (36) boot.esp32s3: SPI Mode       : DIO[0m
[0;32mI (40) boot.esp32s3: SPI Flash Size : 2MB[0m
[0;32mI (44) boot: Enabling RNG early entropy source...[0m
[0;32mI (48) boot: Partition Table:[0m
[0;32mI (51) boot: ## Label            Usage          Type ST Offset   Length[0m
[0;32mI (57) boot:  0 nvs              WiFi data        01 02 00009000 00006000[0m
[0;32mI (64) boot:  1 phy_init         RF data          01 01 0000f000 00001000[0m
[0;32mI (70) boot:  2 factory          factory app      00 00 00010000 00100000[0m
[0;32mI (77) boot: End of partition table[0m
[0;32mI (80) esp_image: segment 0: paddr=00010020 vaddr=3c020020 size=0d30ch ( 54028) map[0m
[0;32mI (97) esp_image: segment 1: paddr=0001d334 vaddr=3fc95d00 size=02ce4h ( 11492) load[0m
[0;32mI (100) esp_image: segment 2: paddr=00020020 vaddr=42000020 size=1d758h (120664) map[0m
[0;32mI (123) esp_image: segment 3: paddr=0003d780 vaddr=3fc989e4 size=005c8h (  1480) load[0m
[0;32mI (124) esp_image: segment 4: paddr=0003dd50 vaddr=40374000 size=11cb8h ( 72888) load[0m
[0;32mI (143) esp_image: segment 5: paddr=0004fa10 vaddr=50000000 size=00020h (    32) load[0m
[0;32mI (150) boot: Loaded app from partition at offset 0x10000[0m
[0;32mI (151) boot: Disabling RNG early entropy source...[0m
[0;32mI (161) cpu_start: Multicore app[0m
[0;32mI (169) cpu_start: GPIO 44 and 43 are used as console UART I/O pins[0m
[0;32mI (170) cpu_start: Pro cpu start user code[0m
[0;32mI (170) cpu_start: cpu freq: 160000000 Hz[0m
[0;32mI (172) app_init: Application information:[0m
[0;32mI (176) app_init: Project name:     testf[0m
[0;32mI (179) app_init: App version:      1[0m
[0;32mI (183) app_init: Compile time:     Mar 10 2026 13:28:07[0m
[0;32mI (188) app_init: ELF file SHA256:  b0c70e050...[0m
[0;32mI (192) app_init: ESP-IDF:          HEAD-HASH-NOTFOUND[0m
[0;32mI (197) efuse_init: Min chip rev:     v0.0[0m
[0;32mI (201) efuse_init: Max chip rev:     v0.99 [0m
[0;32mI (205) efuse_init: Chip rev:         v0.2[0m
[0;32mI (209) heap_init: Initializing. RAM available for dynamic allocation:[0m
[0;32mI (215) heap_init: At 3FC9AF28 len 0004E7E8 (313 KiB): RAM[0m
[0;32mI (220) heap_init: At 3FCE9710 len 00005724 (21 KiB): RAM[0m
[0;32mI (225) heap_init: At 3FCF0000 len 00008000 (32 KiB): DRAM[0m
[0;32mI (230) heap_init: At 600FE000 len 00001FE8 (7 KiB): RTCRAM[0m
[0;32mI (237) spi_flash: detected chip: gd[0m
[0;32mI (239) spi_flash: flash io: dio[0m
[0;33mW (242) spi_flash: Detected size(8192k) larger than the size in the binary image header(2048k). Using the size in the binary image header.[0m
[0;32mI (254) sleep_gpio: Configure to isolate all GPIO pins in sleep state[0m
[0;32mI (260) sleep_gpio: Enable automatic switching of GPIO sleep configuration[0m
[0;32mI (267) main_task: Started on CPU0[0m
[0;32mI (287) main_task: Calling app_main()[0m
ESP-ROM:esp32s3-20210327
Build:Mar 27 2021
rst:0x8 (TG1WDT_SYS_RST),boot:0x8 (SPI_FAST_FLASH_BOOT)
Saved PC:0x40385a90
SPIWP:0xee
mode:DIO, clock div:1
load:0x3fce2820,len:0x14f0
load:0x403c8700,len:0xd24
load:0x403cb700,len:0x2ef0
entry 0x403c8924
[0;32mI (29) boot: ESP-IDF HEAD-HASH-NOTFOUND 2nd stage bootloader[0m
[0;32mI (29) boot: compile time Mar 10 2026 10:24:35[0m
[0;32mI (29) boot: Multicore bootloader[0m
[0;32mI (30) boot: chip revision: v0.2[0m
[0;32mI (33) boot: efuse block revision: v1.3[0m
[0;32mI (37) boot.esp32s3: Boot SPI Speed : 80MHz[0m
[0;32mI (41) boot.esp32s3: SPI Mode       : DIO[0m
[0;32mI (44) boot.esp32s3: SPI Flash Size : 2MB[0m
[0;33mW (48) boot.esp32s3: PRO CPU has been reset by WDT.[0m
[0;33mW (53) boot.esp32s3: APP CPU has been reset by WDT.[0m
[0;32mI (57) boot: Enabling RNG early entropy source...[0m
[0;32mI (62) boot: Partition Table:[0m
[0;32mI (64) boot: ## Label            Usage          Type ST Offset   Length[0m
[0;32mI (71) boot:  0 nvs              WiFi data        01 02 00009000 00006000[0m
[0;32mI (77) boot:  1 phy_init         RF data          01 01 0000f000 00001000[0m
[0;32mI (84) boot:  2 factory          factory app      00 00 00010000 00100000[0m
[0;32mI (90) boot: End of partition table[0m
[0;32mI (94) esp_image: segment 0: paddr=00010020 vaddr=3c020020 size=0d30ch ( 54028) map[0m
[0;32mI (111) esp_image: segment 1: paddr=0001d334 vaddr=3fc95d00 size=02ce4h ( 11492) load[0m
[0;32mI (113) esp_image: segment 2: paddr=00020020 vaddr=42000020 size=1d758h (120664) map[0m
[0;32mI (137) esp_image: segment 3: paddr=0003d780 vaddr=3fc989e4 size=005c8h (  1480) load[0m
[0;32mI (138) esp_image: segment 4: paddr=0003dd50 vaddr=40374000 size=11cb8h ( 72888) load[0m
[0;32mI (157) esp_image: segment 5: paddr=0004fa10 vaddr=50000000 size=00020h (    32) load[0m
[0;32mI (164) boot: Loaded app from partition at offset 0x10000[0m
[0;32mI (164) boot: Disabling RNG early entropy source...[0m
[0;32mI (175) cpu_start: Multicore app[0m
[0;32mI (183) cpu_start: GPIO 44 and 43 are used as console UART I/O pins[0m
[0;32mI (184) cpu_start: Pro cpu start user code[0m
[0;32mI (184) cpu_start: cpu freq: 160000000 Hz[0m
[0;32mI (185) app_init: Application information:[0m
[0;32mI (189) app_init: Project name:     testf[0m
[0;32mI (193) app_init: App version:      1[0m
[0;32mI (196) app_init: Compile time:     Mar 10 2026 13:28:07[0m
[0;32mI (201) app_init: ELF file SHA256:  b0c70e050...[0m
[0;32mI (206) app_init: ESP-IDF:          HEAD-HASH-NOTFOUND[0m
[0;32mI (211) efuse_init: Min chip rev:     v0.0[0m
[0;32mI (214) efuse_init: Max chip rev:     v0.99 [0m
[0;32mI (218) efuse_init: Chip rev:         v0.2[0m
[0;32mI (222) heap_init: Initializing. RAM available for dynamic allocation:[0m
[0;32mI (229) heap_init: At 3FC9AF28 len 0004E7E8 (313 KiB): RAM[0m
[0;32mI (234) heap_init: At 3FCE9710 len 00005724 (21 KiB): RAM[0m
[0;32mI (239) heap_init: At 3FCF0000 len 00008000 (32 KiB): DRAM[0m
[0;32mI (244) heap_init: At 600FE000 len 00001FE8 (7 KiB): RTCRAM[0m
[0;32mI (250) spi_flash: detected chip: gd[0m
[0;32mI (253) spi_flash: flash io: dio[0m
[0;33mW (256) spi_flash: Detected size(8192k) larger than the size in the binary image header(2048k). Using the size in the binary image header.[0m
[0;32mI (268) sleep_gpio: Configure to isolate all GPIO pins in sleep state[0m
[0;32mI (274) sleep_gpio: Enable automatic switching of GPIO sleep configuration[0m
[0;32mI (281) main_task: Started on CPU0[0m
[0;32mI (301) main_task: Calling app_main()[0m
ESP-ROM:esp32s3-20210327
Build:Mar 27 2021
rst:0x8 (TG1WDT_SYS_RST),boot:0x8 (SPI_FAST_FLASH_BOOT)
Saved PC:0x40385b51
SPIWP:0xee
mode:DIO, clock div:1
load:0x3fce2820,len:0x14f0
load:0x403c8700,len:0xd24
load:0x403cb700,len:0x2ef0
entry 0x403c8924
[0;32mI (29) boot: ESP-IDF HEAD-HASH-NOTFOUND 2nd stage bootloader[0m
[0;32mI (29) boot: compile time Mar 10 2026 10:24:35[0m
[0;32mI (29) boot: Multicore bootloader[0m
[0;32mI (30) boot: chip revision: v0.2[0m
[0;32mI (33) boot: efuse block revision: v1.3[0m
[0;32mI (37) boot.esp32s3: Boot SPI Speed : 80MHz[0m
[0;32mI (41) boot.esp32s3: SPI Mode       : DIO[0m
[0;32mI (44) boot.esp32s3: SPI Flash Size : 2MB[0m
[0;33mW (48) boot.esp32s3: PRO CPU has been reset by WDT.[0m
[0;33mW (53) boot.esp32s3: APP CPU has been reset by WDT.[0m
[0;32mI (57) boot: Enabling RNG early entropy source...[0m
[0;32mI (62) boot: Partition Table:[0m
[0;32mI (64) boot: ## Label            Usage          Type ST Offset   Length[0m
[0;32mI (71) boot:  0 nvs              WiFi data        01 02 00009000 00006000[0m
[0;32mI (77) boot:  1 phy_init         RF data          01 01 0000f000 00001000[0m
[0;32mI (84) boot:  2 factory          factory app      00 00 00010000 00100000[0m
[0;32mI (90) boot: End of partition table[0m
[0;32mI (94) esp_image: segment 0: paddr=00010020 vaddr=3c020020 size=0d30ch ( 54028) map[0m
[0;32mI (111) esp_image: segment 1: paddr=0001d334 vaddr=3fc95d00 size=02ce4h ( 11492) load[0m
[0;32mI (113) esp_image: segment 2: paddr=00020020 vaddr=42000020 size=1d758h (120664) map[0m
[0;32mI (137) esp_image: segment 3: paddr=0003d780 vaddr=3fc989e4 size=005c8h (  1480) load[0m
[0;32mI (138) esp_image: segment 4: paddr=0003dd50 vaddr=40374000 size=11cb8h ( 72888) load[0m
[0;32mI (157) esp_image: segment 5: paddr=0004fa10 vaddr=50000000 size=00020h (    32) load[0m
[0;32mI (164) boot: Loaded app from partition at offset 0x10000[0m
[0;32mI (164) boot: Disabling RNG early entropy source...[0m
[0;32mI (175) cpu_start: Multicore app[0m
[0;32mI (183) cpu_start: GPIO 44 and 43 are used as console UART I/O pins[0m
[0;32mI (184) cpu_start: Pro cpu start user code[0m
[0;32mI (184) cpu_start: cpu freq: 160000000 Hz[0m
[0;32mI (185) app_init: Application information:[0m
[0;32mI (189) app_init: Project name:     testf[0m
[0;32mI (193) app_init: App version:      1[0m
[0;32mI (196) app_init: Compile time:     Mar 10 2026 13:28:07[0m
[0;32mI (201) app_init: ELF file SHA256:  b0c70e050...[0m
[0;32mI (206) app_init: ESP-IDF:          HEAD-HASH-NOTFOUND[0m
[0;32mI (211) efuse_init: Min chip rev:     v0.0[0m
[0;32mI (214) efuse_init: Max chip rev:     v0.99 [0m
[0;32mI (218) efuse_init: Chip rev:         v0.2[0m
[0;32mI (222) heap_init: Initializing. RAM available for dynamic allocation:[0m
[0;32mI (229) heap_init: At 3FC9AF28 len 0004E7E8 (313 KiB): RAM[0m
[0;32mI (234) heap_init: At 3FCE9710 len 00005724 (21 KiB): RAM[0m
[0;32mI (239) heap_init: At 3FCF0000 len 00008000 (32 KiB): DRAM[0m
[0;32mI (244) heap_init: At 600FE000 len 00001FE8 (7 KiB): RTCRAM[0m
[0;32mI (250) spi_flash: detected chip: gd[0m
[0;32mI (253) spi_flash: flash io: dio[0m
[0;33mW (256) spi_flash: Detected size(8192k) larger than the size in the binary image header(2048k). Using the size in the binary image header.[0m
[0;32mI (268) sleep_gpio: Configure to isolate all GPIO pins in sleep state[0m
[0;32mI (274) sleep_gpio: Enable automatic switching of GPIO sleep configuration[0m
[0;32mI (281) main_task: Started on CPU0[0m
[0;32mI (301) main_task: Calling app_main()[0m
ESP-ROM:esp32s3-20210327
Build:Mar 27 2021
rst:0x8 (TG1WDT_SYS_RST),boot:0x8 (SPI_FAST_FLASH_BOOT)
Saved PC:0x40376c76
SPIWP:0xee
mode:DIO, clock div:1
load:0x3fce2820,len:0x14f0
load:0x403c8700,len:0xd24
load:0x403cb700,len:0x2ef0
entry 0x403c8924
[0;32mI (29) boot: ESP-IDF HEAD-HASH-NOTFOUND 2nd stage bootloader[0m
[0;32mI (29) boot: compile time Mar 10 2026 10:24:35[0m
[0;32mI (29) boot: Multicore bootloader[0m
[0;32mI (30) boot: chip revision: v0.2[0m
[0;32mI (33) boot: efuse block revision: v1.3[0m
[0;32mI (37) boot.esp32s3: Boot SPI Speed : 80MHz[0m
[0;32mI (41) boot.esp32s3: SPI Mode       : DIO[0m
[0;32mI (44) boot.esp32s3: SPI Flash Size : 2MB[0m
[0;33mW (48) boot.esp32s3: PRO CPU has been reset by WDT.[0m
[0;33mW (53) boot.esp32s3: APP CPU has been reset by WDT.[0m
[0;32mI (57) boot: Enabling RNG early entropy source...[0m
[0;32mI (62) boot: Partition Table:[0m
[0;32mI (64) boot: ## Label            Usage          Type ST Offset   Length[0m
[0;32mI (71) boot:  0 nvs              WiFi data        01 02 00009000 00006000[0m
[0;32mI (77) boot:  1 phy_init         RF data          01 01 0000f000 00001000[0m
[0;32mI (84) boot:  2 factory          factory app      00 00 00010000 00100000[0m
[0;32mI (90) boot: End of partition table[0m
[0;32mI (94) esp_image: segment 0: paddr=00010020 vaddr=3c020020 size=0d30ch ( 54028) map[0m
[0;32mI (111) esp_image: segment 1: paddr=0001d334 vaddr=3fc95d00 size=02ce4h ( 11492) load[0m
[0;32mI (113) esp_image: segment 2: paddr=00020020 vaddr=42000020 size=1d758h (120664) map[0m
[0;32mI (137) esp_image: segment 3: paddr=0003d780 vaddr=3fc989e4 size=005c8h (  1480) load[0m
[0;32mI (138) esp_image: segment 4: paddr=0003dd50 vaddr=40374000 size=11cb8h ( 72888) load[0m
[0;32mI (157) esp_image: segment 5: paddr=0004fa10 vaddr=50000000 size=00020h (    32) load[0m
[0;32mI (164) boot: Loaded app from partition at offset 0x10000[0m
[0;32mI (164) boot: Disabling RNG early entropy source...[0m
[0;32mI (175) cpu_start: Multicore app[0m
[0;32mI (183) cpu_start: GPIO 44 and 43 are used as console UART I/O pins[0m
[0;32mI (184) cpu_start: Pro cpu start user code[0m
[0;32mI (184) cpu_start: cpu freq: 160000000 Hz[0m
[0;32mI (185) app_init: Application information:[0m
[0;32mI (189) app_init: Project name:     testf[0m
[0;32mI (193) app_init: App version:      1[0m
[0;32mI (196) app_init: Compile time:     Mar 10 2026 13:28:07[0m
[0;32mI (201) app_init: ELF file SHA256:  b0c70e050...[0m
[0;32mI (206) app_init: ESP-IDF:          HEAD-HASH-NOTFOUND[0m
[0;32mI (211) efuse_init: Min chip rev:     v0.0[0m
[0;32mI (214) efuse_init: Max chip rev:     v0.99 [0m
[0;32mI (218) efuse_init: Chip rev:         v0.2[0m
[0;32mI (222) heap_init: Initializing. RAM available for dynamic allocation:[0m
[0;32mI (229) heap_init: At 3FC9AF28 len 0004E7E8 (313 KiB): RAM[0m
[0;32mI (234) heap_init: At 3FCE9710 len 00005724 (21 KiB): RAM[0m
[0;32mI (239) heap_init: At 3FCF0000 len 00008000 (32 KiB): DRAM[0m
[0;32mI (244) heap_init: At 600FE000 len 00001FE8 (7 KiB): RTCRAM[0m
[0;32mI (250) spi_flash: detected chip: gd[0m
[0;32mI (253) spi_flash: flash io: dio[0m
[0;33mW (256) spi_flash: Detected size(8192k) larger than the size in the binary image header(2048k). Using the size in the binary image header.[0m
[0;32mI (268) sleep_gpio: Configure to isolate all GPIO pins in sleep state[0m
[0;32mI (274) sleep_gpio: Enable automatic switching of GPIO sleep configuration[0m
[0;32mI (281) main_task: Started on CPU0[0m
[0;32mI (301) main_task: Calling app_main()[0m
